{
  "output": "benchmarks/pro_30fps_20260921/normconv-r01",
  "runs": [
    {
      "repeat": 0,
      "generation_s": 7.5406363951042295,
      "useful_fps": 33.15370041742271,
      "first_window_latency_s": 0.8988495899830014,
      "chunk_times_s": [
        0.8988495899830014,
        0.8141442129854113,
        0.8153257010271773,
        0.8191990219056606,
        0.817226447048597,
        0.8188989639747888,
        0.8158185400534421,
        0.8212658379925415,
        0.8295909980079159
      ],
      "chunk_distribution_s": {
        "count": 9,
        "min": 0.8141442129854113,
        "p50": 0.8188989639747888,
        "p95": 0.8711461531929672,
        "p99": 0.8933089026249945,
        "max": 0.8988495899830014
      },
      "stage_seconds": {
        "audio": 0.0740443515777588,
        "dit": 2.0209438705444334,
        "vae_decode": 4.531727111816406,
        "motion_encode": 0.690492416381836
      },
      "peak_allocated_mib": 6472.49072265625,
      "peak_reserved_mib": 7538.0,
      "resource_summary": {
        "sample_count": 14,
        "gpu_utilization_percent": {
          "mean": 97.78571428571429,
          "min": 87.0,
          "max": 100.0
        },
        "gpu_vram_used_mib": {
          "mean": 8253.0,
          "min": 8253.0,
          "max": 8253.0
        },
        "system_cpu_percent": {
          "mean": 6.614285714285715,
          "min": 0.0,
          "max": 10.0
        },
        "process_cpu_percent": {
          "mean": 311.75,
          "min": 98.3,
          "max": 3015.2
        },
        "system_ram_used_mib": {
          "mean": 22038.595703125,
          "min": 21931.484375,
          "max": 22096.15234375
        },
        "system_ram_percent": {
          "mean": 71.20714285714284,
          "min": 70.9,
          "max": 71.4
        },
        "process_rss_mib": {
          "mean": 5130.911830357143,
          "min": 5068.51171875,
          "max": 5148.90234375
        },
        "torch_allocated_mib": {
          "mean": 5655.150425502232,
          "min": 5559.94140625,
          "max": 5683.69287109375
        },
        "torch_reserved_mib": {
          "mean": 7538.0,
          "min": 7538.0,
          "max": 7538.0
        }
      }
    }
  ]
}
