{
  "output": "benchmarks/pro_30fps_20260920/smoke-stacked-a",
  "runs": [
    {
      "repeat": 0,
      "generation_s": 16.907154879067093,
      "useful_fps": 14.786639253510792,
      "first_window_latency_s": 1.8370960779720917,
      "chunk_times_s": [
        1.8370960779720917,
        1.881623973022215,
        1.8875219229375944,
        1.8746066899038851,
        1.8297799280844629,
        1.8726867790101096,
        1.8328051399439573,
        1.8834922730457038,
        1.8911920679965988
      ],
      "chunk_distribution_s": {
        "count": 9,
        "min": 1.8297799280844629,
        "p50": 1.8746066899038851,
        "p95": 1.889724009972997,
        "p99": 1.8908984563918785,
        "max": 1.8911920679965988
      },
      "stage_seconds": {
        "audio": 0.07163686370849609,
        "dit": 3.8312001037597656,
        "vae_decode": 11.585557983398436,
        "motion_encode": 1.0831524200439453
      },
      "peak_allocated_mib": 4886.84033203125,
      "peak_reserved_mib": 8298.0,
      "resource_summary": {
        "sample_count": 26,
        "gpu_utilization_percent": {
          "mean": 98.23076923076923,
          "min": 83.0,
          "max": 100.0
        },
        "gpu_vram_used_mib": {
          "mean": 10879.538461538461,
          "min": 9476.0,
          "max": 11874.0
        },
        "system_cpu_percent": {
          "mean": 5.31923076923077,
          "min": 0.0,
          "max": 13.3
        },
        "process_cpu_percent": {
          "mean": 98.46153846153847,
          "min": 0.0,
          "max": 109.3
        },
        "system_ram_used_mib": {
          "mean": 24052.63566706731,
          "min": 23156.60546875,
          "max": 24800.2265625
        },
        "system_ram_percent": {
          "mean": 77.71153846153845,
          "min": 74.8,
          "max": 80.1
        },
        "process_rss_mib": {
          "mean": 5039.454627403846,
          "min": 4908.58203125,
          "max": 5088.8671875
        },
        "torch_allocated_mib": {
          "mean": 3984.60791015625,
          "min": 3069.7626953125,
          "max": 4869.96533203125
        },
        "torch_reserved_mib": {
          "mean": 6246.153846153846,
          "min": 5036.0,
          "max": 8178.0
        }
      }
    }
  ]
}
