{
  "output": "benchmarks/pro_30fps_20260921/latency-448",
  "runs": [
    {
      "repeat": 0,
      "generation_s": 7.722912924014963,
      "useful_fps": 32.371205328834755,
      "first_window_latency_s": 0.9236167380586267,
      "chunk_times_s": [
        0.9236167380586267,
        0.8383624639827758,
        0.8372149870265275,
        0.841004497022368,
        0.8385378430830315,
        0.8402442180085927,
        0.8405059379292652,
        0.8407500670291483,
        0.840875527006574
      ],
      "chunk_distribution_s": {
        "count": 9,
        "min": 0.8372149870265275,
        "p50": 0.8405059379292652,
        "p95": 0.8905718416441232,
        "p99": 0.9170077587757259,
        "max": 0.9236167380586267
      },
      "stage_seconds": {
        "audio": 0.07532847881317138,
        "dit": 2.182456985473633,
        "vae_decode": 4.543104736328125,
        "motion_encode": 0.6943887939453125
      },
      "peak_allocated_mib": 7023.71826171875,
      "peak_reserved_mib": 8098.0,
      "resource_summary": {
        "sample_count": 15,
        "gpu_utilization_percent": {
          "mean": 98.66666666666667,
          "min": 91.0,
          "max": 100.0
        },
        "gpu_vram_used_mib": {
          "mean": 8807.0,
          "min": 8807.0,
          "max": 8807.0
        },
        "system_cpu_percent": {
          "mean": 6.359999999999999,
          "min": 0.0,
          "max": 10.4
        },
        "process_cpu_percent": {
          "mean": 96.88666666666667,
          "min": 0.0,
          "max": 108.5
        },
        "system_ram_used_mib": {
          "mean": 21601.366927083334,
          "min": 21552.49609375,
          "max": 21668.11328125
        },
        "system_ram_percent": {
          "mean": 69.78666666666665,
          "min": 69.6,
          "max": 70.0
        },
        "process_rss_mib": {
          "mean": 5079.8390625,
          "min": 5047.6953125,
          "max": 5126.8671875
        },
        "torch_allocated_mib": {
          "mean": 6191.239713541667,
          "min": 6110.3017578125,
          "max": 6358.484375
        },
        "torch_reserved_mib": {
          "mean": 8098.0,
          "min": 8098.0,
          "max": 8098.0
        }
      }
    }
  ]
}
