{
  "output": "benchmarks/pro_30fps_20260921/p3b-1step",
  "runs": [
    {
      "repeat": 0,
      "generation_s": 11.557437782059424,
      "useful_fps": 21.631092004498978,
      "first_window_latency_s": 1.2715675900690258,
      "chunk_times_s": [
        1.2715675900690258,
        1.2762864930555224,
        1.2702533960109577,
        1.2593388460809365,
        1.2770588620333,
        1.2767904020147398,
        1.2761836029822007,
        1.2647219790378585,
        1.2687754050130025
      ],
      "chunk_distribution_s": {
        "count": 9,
        "min": 1.2593388460809365,
        "p50": 1.2715675900690258,
        "p95": 1.276951478025876,
        "p99": 1.2770373852318153,
        "max": 1.2770588620333
      },
      "stage_seconds": {
        "audio": 0.07195164728164671,
        "dit": 1.7683056182861328,
        "vae_decode": 7.988635070800781,
        "motion_encode": 1.4124067687988284
      },
      "peak_allocated_mib": 6050.716796875,
      "peak_reserved_mib": 11156.0,
      "resource_summary": {
        "sample_count": 18,
        "gpu_utilization_percent": {
          "mean": 98.22222222222223,
          "min": 83.0,
          "max": 100.0
        },
        "gpu_vram_used_mib": {
          "mean": 8793.0,
          "min": 8629.0,
          "max": 9039.0
        },
        "system_cpu_percent": {
          "mean": 4.688888888888888,
          "min": 0.0,
          "max": 6.8
        },
        "process_cpu_percent": {
          "mean": 98.0777777777778,
          "min": 0.0,
          "max": 109.6
        },
        "system_ram_used_mib": {
          "mean": 22746.94943576389,
          "min": 22659.234375,
          "max": 22773.53125
        },
        "system_ram_percent": {
          "mean": 73.49444444444444,
          "min": 73.2,
          "max": 73.6
        },
        "process_rss_mib": {
          "mean": 5052.407552083333,
          "min": 4971.484375,
          "max": 5071.65234375
        },
        "torch_allocated_mib": {
          "mean": 4653.411729600694,
          "min": 4632.77587890625,
          "max": 4679.76123046875
        },
        "torch_reserved_mib": {
          "mean": 7181.0,
          "min": 6046.0,
          "max": 8330.0
        }
      }
    }
  ]
}
