{
  "output": "benchmarks/pro_30fps_20260921/adv-ctl-r01",
  "runs": [
    {
      "repeat": 0,
      "generation_s": 13.52435208496172,
      "useful_fps": 18.485173887034872,
      "first_window_latency_s": 1.6178795299492776,
      "chunk_times_s": [
        1.6178795299492776,
        1.4646433930611238,
        1.4687124299816787,
        1.4720567669719458,
        1.4760374539764598,
        1.4739211639389396,
        1.4649365689838305,
        1.4801032439572737,
        1.4790395690361038
      ],
      "chunk_distribution_s": {
        "count": 9,
        "min": 1.4646433930611238,
        "p50": 1.4739211639389396,
        "p95": 1.562769015552476,
        "p99": 1.6068574270699174,
        "max": 1.6178795299492776
      },
      "stage_seconds": {
        "audio": 0.07252755212783812,
        "dit": 3.5698933258056647,
        "vae_decode": 8.142118041992187,
        "motion_encode": 1.4092785644531247
      },
      "peak_allocated_mib": 6050.22412109375,
      "peak_reserved_mib": 11134.0,
      "resource_summary": {
        "sample_count": 18,
        "gpu_utilization_percent": {
          "mean": 100.0,
          "min": 100.0,
          "max": 100.0
        },
        "gpu_vram_used_mib": {
          "mean": 8902.0,
          "min": 8607.0,
          "max": 9357.0
        },
        "system_cpu_percent": {
          "mean": 5.161111111111111,
          "min": 0.0,
          "max": 10.5
        },
        "process_cpu_percent": {
          "mean": 98.08888888888887,
          "min": 0.0,
          "max": 109.8
        },
        "system_ram_used_mib": {
          "mean": 20104.25412326389,
          "min": 20056.015625,
          "max": 20133.67578125
        },
        "system_ram_percent": {
          "mean": 64.96111111111111,
          "min": 64.8,
          "max": 65.0
        },
        "process_rss_mib": {
          "mean": 5054.996527777777,
          "min": 4995.265625,
          "max": 5064.0859375
        },
        "torch_allocated_mib": {
          "mean": 4663.668511284723,
          "min": 4577.16015625,
          "max": 4931.5380859375
        },
        "torch_reserved_mib": {
          "mean": 7261.555555555556,
          "min": 6056.0,
          "max": 8648.0
        }
      }
    }
  ]
}
