{
  "output": "benchmarks/pro_30fps_20260922/tae-ctl-r01",
  "runs": [
    {
      "repeat": 0,
      "generation_s": 9.325444718124345,
      "useful_fps": 26.80837295771169,
      "first_window_latency_s": 1.101476731011644,
      "chunk_times_s": [
        1.101476731011644,
        1.0246910711284727,
        1.0264022890478373,
        1.0298754421528429,
        1.0288553507998586,
        1.0285080939065665,
        1.0267856800928712,
        1.0306345799472183,
        1.0276492449920624
      ],
      "chunk_distribution_s": {
        "count": 9,
        "min": 1.0246910711284727,
        "p50": 1.0285080939065665,
        "p95": 1.0731398705858737,
        "p99": 1.09580935892649,
        "max": 1.101476731011644
      },
      "stage_seconds": {
        "audio": 0.07036719989776612,
        "dit": 4.1106570434570315,
        "vae_decode": 3.890963439941406,
        "motion_encode": 1.0479192352294924
      },
      "peak_allocated_mib": 7157.02587890625,
      "peak_reserved_mib": 8540.0,
      "resource_summary": {
        "sample_count": 17,
        "gpu_utilization_percent": {
          "mean": 99.47058823529412,
          "min": 91.0,
          "max": 100.0
        },
        "gpu_vram_used_mib": {
          "mean": 8979.0,
          "min": 8679.0,
          "max": 9019.0
        },
        "system_cpu_percent": {
          "mean": 5.052941176470589,
          "min": 0.0,
          "max": 8.6
        },
        "process_cpu_percent": {
          "mean": 94.23529411764706,
          "min": 0.0,
          "max": 102.6
        },
        "system_ram_used_mib": {
          "mean": 20624.656479779413,
          "min": 20544.171875,
          "max": 20679.296875
        },
        "system_ram_percent": {
          "mean": 66.62941176470589,
          "min": 66.4,
          "max": 66.8
        },
        "process_rss_mib": {
          "mean": 3724.382123161765,
          "min": 3670.90625,
          "max": 3787.3828125
        },
        "torch_allocated_mib": {
          "mean": 5903.161362591912,
          "min": 5810.3076171875,
          "max": 6030.185546875
        },
        "torch_reserved_mib": {
          "mean": 8500.0,
          "min": 8200.0,
          "max": 8540.0
        }
      }
    }
  ]
}
