{
  "output": "benchmarks/pro_30fps_20260921/p1-b-passthrough",
  "runs": [
    {
      "repeat": 0,
      "generation_s": 14.788325567962602,
      "useful_fps": 16.90522695426719,
      "first_window_latency_s": 1.6340887009864673,
      "chunk_times_s": [
        1.6340887009864673,
        1.623526662006043,
        1.6333323640283197,
        1.6223206180147827,
        1.6375091450754553,
        1.6294192259665579,
        1.6327759069390595,
        1.622075909981504,
        1.6328515650238842
      ],
      "chunk_distribution_s": {
        "count": 9,
        "min": 1.622075909981504,
        "p50": 1.6327759069390595,
        "p95": 1.6361409674398601,
        "p99": 1.6372355095483362,
        "max": 1.6375091450754553
      },
      "stage_seconds": {
        "audio": 0.07178083229064941,
        "dit": 3.8448221740722657,
        "vae_decode": 9.437236572265626,
        "motion_encode": 1.1116845397949218
      },
      "peak_allocated_mib": 5612.9931640625,
      "peak_reserved_mib": 11154.0,
      "resource_summary": {
        "sample_count": 18,
        "gpu_utilization_percent": {
          "mean": 99.94444444444444,
          "min": 99.0,
          "max": 100.0
        },
        "gpu_vram_used_mib": {
          "mean": 9968.0,
          "min": 8979.0,
          "max": 10419.0
        },
        "system_cpu_percent": {
          "mean": 4.633333333333334,
          "min": 0.0,
          "max": 7.2
        },
        "process_cpu_percent": {
          "mean": 95.67777777777775,
          "min": 0.0,
          "max": 103.9
        },
        "system_ram_used_mib": {
          "mean": 22683.74435763889,
          "min": 22648.5,
          "max": 22736.19140625
        },
        "system_ram_percent": {
          "mean": 73.28333333333335,
          "min": 73.2,
          "max": 73.5
        },
        "process_rss_mib": {
          "mean": 4994.190104166667,
          "min": 4963.171875,
          "max": 4999.1640625
        },
        "torch_allocated_mib": {
          "mean": 4562.068793402777,
          "min": 3750.154296875,
          "max": 5281.02880859375
        },
        "torch_reserved_mib": {
          "mean": 8124.333333333333,
          "min": 6684.0,
          "max": 9710.0
        }
      }
    }
  ]
}
