{
  "output": "benchmarks/pro_30fps_20260921/adv-discard-r00",
  "runs": [
    {
      "repeat": 0,
      "generation_s": 13.804326961981133,
      "useful_fps": 18.11026359260627,
      "first_window_latency_s": 1.6669838649686426,
      "chunk_times_s": [
        1.6669838649686426,
        1.4993313369341195,
        1.4881918709725142,
        1.4967776900157332,
        1.4962472040206194,
        1.4935500549618155,
        1.4953429200686514,
        1.4757744749076664,
        1.4920932449167594
      ],
      "chunk_distribution_s": {
        "count": 9,
        "min": 1.4757744749076664,
        "p50": 1.4953429200686514,
        "p95": 1.5999228537548333,
        "p99": 1.6535716627258807,
        "max": 1.6669838649686426
      },
      "stage_seconds": {
        "audio": 0.07117017650604247,
        "dit": 3.581973388671875,
        "vae_decode": 8.149498046875,
        "motion_encode": 1.4200034790039062
      },
      "peak_allocated_mib": 6050.22412109375,
      "peak_reserved_mib": 11134.0,
      "resource_summary": {
        "sample_count": 18,
        "gpu_utilization_percent": {
          "mean": 97.33333333333333,
          "min": 53.0,
          "max": 100.0
        },
        "gpu_vram_used_mib": {
          "mean": 8845.388888888889,
          "min": 8265.0,
          "max": 9756.0
        },
        "system_cpu_percent": {
          "mean": 5.338888888888888,
          "min": 0.0,
          "max": 14.2
        },
        "process_cpu_percent": {
          "mean": 99.1888888888889,
          "min": 0.0,
          "max": 113.3
        },
        "system_ram_used_mib": {
          "mean": 18361.40451388889,
          "min": 18232.5546875,
          "max": 18621.984375
        },
        "system_ram_percent": {
          "mean": 59.316666666666656,
          "min": 58.9,
          "max": 60.2
        },
        "process_rss_mib": {
          "mean": 3311.2482638888887,
          "min": 3211.921875,
          "max": 3393.48828125
        },
        "torch_allocated_mib": {
          "mean": 4674.161349826389,
          "min": 4635.1142578125,
          "max": 4931.5380859375
        },
        "torch_reserved_mib": {
          "mean": 7302.0,
          "min": 6058.0,
          "max": 9022.0
        }
      }
    }
  ]
}
