{
  "output": "benchmarks/pro_30fps_20260920/lean-r01",
  "runs": [
    {
      "repeat": 0,
      "generation_s": 21.09121302200947,
      "useful_fps": 11.853277463895303,
      "first_window_latency_s": 2.3347296389983967,
      "chunk_times_s": [
        2.3347296389983967,
        2.3379864540183917,
        2.361572541994974,
        2.345408759894781,
        2.320759226102382,
        2.358898794045672,
        2.324751556967385,
        2.3498077070107684,
        2.3567295050015673
      ],
      "chunk_distribution_s": {
        "count": 9,
        "min": 2.320759226102382,
        "p50": 2.345408759894781,
        "p95": 2.360503042815253,
        "p99": 2.36135864215903,
        "max": 2.361572541994974
      },
      "stage_seconds": {
        "audio": 0.07147939252853394,
        "dit": 8.459467056274416,
        "vae_decode": 10.975015625000001,
        "motion_encode": 1.3782786102294922
      },
      "peak_allocated_mib": 5041.05029296875,
      "peak_reserved_mib": 8262.0,
      "resource_summary": {
        "sample_count": 31,
        "gpu_utilization_percent": {
          "mean": 99.51612903225806,
          "min": 91.0,
          "max": 100.0
        },
        "gpu_vram_used_mib": {
          "mean": 11275.483870967742,
          "min": 10472.0,
          "max": 11840.0
        },
        "system_cpu_percent": {
          "mean": 4.7774193548387105,
          "min": 0.0,
          "max": 7.8
        },
        "process_cpu_percent": {
          "mean": 95.7451612903226,
          "min": 0.0,
          "max": 102.1
        },
        "system_ram_used_mib": {
          "mean": 20360.411164314515,
          "min": 20298.6015625,
          "max": 20424.7578125
        },
        "system_ram_percent": {
          "mean": 65.78064516129034,
          "min": 65.6,
          "max": 66.0
        },
        "process_rss_mib": {
          "mean": 3297.4461945564517,
          "min": 3236.5546875,
          "max": 3358.23828125
        },
        "torch_allocated_mib": {
          "mean": 3729.414991809476,
          "min": 3219.685546875,
          "max": 5019.4296875
        },
        "torch_reserved_mib": {
          "mean": 7499.870967741936,
          "min": 6694.0,
          "max": 8126.0
        }
      }
    }
  ]
}
