{
  "output": "benchmarks/pro_30fps_20260921/s30-ffnall",
  "runs": [
    {
      "repeat": 0,
      "generation_s": 13.13341417699121,
      "useful_fps": 19.03541582035705,
      "first_window_latency_s": 1.5833159090252593,
      "chunk_times_s": [
        1.5833159090252593,
        1.4097129750298336,
        1.4246672380249947,
        1.426087053027004,
        1.4413454741006717,
        1.4362611600663513,
        1.4303983070421964,
        1.4282115940004587,
        1.434551462996751
      ],
      "chunk_distribution_s": {
        "count": 9,
        "min": 1.4097129750298336,
        "p50": 1.4303983070421964,
        "p95": 1.5265277350554243,
        "p99": 1.5719582742312923,
        "max": 1.5833159090252593
      },
      "stage_seconds": {
        "audio": 0.0724114556312561,
        "dit": 3.5304354705810552,
        "vae_decode": 8.080959533691406,
        "motion_encode": 1.1152849578857422
      },
      "peak_allocated_mib": 6008.25439453125,
      "peak_reserved_mib": 11136.0,
      "resource_summary": {
        "sample_count": 18,
        "gpu_utilization_percent": {
          "mean": 98.16666666666667,
          "min": 78.0,
          "max": 100.0
        },
        "gpu_vram_used_mib": {
          "mean": 8898.333333333334,
          "min": 8607.0,
          "max": 9731.0
        },
        "system_cpu_percent": {
          "mean": 4.888888888888889,
          "min": 0.0,
          "max": 7.1
        },
        "process_cpu_percent": {
          "mean": 97.63333333333334,
          "min": 0.0,
          "max": 110.7
        },
        "system_ram_used_mib": {
          "mean": 19179.624131944445,
          "min": 19090.046875,
          "max": 19274.7265625
        },
        "system_ram_percent": {
          "mean": 61.97222222222222,
          "min": 61.7,
          "max": 62.3
        },
        "process_rss_mib": {
          "mean": 5144.5078125,
          "min": 5050.1015625,
          "max": 5209.33984375
        },
        "torch_allocated_mib": {
          "mean": 4714.050211588542,
          "min": 4576.6748046875,
          "max": 5608.703125
        },
        "torch_reserved_mib": {
          "mean": 7254.222222222223,
          "min": 5852.0,
          "max": 9022.0
        }
      }
    }
  ]
}
