{
  "output": "benchmarks/pro_30fps_20260922/tae-ctl-r02",
  "runs": [
    {
      "repeat": 0,
      "generation_s": 9.282852973090485,
      "useful_fps": 26.93137559376522,
      "first_window_latency_s": 1.0978147329296917,
      "chunk_times_s": [
        1.0978147329296917,
        1.0202840641140938,
        1.025946897920221,
        1.0224030800163746,
        1.0228952991310507,
        1.022039582952857,
        1.0231726500205696,
        1.0230095807928592,
        1.0247695269063115
      ],
      "chunk_distribution_s": {
        "count": 9,
        "min": 1.0202840641140938,
        "p50": 1.0230095807928592,
        "p95": 1.0690675989259035,
        "p99": 1.092065306128934,
        "max": 1.0978147329296917
      },
      "stage_seconds": {
        "audio": 0.06992556810379029,
        "dit": 4.110421005249024,
        "vae_decode": 3.8975566406249995,
        "motion_encode": 1.0493134155273436
      },
      "peak_allocated_mib": 7158.6748046875,
      "peak_reserved_mib": 8470.0,
      "resource_summary": {
        "sample_count": 18,
        "gpu_utilization_percent": {
          "mean": 100.0,
          "min": 100.0,
          "max": 100.0
        },
        "gpu_vram_used_mib": {
          "mean": 8911.222222222223,
          "min": 8609.0,
          "max": 8949.0
        },
        "system_cpu_percent": {
          "mean": 4.822222222222221,
          "min": 0.0,
          "max": 7.6
        },
        "process_cpu_percent": {
          "mean": 94.67222222222222,
          "min": 0.0,
          "max": 102.2
        },
        "system_ram_used_mib": {
          "mean": 21922.571180555555,
          "min": 21911.05859375,
          "max": 21931.8046875
        },
        "system_ram_percent": {
          "mean": 70.81666666666666,
          "min": 70.8,
          "max": 70.9
        },
        "process_rss_mib": {
          "mean": 5035.3125,
          "min": 5035.3125,
          "max": 5035.3125
        },
        "torch_allocated_mib": {
          "mean": 5899.211778428819,
          "min": 5836.0556640625,
          "max": 6030.935546875
        },
        "torch_reserved_mib": {
          "mean": 8432.222222222223,
          "min": 8130.0,
          "max": 8470.0
        }
      }
    }
  ]
}
