{
  "output": "benchmarks/pro_30fps_20260921/p2-overlap-noenc",
  "runs": [
    {
      "repeat": 0,
      "generation_s": 13.565015551983379,
      "useful_fps": 18.429761399237528,
      "first_window_latency_s": 1.6440960250329226,
      "chunk_times_s": [
        1.6440960250329226,
        1.4657873270334676,
        1.4660153270233423,
        1.4744832760188729,
        1.4833274519769475,
        1.467623224016279,
        1.4724759770324454,
        1.477571959956549,
        1.4778657089918852
      ],
      "chunk_distribution_s": {
        "count": 9,
        "min": 1.4657873270334676,
        "p50": 1.4744832760188729,
        "p95": 1.5797885958105324,
        "p99": 1.6312345391884446,
        "max": 1.6440960250329226
      },
      "stage_seconds": {
        "audio": 0.07298940849304199,
        "dit": 3.580787704467774,
        "vae_decode": 8.129079956054687,
        "motion_encode": 1.4147046508789063
      },
      "peak_allocated_mib": 6057.35498046875,
      "peak_reserved_mib": 11138.0,
      "resource_summary": {
        "sample_count": 18,
        "gpu_utilization_percent": {
          "mean": 99.94444444444444,
          "min": 99.0,
          "max": 100.0
        },
        "gpu_vram_used_mib": {
          "mean": 8945.333333333334,
          "min": 8643.0,
          "max": 10105.0
        },
        "system_cpu_percent": {
          "mean": 10.288888888888888,
          "min": 0.0,
          "max": 19.4
        },
        "process_cpu_percent": {
          "mean": 98.00555555555556,
          "min": 0.0,
          "max": 109.3
        },
        "system_ram_used_mib": {
          "mean": 21145.155164930555,
          "min": 20355.30078125,
          "max": 21910.17578125
        },
        "system_ram_percent": {
          "mean": 68.31111111111109,
          "min": 65.8,
          "max": 70.8
        },
        "process_rss_mib": {
          "mean": 5127.401692708333,
          "min": 5001.1015625,
          "max": 5160.52734375
        },
        "torch_allocated_mib": {
          "mean": 4653.755425347223,
          "min": 4633.046875,
          "max": 4680.0322265625
        },
        "torch_reserved_mib": {
          "mean": 7406.888888888889,
          "min": 6194.0,
          "max": 9396.0
        }
      }
    }
  ]
}
