{
  "output": "benchmarks/pro_30fps_20260922/final-v2-r01",
  "runs": [
    {
      "repeat": 0,
      "generation_s": 8.437932459986769,
      "useful_fps": 29.628111055109347,
      "first_window_latency_s": 0.9935535290278494,
      "chunk_times_s": [
        0.9935535290278494,
        0.9146480000345036,
        0.9149149580625817,
        0.9153723570052534,
        0.915743354940787,
        0.9161346240434796,
        0.9167583230882883,
        0.9168622320285067,
        0.9168770909309387
      ],
      "chunk_distribution_s": {
        "count": 9,
        "min": 0.9146480000345036,
        "p50": 0.9161346240434796,
        "p95": 0.9628829537890852,
        "p99": 0.9874194139800966,
        "max": 0.9935535290278494
      },
      "stage_seconds": {
        "audio": 0.07128944015502929,
        "dit": 3.0822450866699223,
        "vae_decode": 3.9252035217285153,
        "motion_encode": 1.0508662109375002
      },
      "peak_allocated_mib": 7187.4111328125,
      "peak_reserved_mib": 8550.0,
      "resource_summary": {
        "sample_count": 16,
        "gpu_utilization_percent": {
          "mean": 98.9375,
          "min": 83.0,
          "max": 100.0
        },
        "gpu_vram_used_mib": {
          "mean": 8996.5,
          "min": 8699.0,
          "max": 9039.0
        },
        "system_cpu_percent": {
          "mean": 5.062500000000001,
          "min": 0.0,
          "max": 7.5
        },
        "process_cpu_percent": {
          "mean": 97.98749999999998,
          "min": 0.0,
          "max": 114.0
        },
        "system_ram_used_mib": {
          "mean": 17977.48095703125,
          "min": 17931.79296875,
          "max": 17994.59765625
        },
        "system_ram_percent": {
          "mean": 58.068750000000016,
          "min": 57.9,
          "max": 58.1
        },
        "process_rss_mib": {
          "mean": 5128.9033203125,
          "min": 5094.78515625,
          "max": 5135.4140625
        },
        "torch_allocated_mib": {
          "mean": 5913.552642822266,
          "min": 5834.3876953125,
          "max": 6055.841796875
        },
        "torch_reserved_mib": {
          "mean": 8507.5,
          "min": 8210.0,
          "max": 8550.0
        }
      }
    }
  ]
}
