{
  "output": "benchmarks/pro_30fps_20260921/p3-mallocasync",
  "runs": [
    {
      "repeat": 0,
      "generation_s": 13.154284562915564,
      "useful_fps": 19.005214521875075,
      "first_window_latency_s": 1.609985165996477,
      "chunk_times_s": [
        1.609985165996477,
        1.424245533067733,
        1.4283555280417204,
        1.431798125966452,
        1.4285937880631536,
        1.4276191029930487,
        1.426348498906009,
        1.4289735089987516,
        1.427116367034614
      ],
      "chunk_distribution_s": {
        "count": 9,
        "min": 1.424245533067733,
        "p50": 1.4283555280417204,
        "p95": 1.538710349984467,
        "p99": 1.595730202794075,
        "max": 1.609985165996477
      },
      "stage_seconds": {
        "audio": 0.0744355525970459,
        "dit": 3.564058456420898,
        "vae_decode": 7.749925415039062,
        "motion_encode": 1.4106910552978515
      },
      "peak_allocated_mib": 6025.441514968872,
      "peak_reserved_mib": 11168.0,
      "resource_summary": {
        "sample_count": 25,
        "gpu_utilization_percent": {
          "mean": 98.52,
          "min": 82.0,
          "max": 100.0
        },
        "gpu_vram_used_mib": {
          "mean": 11845.0,
          "min": 11845.0,
          "max": 11845.0
        },
        "system_cpu_percent": {
          "mean": 4.935999999999999,
          "min": 0.0,
          "max": 7.9
        },
        "process_cpu_percent": {
          "mean": 98.73200000000003,
          "min": 0.0,
          "max": 111.5
        },
        "system_ram_used_mib": {
          "mean": 22819.53984375,
          "min": 22712.578125,
          "max": 22850.62890625
        },
        "system_ram_percent": {
          "mean": 73.72799999999998,
          "min": 73.4,
          "max": 73.8
        },
        "process_rss_mib": {
          "mean": 5147.51296875,
          "min": 5027.34375,
          "max": 5170.26171875
        },
        "torch_allocated_mib": {
          "mean": 4676.213769607544,
          "min": 4563.301847457886,
          "max": 5107.045991897583
        },
        "torch_reserved_mib": {
          "mean": 11168.0,
          "min": 11168.0,
          "max": 11168.0
        }
      }
    }
  ]
}
