{
  "output": "benchmarks/pro_30fps_20260922/ft-mid8-tail12-r01",
  "runs": [
    {
      "repeat": 0,
      "generation_s": 9.000461416086182,
      "useful_fps": 27.77635372706387,
      "first_window_latency_s": 1.0439717239933088,
      "chunk_times_s": [
        1.0439717239933088,
        0.9652873069280759,
        0.9673900210764259,
        0.9669937619473785,
        0.9670304110040888,
        0.9679197090445086,
        0.9694391229422763,
        0.9681753980694339,
        0.9677823189413175
      ],
      "chunk_distribution_s": {
        "count": 9,
        "min": 0.9652873069280759,
        "p50": 0.9677823189413175,
        "p95": 1.0141586835728957,
        "p99": 1.0380091159092262,
        "max": 1.0439717239933088
      },
      "stage_seconds": {
        "audio": 0.0717506880760193,
        "dit": 3.4013366546630857,
        "vae_decode": 3.880630920410156,
        "motion_encode": 1.0485141067504884
      },
      "peak_allocated_mib": 6887.68505859375,
      "peak_reserved_mib": 8380.0,
      "resource_summary": {
        "sample_count": 17,
        "gpu_utilization_percent": {
          "mean": 91.94117647058823,
          "min": 62.0,
          "max": 100.0
        },
        "gpu_vram_used_mib": {
          "mean": 8825.0,
          "min": 8825.0,
          "max": 8825.0
        },
        "system_cpu_percent": {
          "mean": 5.158823529411765,
          "min": 0.0,
          "max": 8.2
        },
        "process_cpu_percent": {
          "mean": 100.1470588235294,
          "min": 0.0,
          "max": 116.2
        },
        "system_ram_used_mib": {
          "mean": 16686.727941176472,
          "min": 16576.546875,
          "max": 16756.38671875
        },
        "system_ram_percent": {
          "mean": 53.911764705882355,
          "min": 53.6,
          "max": 54.1
        },
        "process_rss_mib": {
          "mean": 3705.5544577205883,
          "min": 3601.8203125,
          "max": 3768.78515625
        },
        "torch_allocated_mib": {
          "mean": 5585.921013327206,
          "min": 5460.802734375,
          "max": 5622.49755859375
        },
        "torch_reserved_mib": {
          "mean": 8380.0,
          "min": 8380.0,
          "max": 8380.0
        }
      }
    }
  ]
}
