{
  "output": "benchmarks/pro_30fps_20260922/skip-mid89-tail12-r01",
  "runs": [
    {
      "repeat": 0,
      "generation_s": 9.829514782992192,
      "useful_fps": 25.433605373132952,
      "first_window_latency_s": 1.1626194920390844,
      "chunk_times_s": [
        1.1626194920390844,
        1.0676065330626443,
        1.0674126739613712,
        1.0632709769997746,
        1.0677989419782534,
        1.0674925820203498,
        1.068277349928394,
        1.068828169023618,
        1.0757520149927586
      ],
      "chunk_distribution_s": {
        "count": 9,
        "min": 1.0632709769997746,
        "p50": 1.0677989419782534,
        "p95": 1.1278725012205542,
        "p99": 1.1556700938753783,
        "max": 1.1626194920390844
      },
      "stage_seconds": {
        "audio": 0.07262415981292723,
        "dit": 3.5522229003906256,
        "vae_decode": 4.796113708496094,
        "motion_encode": 1.095462158203125
      },
      "peak_allocated_mib": 7261.30029296875,
      "peak_reserved_mib": 8720.0,
      "resource_summary": {
        "sample_count": 19,
        "gpu_utilization_percent": {
          "mean": 97.73684210526316,
          "min": 84.0,
          "max": 100.0
        },
        "gpu_vram_used_mib": {
          "mean": 9175.0,
          "min": 9175.0,
          "max": 9175.0
        },
        "system_cpu_percent": {
          "mean": 6.068421052631578,
          "min": 3.3,
          "max": 50.0
        },
        "process_cpu_percent": {
          "mean": 98.29473684210525,
          "min": 0.0,
          "max": 111.9
        },
        "system_ram_used_mib": {
          "mean": 17719.756167763157,
          "min": 17640.35546875,
          "max": 17787.0234375
        },
        "system_ram_percent": {
          "mean": 57.26842105263156,
          "min": 57.0,
          "max": 57.5
        },
        "process_rss_mib": {
          "mean": 5143.8458059210525,
          "min": 5077.5546875,
          "max": 5202.4765625
        },
        "torch_allocated_mib": {
          "mean": 5983.285875822368,
          "min": 5830.24609375,
          "max": 6393.87841796875
        },
        "torch_reserved_mib": {
          "mean": 8720.0,
          "min": 8720.0,
          "max": 8720.0
        }
      }
    }
  ]
}
