{
  "output": "benchmarks/pro_30fps_20260922/tae-decenc-trt-window-r01",
  "runs": [
    {
      "repeat": 0,
      "generation_s": 4.8122196909971535,
      "useful_fps": 51.95107789191495,
      "first_window_latency_s": 0.533873176202178,
      "chunk_times_s": [
        0.533873176202178,
        0.5339511448983103,
        0.533472198061645,
        0.5361167879309505,
        0.5350506720133126,
        0.5344111148733646,
        0.5342718150932342,
        0.5349518039729446,
        0.5355974009726197
      ],
      "chunk_distribution_s": {
        "count": 9,
        "min": 0.533472198061645,
        "p50": 0.5344111148733646,
        "p95": 0.5359090331476182,
        "p99": 0.536075236974284,
        "max": 0.5361167879309505
      },
      "stage_seconds": {
        "audio": 0.0729552640914917,
        "dit": 4.107392074584961,
        "vae_decode": 0.41540067291259763,
        "motion_encode": 0.05762595224380494
      },
      "peak_allocated_mib": 4756.25341796875,
      "peak_reserved_mib": 5738.0,
      "resource_summary": {
        "sample_count": 9,
        "gpu_utilization_percent": {
          "mean": 97.55555555555556,
          "min": 87.0,
          "max": 100.0
        },
        "gpu_vram_used_mib": {
          "mean": 6043.0,
          "min": 6043.0,
          "max": 6043.0
        },
        "system_cpu_percent": {
          "mean": 4.322222222222222,
          "min": 0.0,
          "max": 7.7
        },
        "process_cpu_percent": {
          "mean": 88.97777777777779,
          "min": 0.0,
          "max": 100.7
        },
        "system_ram_used_mib": {
          "mean": 21534.886284722223,
          "min": 21523.90625,
          "max": 21540.85546875
        },
        "system_ram_percent": {
          "mean": 69.5888888888889,
          "min": 69.5,
          "max": 69.6
        },
        "process_rss_mib": {
          "mean": 4848.62109375,
          "min": 4848.62109375,
          "max": 4848.62109375
        },
        "torch_allocated_mib": {
          "mean": 4429.625759548611,
          "min": 4351.5322265625,
          "max": 4500.67236328125
        },
        "torch_reserved_mib": {
          "mean": 5738.0,
          "min": 5738.0,
          "max": 5738.0
        }
      }
    }
  ]
}
