{
  "output": "benchmarks/pro_30fps_20260921/adv-gc06-r01",
  "runs": [
    {
      "repeat": 0,
      "generation_s": 13.532178628956899,
      "useful_fps": 18.47448270192327,
      "first_window_latency_s": 1.6433510379865766,
      "chunk_times_s": [
        1.6433510379865766,
        1.460467700031586,
        1.4807143670041114,
        1.4670792570104823,
        1.4725609290180728,
        1.461575391003862,
        1.473760757013224,
        1.470369071001187,
        1.4720382749801502
      ],
      "chunk_distribution_s": {
        "count": 9,
        "min": 1.460467700031586,
        "p50": 1.4720382749801502,
        "p95": 1.5782963695935905,
        "p99": 1.6303401043079793,
        "max": 1.6433510379865766
      },
      "stage_seconds": {
        "audio": 0.07245190382003784,
        "dit": 3.573170516967773,
        "vae_decode": 8.124351989746094,
        "motion_encode": 1.4095213470458985
      },
      "peak_allocated_mib": 6050.22412109375,
      "peak_reserved_mib": 11136.0,
      "resource_summary": {
        "sample_count": 18,
        "gpu_utilization_percent": {
          "mean": 96.88888888888889,
          "min": 79.0,
          "max": 100.0
        },
        "gpu_vram_used_mib": {
          "mean": 8932.555555555555,
          "min": 8607.0,
          "max": 9733.0
        },
        "system_cpu_percent": {
          "mean": 4.483333333333333,
          "min": 0.0,
          "max": 7.3
        },
        "process_cpu_percent": {
          "mean": 98.03333333333336,
          "min": 0.0,
          "max": 109.5
        },
        "system_ram_used_mib": {
          "mean": 19896.099609375,
          "min": 19751.4375,
          "max": 19935.74609375
        },
        "system_ram_percent": {
          "mean": 64.29444444444444,
          "min": 63.8,
          "max": 64.4
        },
        "process_rss_mib": {
          "mean": 5138.165364583333,
          "min": 4983.73046875,
          "max": 5166.390625
        },
        "torch_allocated_mib": {
          "mean": 4670.7353515625,
          "min": 4577.1484375,
          "max": 4931.5380859375
        },
        "torch_reserved_mib": {
          "mean": 7329.666666666667,
          "min": 6058.0,
          "max": 9022.0
        }
      }
    }
  ]
}
