{
  "output": "benchmarks/pro_30fps_20260921/adv-ctl-r02",
  "runs": [
    {
      "repeat": 0,
      "generation_s": 13.561727179097943,
      "useful_fps": 18.434230146239287,
      "first_window_latency_s": 1.6472835580352694,
      "chunk_times_s": [
        1.6472835580352694,
        1.4674246750073507,
        1.4766922330018133,
        1.4754674079595134,
        1.4727536500431597,
        1.4750109530286863,
        1.478846220066771,
        1.4718452870147303,
        1.477941335993819
      ],
      "chunk_distribution_s": {
        "count": 9,
        "min": 1.4674246750073507,
        "p50": 1.4754674079595134,
        "p95": 1.5799086228478698,
        "p99": 1.6338085709977894,
        "max": 1.6472835580352694
      },
      "stage_seconds": {
        "audio": 0.0748768949508667,
        "dit": 3.576269210815429,
        "vae_decode": 8.158517883300782,
        "motion_encode": 1.4087819213867188
      },
      "peak_allocated_mib": 6050.72412109375,
      "peak_reserved_mib": 11134.0,
      "resource_summary": {
        "sample_count": 18,
        "gpu_utilization_percent": {
          "mean": 96.0,
          "min": 79.0,
          "max": 100.0
        },
        "gpu_vram_used_mib": {
          "mean": 8902.222222222223,
          "min": 8639.0,
          "max": 9357.0
        },
        "system_cpu_percent": {
          "mean": 4.705555555555556,
          "min": 0.0,
          "max": 7.2
        },
        "process_cpu_percent": {
          "mean": 276.69444444444446,
          "min": 98.2,
          "max": 3225.0
        },
        "system_ram_used_mib": {
          "mean": 19870.166883680555,
          "min": 19721.51953125,
          "max": 19940.6875
        },
        "system_ram_percent": {
          "mean": 64.18888888888893,
          "min": 63.7,
          "max": 64.4
        },
        "process_rss_mib": {
          "mean": 5091.618489583333,
          "min": 4964.9765625,
          "max": 5156.90234375
        },
        "torch_allocated_mib": {
          "mean": 4733.924777560764,
          "min": 4577.16015625,
          "max": 5609.4384765625
        },
        "torch_reserved_mib": {
          "mean": 7297.555555555556,
          "min": 6056.0,
          "max": 8646.0
        }
      }
    }
  ]
}
