{
  "output": "benchmarks/pro_30fps_20260921/calib-448",
  "runs": [
    {
      "repeat": 0,
      "generation_s": 8.112157125025988,
      "useful_fps": 30.817943507128398,
      "first_window_latency_s": 0.966852965997532,
      "chunk_times_s": [
        0.966852965997532,
        0.8788306700298563,
        0.8825545100262389,
        0.8809857330052182,
        0.8767380450153723,
        0.8839919859310612,
        0.8837338159792125,
        0.8841655240394175,
        0.8977481470210478
      ],
      "chunk_distribution_s": {
        "count": 9,
        "min": 0.8767380450153723,
        "p50": 0.8837338159792125,
        "p95": 0.9392110384069383,
        "p99": 0.9613245804794133,
        "max": 0.966852965997532
      },
      "stage_seconds": {
        "audio": 0.0742657928466797,
        "dit": 2.569561126708984,
        "vae_decode": 4.5486965637207035,
        "motion_encode": 0.7026443557739258
      },
      "peak_allocated_mib": 4638.16357421875,
      "peak_reserved_mib": 9900.0,
      "resource_summary": {
        "sample_count": 15,
        "gpu_utilization_percent": {
          "mean": 95.53333333333333,
          "min": 80.0,
          "max": 100.0
        },
        "gpu_vram_used_mib": {
          "mean": 10590.6,
          "min": 10471.0,
          "max": 10609.0
        },
        "system_cpu_percent": {
          "mean": 6.606666666666668,
          "min": 0.0,
          "max": 9.7
        },
        "process_cpu_percent": {
          "mean": 96.36000000000003,
          "min": 0.0,
          "max": 106.7
        },
        "system_ram_used_mib": {
          "mean": 21723.577083333334,
          "min": 21680.23046875,
          "max": 21774.5078125
        },
        "system_ram_percent": {
          "mean": 70.17999999999999,
          "min": 70.0,
          "max": 70.3
        },
        "process_rss_mib": {
          "mean": 5059.673958333334,
          "min": 5044.94140625,
          "max": 5087.828125
        },
        "torch_allocated_mib": {
          "mean": 3807.401920572917,
          "min": 3720.6767578125,
          "max": 3879.0244140625
        },
        "torch_reserved_mib": {
          "mean": 9881.6,
          "min": 9762.0,
          "max": 9900.0
        }
      }
    }
  ]
}
