{
  "output": "benchmarks/pro_30fps_20260921/p3b-mallocasync",
  "runs": [
    {
      "repeat": 0,
      "generation_s": 12.990914821974002,
      "useful_fps": 19.24421824220782,
      "first_window_latency_s": 1.4416549489833415,
      "chunk_times_s": [
        1.4416549489833415,
        1.4183073649182916,
        1.4169926699250937,
        1.4306874899193645,
        1.4501321900170296,
        1.424036884913221,
        1.4298712559975684,
        1.4343157290713862,
        1.4241293370723724
      ],
      "chunk_distribution_s": {
        "count": 9,
        "min": 1.4169926699250937,
        "p50": 1.4298712559975684,
        "p95": 1.4467412936035544,
        "p99": 1.4494540107343346,
        "max": 1.4501321900170296
      },
      "stage_seconds": {
        "audio": 0.07595408058166504,
        "dit": 3.570685501098633,
        "vae_decode": 7.572610778808593,
        "motion_encode": 1.423019027709961
      },
      "peak_allocated_mib": 6021.310655593872,
      "peak_reserved_mib": 11168.0,
      "resource_summary": {
        "sample_count": 24,
        "gpu_utilization_percent": {
          "mean": 98.875,
          "min": 83.0,
          "max": 100.0
        },
        "gpu_vram_used_mib": {
          "mean": 11845.0,
          "min": 11845.0,
          "max": 11845.0
        },
        "system_cpu_percent": {
          "mean": 5.016666666666667,
          "min": 0.0,
          "max": 8.2
        },
        "process_cpu_percent": {
          "mean": 98.60000000000001,
          "min": 0.0,
          "max": 111.5
        },
        "system_ram_used_mib": {
          "mean": 22730.637369791668,
          "min": 22579.390625,
          "max": 22796.3984375
        },
        "system_ram_percent": {
          "mean": 73.44166666666665,
          "min": 72.9,
          "max": 73.7
        },
        "process_rss_mib": {
          "mean": 5098.763834635417,
          "min": 4984.76953125,
          "max": 5120.25
        },
        "torch_allocated_mib": {
          "mean": 4655.151216348012,
          "min": 4563.213956832886,
          "max": 5023.374116897583
        },
        "torch_reserved_mib": {
          "mean": 11168.0,
          "min": 11168.0,
          "max": 11168.0
        }
      }
    }
  ]
}
