{
  "output": "benchmarks/pro_30fps_20260922/graph-fused-r01",
  "runs": [
    {
      "repeat": 0,
      "generation_s": 11.783853962086141,
      "useful_fps": 21.215469981583304,
      "first_window_latency_s": 1.4029903439804912,
      "chunk_times_s": [
        1.4029903439804912,
        1.2692936380626634,
        1.2709679130930454,
        1.2707070329925045,
        1.2744586310582235,
        1.2716379499761388,
        1.273519135080278,
        1.273648694041185,
        1.2742897720308974
      ],
      "chunk_distribution_s": {
        "count": 9,
        "min": 1.2692936380626634,
        "p50": 1.273519135080278,
        "p95": 1.351577658811584,
        "p99": 1.3927078069467098,
        "max": 1.4029903439804912
      },
      "stage_seconds": {
        "audio": 0.07128796863555907,
        "dit": 3.073434555053711,
        "vae_decode": 7.013307922363282,
        "motion_encode": 1.0511826248168945
      },
      "peak_allocated_mib": 9079.01904296875,
      "peak_reserved_mib": 10808.0,
      "resource_summary": {
        "sample_count": 22,
        "gpu_utilization_percent": {
          "mean": 96.81818181818181,
          "min": 60.0,
          "max": 100.0
        },
        "gpu_vram_used_mib": {
          "mean": 11303.0,
          "min": 11303.0,
          "max": 11303.0
        },
        "system_cpu_percent": {
          "mean": 4.945454545454546,
          "min": 0.0,
          "max": 8.0
        },
        "process_cpu_percent": {
          "mean": 99.86363636363636,
          "min": 0.0,
          "max": 115.3
        },
        "system_ram_used_mib": {
          "mean": 16408.20703125,
          "min": 16321.70703125,
          "max": 16472.4609375
        },
        "system_ram_percent": {
          "mean": 53.00000000000001,
          "min": 52.7,
          "max": 53.2
        },
        "process_rss_mib": {
          "mean": 3488.402166193182,
          "min": 3402.63671875,
          "max": 3554.3671875
        },
        "torch_allocated_mib": {
          "mean": 7796.459628018466,
          "min": 7724.013671875,
          "max": 7871.3349609375
        },
        "torch_reserved_mib": {
          "mean": 10808.0,
          "min": 10808.0,
          "max": 10808.0
        }
      }
    }
  ]
}
