{
  "output": "benchmarks/pro_30fps_20260921/lowres-full",
  "runs": [
    {
      "repeat": 0,
      "generation_s": 7.835041648009792,
      "useful_fps": 31.907935047608003,
      "first_window_latency_s": 0.9334539129631594,
      "chunk_times_s": [
        0.9334539129631594,
        0.8594337441027164,
        0.8562931090127677,
        0.8477206430397928,
        0.850379079929553,
        0.8538249080302194,
        0.8526009060442448,
        0.8516299609327689,
        0.8520393079379573
      ],
      "chunk_distribution_s": {
        "count": 9,
        "min": 0.8477206430397928,
        "p50": 0.8526009060442448,
        "p95": 0.9038458454189822,
        "p99": 0.9275322994543239,
        "max": 0.9334539129631594
      },
      "stage_seconds": {
        "audio": 0.07412371253967284,
        "dit": 2.207230865478515,
        "vae_decode": 4.6268265991210935,
        "motion_encode": 0.7063055572509765
      },
      "peak_allocated_mib": 4636.78857421875,
      "peak_reserved_mib": 9892.0,
      "resource_summary": {
        "sample_count": 15,
        "gpu_utilization_percent": {
          "mean": 97.93333333333334,
          "min": 87.0,
          "max": 100.0
        },
        "gpu_vram_used_mib": {
          "mean": 10584.6,
          "min": 10465.0,
          "max": 10603.0
        },
        "system_cpu_percent": {
          "mean": 7.453333333333333,
          "min": 0.0,
          "max": 10.1
        },
        "process_cpu_percent": {
          "mean": 96.75333333333333,
          "min": 0.0,
          "max": 107.9
        },
        "system_ram_used_mib": {
          "mean": 22366.988541666666,
          "min": 22316.0234375,
          "max": 22411.65234375
        },
        "system_ram_percent": {
          "mean": 72.25999999999999,
          "min": 72.1,
          "max": 72.4
        },
        "process_rss_mib": {
          "mean": 5192.685677083334,
          "min": 5158.66015625,
          "max": 5210.74609375
        },
        "torch_allocated_mib": {
          "mean": 3795.5821614583333,
          "min": 3776.958984375,
          "max": 3821.1611328125
        },
        "torch_reserved_mib": {
          "mean": 9873.6,
          "min": 9754.0,
          "max": 9892.0
        }
      }
    }
  ]
}
