{
  "output": "benchmarks/pro_30fps_20260921/p3-1step",
  "runs": [
    {
      "repeat": 0,
      "generation_s": 11.736590032000095,
      "useful_fps": 21.30090591205529,
      "first_window_latency_s": 1.452338864095509,
      "chunk_times_s": [
        1.452338864095509,
        1.266975014936179,
        1.2675925730727613,
        1.2760691039729863,
        1.2718708390602842,
        1.2790032729972154,
        1.2753625380573794,
        1.258074261015281,
        1.271688191103749
      ],
      "chunk_distribution_s": {
        "count": 9,
        "min": 1.258074261015281,
        "p50": 1.2718708390602842,
        "p95": 1.3830046276561916,
        "p99": 1.4384720168076455,
        "max": 1.452338864095509
      },
      "stage_seconds": {
        "audio": 0.07375567960739136,
        "dit": 1.767469467163086,
        "vae_decode": 8.160477416992187,
        "motion_encode": 1.4147860107421877
      },
      "peak_allocated_mib": 6057.333984375,
      "peak_reserved_mib": 11136.0,
      "resource_summary": {
        "sample_count": 18,
        "gpu_utilization_percent": {
          "mean": 99.16666666666667,
          "min": 86.0,
          "max": 100.0
        },
        "gpu_vram_used_mib": {
          "mean": 8931.555555555555,
          "min": 8097.0,
          "max": 10107.0
        },
        "system_cpu_percent": {
          "mean": 4.705555555555556,
          "min": 0.0,
          "max": 7.2
        },
        "process_cpu_percent": {
          "mean": 97.97777777777779,
          "min": 0.0,
          "max": 111.0
        },
        "system_ram_used_mib": {
          "mean": 22895.49631076389,
          "min": 22823.99609375,
          "max": 22922.13671875
        },
        "system_ram_percent": {
          "mean": 73.97777777777777,
          "min": 73.7,
          "max": 74.1
        },
        "process_rss_mib": {
          "mean": 5032.770833333333,
          "min": 4966.5390625,
          "max": 5042.8203125
        },
        "torch_allocated_mib": {
          "mean": 4645.891520182292,
          "min": 4581.91259765625,
          "max": 4679.76123046875
        },
        "torch_reserved_mib": {
          "mean": 7304.444444444444,
          "min": 6058.0,
          "max": 9398.0
        }
      }
    }
  ]
}
