{
  "output": "benchmarks/pro_30fps_20260920/latency-stackedB",
  "runs": [
    {
      "repeat": 0,
      "generation_s": 15.749368029995821,
      "useful_fps": 15.873652804598683,
      "first_window_latency_s": 1.7143339050235227,
      "chunk_times_s": [
        1.7143339050235227,
        1.7274230909533799,
        1.727767684031278,
        1.7336185890017077,
        1.7190443499712273,
        1.7338150149444118,
        1.7269749549450353,
        1.7389371549943462,
        1.735487179015763
      ],
      "chunk_distribution_s": {
        "count": 9,
        "min": 1.7143339050235227,
        "p50": 1.727767684031278,
        "p95": 1.7375571646029129,
        "p99": 1.7386611569160595,
        "max": 1.7389371549943462
      },
      "stage_seconds": {
        "audio": 0.07199164772033692,
        "dit": 3.8400917358398443,
        "vae_decode": 10.157257690429688,
        "motion_encode": 1.107509635925293
      },
      "peak_allocated_mib": 6430.4619140625,
      "peak_reserved_mib": 11164.0,
      "resource_summary": {
        "sample_count": 27,
        "gpu_utilization_percent": {
          "mean": 95.74074074074075,
          "min": 53.0,
          "max": 100.0
        },
        "gpu_vram_used_mib": {
          "mean": 11073.37037037037,
          "min": 10517.0,
          "max": 11873.0
        },
        "system_cpu_percent": {
          "mean": 4.866666666666668,
          "min": 0.0,
          "max": 7.7
        },
        "process_cpu_percent": {
          "mean": 98.82962962962962,
          "min": 0.0,
          "max": 113.2
        },
        "system_ram_used_mib": {
          "mean": 18837.466724537036,
          "min": 18731.21484375,
          "max": 18910.2109375
        },
        "system_ram_percent": {
          "mean": 60.859259259259254,
          "min": 60.5,
          "max": 61.1
        },
        "process_rss_mib": {
          "mean": 3340.608796296296,
          "min": 3252.9375,
          "max": 3405.11328125
        },
        "torch_allocated_mib": {
          "mean": 4584.17798755787,
          "min": 3793.7431640625,
          "max": 6202.3681640625
        },
        "torch_reserved_mib": {
          "mean": 9240.962962962964,
          "min": 7252.0,
          "max": 10506.0
        }
      }
    }
  ]
}
