{
  "output": "benchmarks/pro_30fps_20260922/dit-mid6-r01",
  "runs": [
    {
      "repeat": 0,
      "generation_s": 12.197836937033571,
      "useful_fps": 20.495437124674194,
      "first_window_latency_s": 1.4604118370916694,
      "chunk_times_s": [
        1.4604118370916694,
        1.3146919739665464,
        1.3193345400504768,
        1.3195684179663658,
        1.3110589259304106,
        1.3237608530325815,
        1.3175375630380586,
        1.318743798066862,
        1.3170696829911321
      ],
      "chunk_distribution_s": {
        "count": 9,
        "min": 1.3110589259304106,
        "p50": 1.318743798066862,
        "p95": 1.4057514434680343,
        "p99": 1.4494797583669423,
        "max": 1.4604118370916694
      },
      "stage_seconds": {
        "audio": 0.07154608011245728,
        "dit": 2.8340768737792974,
        "vae_decode": 7.613459106445313,
        "motion_encode": 1.1097495040893555
      },
      "peak_allocated_mib": 8951.17529296875,
      "peak_reserved_mib": 10408.0,
      "resource_summary": {
        "sample_count": 23,
        "gpu_utilization_percent": {
          "mean": 99.65217391304348,
          "min": 96.0,
          "max": 100.0
        },
        "gpu_vram_used_mib": {
          "mean": 10883.0,
          "min": 10883.0,
          "max": 10883.0
        },
        "system_cpu_percent": {
          "mean": 4.126086956521739,
          "min": 0.0,
          "max": 14.7
        },
        "process_cpu_percent": {
          "mean": 99.97826086956522,
          "min": 0.0,
          "max": 113.9
        },
        "system_ram_used_mib": {
          "mean": 16133.696671195652,
          "min": 16006.7578125,
          "max": 16456.28125
        },
        "system_ram_percent": {
          "mean": 52.13913043478262,
          "min": 51.7,
          "max": 53.2
        },
        "process_rss_mib": {
          "mean": 3514.557574728261,
          "min": 3423.0546875,
          "max": 3604.4921875
        },
        "torch_allocated_mib": {
          "mean": 7664.610563858696,
          "min": 7579.32568359375,
          "max": 7694.890625
        },
        "torch_reserved_mib": {
          "mean": 10408.0,
          "min": 10408.0,
          "max": 10408.0
        }
      }
    }
  ]
}
