{
  "output": "benchmarks/pro_30fps_20260922/spans-r01",
  "runs": [
    {
      "repeat": 0,
      "generation_s": 11.814341100049205,
      "useful_fps": 21.160723046921238,
      "first_window_latency_s": 1.4273910169722512,
      "chunk_times_s": [
        1.4273910169722512,
        1.284646941930987,
        1.2823774659773335,
        1.280846638022922,
        1.2831062820041552,
        1.283904941054061,
        1.2857128051109612,
        1.2830223800847307,
        1.2857154440134764
      ],
      "chunk_distribution_s": {
        "count": 9,
        "min": 1.280846638022922,
        "p50": 1.283904941054061,
        "p95": 1.3707207877887413,
        "p99": 1.4160569711355493,
        "max": 1.4273910169722512
      },
      "stage_seconds": {
        "audio": 0.07179068803787232,
        "dit": 3.4053355712890627,
        "vae_decode": 6.948972351074218,
        "motion_encode": 1.0548725357055664
      },
      "peak_allocated_mib": 8880.0068359375,
      "peak_reserved_mib": 10216.0,
      "resource_summary": {
        "sample_count": 22,
        "gpu_utilization_percent": {
          "mean": 99.22727272727273,
          "min": 83.0,
          "max": 100.0
        },
        "gpu_vram_used_mib": {
          "mean": 10721.0,
          "min": 10721.0,
          "max": 10721.0
        },
        "system_cpu_percent": {
          "mean": 4.945454545454545,
          "min": 0.0,
          "max": 7.7
        },
        "process_cpu_percent": {
          "mean": 98.4681818181818,
          "min": 0.0,
          "max": 110.4
        },
        "system_ram_used_mib": {
          "mean": 18024.184126420456,
          "min": 17917.125,
          "max": 18052.3359375
        },
        "system_ram_percent": {
          "mean": 58.236363636363606,
          "min": 57.9,
          "max": 58.3
        },
        "process_rss_mib": {
          "mean": 5168.270951704545,
          "min": 5062.046875,
          "max": 5186.640625
        },
        "torch_allocated_mib": {
          "mean": 7591.50166459517,
          "min": 7463.67041015625,
          "max": 7677.34375
        },
        "torch_reserved_mib": {
          "mean": 10216.0,
          "min": 10216.0,
          "max": 10216.0
        }
      }
    }
  ]
}
