{
  "output": "benchmarks/pro_30fps_20260920/smoke-stacked-b",
  "runs": [
    {
      "repeat": 0,
      "generation_s": 17.047899830969982,
      "useful_fps": 14.664562936124176,
      "first_window_latency_s": 1.8632683160249144,
      "chunk_times_s": [
        1.8632683160249144,
        1.8594285510480404,
        1.8721008889842778,
        1.8605974790407345,
        1.8705020860070363,
        1.8629340149927884,
        1.8667870910139754,
        1.8838047629687935,
        1.882494479068555
      ],
      "chunk_distribution_s": {
        "count": 9,
        "min": 1.8594285510480404,
        "p50": 1.8667870910139754,
        "p95": 1.883280649408698,
        "p99": 1.8836999402567745,
        "max": 1.8838047629687935
      },
      "stage_seconds": {
        "audio": 0.07142748880386353,
        "dit": 3.8411324005126954,
        "vae_decode": 11.392803344726563,
        "motion_encode": 1.1166707077026368
      },
      "peak_allocated_mib": 6402.2236328125,
      "peak_reserved_mib": 8278.0,
      "resource_summary": {
        "sample_count": 27,
        "gpu_utilization_percent": {
          "mean": 97.03703703703704,
          "min": 59.0,
          "max": 100.0
        },
        "gpu_vram_used_mib": {
          "mean": 11572.666666666666,
          "min": 10730.0,
          "max": 11870.0
        },
        "system_cpu_percent": {
          "mean": 4.7444444444444445,
          "min": 0.0,
          "max": 7.4
        },
        "process_cpu_percent": {
          "mean": 99.29629629629632,
          "min": 0.0,
          "max": 113.9
        },
        "system_ram_used_mib": {
          "mean": 23660.283564814814,
          "min": 23584.328125,
          "max": 23716.16015625
        },
        "system_ram_percent": {
          "mean": 76.43703703703703,
          "min": 76.2,
          "max": 76.6
        },
        "process_rss_mib": {
          "mean": 3311.7581018518517,
          "min": 3221.61328125,
          "max": 3383.7109375
        },
        "torch_allocated_mib": {
          "mean": 5004.0223705150465,
          "min": 3725.724609375,
          "max": 6056.2861328125
        },
        "torch_reserved_mib": {
          "mean": 6604.074074074074,
          "min": 5676.0,
          "max": 7938.0
        }
      }
    }
  ]
}
