{
  "output": "benchmarks/pro_30fps_20260921/adv-ctl-r04",
  "runs": [
    {
      "repeat": 0,
      "generation_s": 13.561751166009344,
      "useful_fps": 18.43419754128733,
      "first_window_latency_s": 1.6419307130854577,
      "chunk_times_s": [
        1.6419307130854577,
        1.4648573769954965,
        1.4692740709288046,
        1.483764652046375,
        1.4719870829721913,
        1.4740465970244259,
        1.4830879550427198,
        1.4773504759650677,
        1.4761725410353392
      ],
      "chunk_distribution_s": {
        "count": 9,
        "min": 1.4648573769954965,
        "p50": 1.4761725410353392,
        "p95": 1.5786642886698246,
        "p99": 1.629277428202331,
        "max": 1.6419307130854577
      },
      "stage_seconds": {
        "audio": 0.07221430349349975,
        "dit": 3.5767742614746094,
        "vae_decode": 8.156888854980469,
        "motion_encode": 1.4109189453125
      },
      "peak_allocated_mib": 6051.72412109375,
      "peak_reserved_mib": 11136.0,
      "resource_summary": {
        "sample_count": 18,
        "gpu_utilization_percent": {
          "mean": 98.44444444444444,
          "min": 84.0,
          "max": 100.0
        },
        "gpu_vram_used_mib": {
          "mean": 8925.666666666666,
          "min": 8607.0,
          "max": 9733.0
        },
        "system_cpu_percent": {
          "mean": 4.455555555555556,
          "min": 0.0,
          "max": 7.1
        },
        "process_cpu_percent": {
          "mean": 97.84444444444442,
          "min": 0.0,
          "max": 108.2
        },
        "system_ram_used_mib": {
          "mean": 20058.014105902777,
          "min": 19929.60546875,
          "max": 20113.2421875
        },
        "system_ram_percent": {
          "mean": 64.80000000000001,
          "min": 64.4,
          "max": 65.0
        },
        "process_rss_mib": {
          "mean": 5142.039713541667,
          "min": 5005.390625,
          "max": 5190.359375
        },
        "torch_allocated_mib": {
          "mean": 4669.976264105902,
          "min": 4576.66015625,
          "max": 4931.7880859375
        },
        "torch_reserved_mib": {
          "mean": 7302.0,
          "min": 6024.0,
          "max": 9022.0
        }
      }
    }
  ]
}
