There are modules in WanModelAudioProject that should be kept in float32: []. Casting directly with `to()` can lead to inconsistent results; set `torch_dtype` in `from_pretrained()` instead to keep these modules in float32.
Some weights of Wav2Vec2Model were not initialized from the model checkpoint at /workspace/SoulX-FlashHead/models/wav2vec2-base-960h and are newly initialized: ['masked_spec_embed']
You should probably TRAIN this model on a down-stream task to be able to use it for predictions and inference.
/workspace/SoulX-FlashHead/flash_head/src/modules/flash_head_model.py:643: FutureWarning: `torch.cuda.amp.autocast(args...)` is deprecated. Please use `torch.amp.autocast('cuda', args...)` instead.
  with amp.autocast(dtype=torch.float32):
W0918 20:18:43.274000 449730 .venv/lib/python3.10/site-packages/torch/_dynamo/convert_frame.py:964] [22/8] torch._dynamo hit config.recompile_limit (8)
W0918 20:18:43.274000 449730 .venv/lib/python3.10/site-packages/torch/_dynamo/convert_frame.py:964] [22/8]    function: 'forward' (/workspace/SoulX-FlashHead/flash_head/wan/modules/vae.py:56)
W0918 20:18:43.274000 449730 .venv/lib/python3.10/site-packages/torch/_dynamo/convert_frame.py:964] [22/8]    last reason: 22/6: tensor 'x' stride mismatch at index 2. expected 2880, actual 1105920
W0918 20:18:43.274000 449730 .venv/lib/python3.10/site-packages/torch/_dynamo/convert_frame.py:964] [22/8] To log all recompilation reasons, use TORCH_LOGS="recompiles".
W0918 20:18:43.274000 449730 .venv/lib/python3.10/site-packages/torch/_dynamo/convert_frame.py:964] [22/8] To diagnose recompilation issues, see https://pytorch.org/docs/main/torch.compiler_troubleshooting.html.
W0918 20:18:43.338000 449730 .venv/lib/python3.10/site-packages/torch/_dynamo/convert_frame.py:964] [17/8] torch._dynamo hit config.recompile_limit (8)
W0918 20:18:43.338000 449730 .venv/lib/python3.10/site-packages/torch/_dynamo/convert_frame.py:964] [17/8]    function: 'forward' (/workspace/SoulX-FlashHead/flash_head/wan/modules/vae.py:34)
W0918 20:18:43.338000 449730 .venv/lib/python3.10/site-packages/torch/_dynamo/convert_frame.py:964] [17/8]    last reason: 17/6: tensor 'x' size mismatch at index 1. expected 384, actual 192
W0918 20:18:43.338000 449730 .venv/lib/python3.10/site-packages/torch/_dynamo/convert_frame.py:964] [17/8] To log all recompilation reasons, use TORCH_LOGS="recompiles".
W0918 20:18:43.338000 449730 .venv/lib/python3.10/site-packages/torch/_dynamo/convert_frame.py:964] [17/8] To diagnose recompilation issues, see https://pytorch.org/docs/main/torch.compiler_troubleshooting.html.
W0918 20:18:43.995000 449730 .venv/lib/python3.10/site-packages/torch/_dynamo/convert_frame.py:964] [23/8] torch._dynamo hit config.recompile_limit (8)
W0918 20:18:43.995000 449730 .venv/lib/python3.10/site-packages/torch/_dynamo/convert_frame.py:964] [23/8]    function: 'forward' (/workspace/SoulX-FlashHead/soulx_rtc/pro_vae_quantization.py:336)
W0918 20:18:43.995000 449730 .venv/lib/python3.10/site-packages/torch/_dynamo/convert_frame.py:964] [23/8]    last reason: 23/7: tensor 'x' size mismatch at index 1. expected 192, actual 384
W0918 20:18:43.995000 449730 .venv/lib/python3.10/site-packages/torch/_dynamo/convert_frame.py:964] [23/8] To log all recompilation reasons, use TORCH_LOGS="recompiles".
W0918 20:18:43.995000 449730 .venv/lib/python3.10/site-packages/torch/_dynamo/convert_frame.py:964] [23/8] To diagnose recompilation issues, see https://pytorch.org/docs/main/torch.compiler_troubleshooting.html.
/workspace/SoulX-FlashHead/flash_head/src/modules/flash_head_model.py:643: FutureWarning: `torch.cuda.amp.autocast(args...)` is deprecated. Please use `torch.amp.autocast('cuda', args...)` instead.
  with amp.autocast(dtype=torch.float32):
/workspace/SoulX-FlashHead/flash_head/src/modules/flash_head_model.py:643: FutureWarning: `torch.cuda.amp.autocast(args...)` is deprecated. Please use `torch.amp.autocast('cuda', args...)` instead.
  with amp.autocast(dtype=torch.float32):
/workspace/SoulX-FlashHead/flash_head/src/modules/flash_head_model.py:643: FutureWarning: `torch.cuda.amp.autocast(args...)` is deprecated. Please use `torch.amp.autocast('cuda', args...)` instead.
  with amp.autocast(dtype=torch.float32):
/workspace/SoulX-FlashHead/flash_head/src/modules/flash_head_model.py:643: FutureWarning: `torch.cuda.amp.autocast(args...)` is deprecated. Please use `torch.amp.autocast('cuda', args...)` instead.
  with amp.autocast(dtype=torch.float32):
/workspace/SoulX-FlashHead/flash_head/src/modules/flash_head_model.py:643: FutureWarning: `torch.cuda.amp.autocast(args...)` is deprecated. Please use `torch.amp.autocast('cuda', args...)` instead.
  with amp.autocast(dtype=torch.float32):
/workspace/SoulX-FlashHead/flash_head/src/modules/flash_head_model.py:643: FutureWarning: `torch.cuda.amp.autocast(args...)` is deprecated. Please use `torch.amp.autocast('cuda', args...)` instead.
  with amp.autocast(dtype=torch.float32):
/workspace/SoulX-FlashHead/flash_head/src/modules/flash_head_model.py:643: FutureWarning: `torch.cuda.amp.autocast(args...)` is deprecated. Please use `torch.amp.autocast('cuda', args...)` instead.
  with amp.autocast(dtype=torch.float32):
/workspace/SoulX-FlashHead/flash_head/src/modules/flash_head_model.py:643: FutureWarning: `torch.cuda.amp.autocast(args...)` is deprecated. Please use `torch.amp.autocast('cuda', args...)` instead.
  with amp.autocast(dtype=torch.float32):
/workspace/SoulX-FlashHead/flash_head/src/modules/flash_head_model.py:643: FutureWarning: `torch.cuda.amp.autocast(args...)` is deprecated. Please use `torch.amp.autocast('cuda', args...)` instead.
  with amp.autocast(dtype=torch.float32):
/workspace/SoulX-FlashHead/flash_head/src/modules/flash_head_model.py:643: FutureWarning: `torch.cuda.amp.autocast(args...)` is deprecated. Please use `torch.amp.autocast('cuda', args...)` instead.
  with amp.autocast(dtype=torch.float32):
