{
  "output": "benchmarks/pro_30fps_20260922/spans-graph-r01",
  "runs": [
    {
      "repeat": 0,
      "generation_s": 11.4983235480031,
      "useful_fps": 21.742299993238337,
      "first_window_latency_s": 1.3747166650136933,
      "chunk_times_s": [
        1.3747166650136933,
        1.2525563790695742,
        1.248248858959414,
        1.2472527889767662,
        1.249499754048884,
        1.2504705110331997,
        1.249214063049294,
        1.2496602010214701,
        1.251515905954875
      ],
      "chunk_distribution_s": {
        "count": 9,
        "min": 1.2472527889767662,
        "p50": 1.2496602010214701,
        "p95": 1.3258525506360457,
        "p99": 1.3649438421381637,
        "max": 1.3747166650136933
      },
      "stage_seconds": {
        "audio": 0.07238796806335449,
        "dit": 3.0996685791015626,
        "vae_decode": 6.954587585449218,
        "motion_encode": 1.0553194885253907
      },
      "peak_allocated_mib": 9031.2861328125,
      "peak_reserved_mib": 10622.0,
      "resource_summary": {
        "sample_count": 22,
        "gpu_utilization_percent": {
          "mean": 96.54545454545455,
          "min": 74.0,
          "max": 100.0
        },
        "gpu_vram_used_mib": {
          "mean": 11143.0,
          "min": 11143.0,
          "max": 11143.0
        },
        "system_cpu_percent": {
          "mean": 4.490909090909091,
          "min": 0.0,
          "max": 7.6
        },
        "process_cpu_percent": {
          "mean": 98.9,
          "min": 0.0,
          "max": 113.1
        },
        "system_ram_used_mib": {
          "mean": 18067.075106534092,
          "min": 17973.0703125,
          "max": 18099.1953125
        },
        "system_ram_percent": {
          "mean": 58.381818181818176,
          "min": 58.1,
          "max": 58.5
        },
        "process_rss_mib": {
          "mean": 5177.581321022727,
          "min": 5078.31640625,
          "max": 5200.99609375
        },
        "torch_allocated_mib": {
          "mean": 7766.089288884943,
          "min": 7603.5419921875,
          "max": 7829.04296875
        },
        "torch_reserved_mib": {
          "mean": 10622.0,
          "min": 10622.0,
          "max": 10622.0
        }
      }
    }
  ]
}
