{
  "overall_fps": {
    "reference": {
      "n": 12,
      "median": 10.397809029220118,
      "min": 10.286053048864499,
      "max": 10.40808007085529
    },
    "candidate": {
      "n": 12,
      "median": 11.782965384544543,
      "min": 11.614594739368554,
      "max": 11.812720091777752
    }
  },
  "paired_speedup": {
    "n": 12,
    "median": 1.134492495434401,
    "min": 1.120834434286856,
    "max": 1.1475128492823568
  },
  "per_seed_fps": {
    "0": {
      "reference": {
        "n": 3,
        "median": 10.40299384542575,
        "min": 10.40081527423372,
        "max": 10.406818148714748
      },
      "candidate": {
        "n": 3,
        "median": 11.751187233611526,
        "min": 11.657591904017842,
        "max": 11.812720091777752
      }
    },
    "1": {
      "reference": {
        "n": 3,
        "median": 10.293866949799465,
        "min": 10.291971815073662,
        "max": 10.394802784206517
      },
      "candidate": {
        "n": 3,
        "median": 11.791372155917205,
        "min": 11.78743336795849,
        "max": 11.810169902248887
      }
    },
    "50": {
      "reference": {
        "n": 3,
        "median": 10.300551388248513,
        "min": 10.292188988565213,
        "max": 10.401839925633169
      },
      "candidate": {
        "n": 3,
        "median": 11.697098937084174,
        "min": 11.614594739368554,
        "max": 11.785239609802396
      }
    },
    "51": {
      "reference": {
        "n": 3,
        "median": 10.402854350939188,
        "min": 10.286053048864499,
        "max": 10.40808007085529
      },
      "candidate": {
        "n": 3,
        "median": 11.780691159286691,
        "min": 11.67088837845588,
        "max": 11.811185771981869
      }
    }
  }
}
