/workspace/SoulX-FlashHead/soulx_rtc/pro_vae_stage_backend.py:45: TracerWarning: Converting a tensor to a Python boolean might cause the trace to be incorrect. We can't record the data flow of Python values, so this value will be treated as a constant in the future. This means that the trace might not generalize to other inputs!
  if x.shape[2] < 2 and previous is not None:
/workspace/SoulX-FlashHead/.venv/lib/python3.10/site-packages/torch/onnx/_internal/jit_utils.py:309: UserWarning: Constant folding - Only steps=1 can be constant folded for opset >= 10 onnx::Slice op. Constant folding not applied. (Triggered internally at /pytorch/torch/csrc/jit/passes/onnx/constant_fold.cpp:178.)
  _C._jit_pass_onnx_node_shape_type_inference(node, params_dict, opset_version)
/workspace/SoulX-FlashHead/.venv/lib/python3.10/site-packages/torch/onnx/utils.py:691: UserWarning: Constant folding - Only steps=1 can be constant folded for opset >= 10 onnx::Slice op. Constant folding not applied. (Triggered internally at /pytorch/torch/csrc/jit/passes/onnx/constant_fold.cpp:178.)
  _C._jit_pass_onnx_graph_shape_type_inference(
/workspace/SoulX-FlashHead/.venv/lib/python3.10/site-packages/torch/onnx/utils.py:1161: UserWarning: Constant folding - Only steps=1 can be constant folded for opset >= 10 onnx::Slice op. Constant folding not applied. (Triggered internally at /pytorch/torch/csrc/jit/passes/onnx/constant_fold.cpp:178.)
  _C._jit_pass_onnx_graph_shape_type_inference(
Traceback (most recent call last):
  File "/usr/lib/python3.10/runpy.py", line 196, in _run_module_as_main
    return _run_code(code, main_globals, None,
  File "/usr/lib/python3.10/runpy.py", line 86, in _run_code
    exec(code, run_globals)
  File "/workspace/SoulX-FlashHead/benchmarks/pro_30fps_20260919/decoder_stages.py", line 242, in <module>
    if __name__=='__main__':main()
  File "/workspace/SoulX-FlashHead/benchmarks/pro_30fps_20260919/decoder_stages.py", line 232, in main
    (capture if args.command=='capture' else build)(args,output,result)
  File "/workspace/SoulX-FlashHead/benchmarks/pro_30fps_20260919/decoder_stages.py", line 184, in build
    raise RuntimeError('Stage inspector does not prove all requested INT8 convolutions')
RuntimeError: Stage inspector does not prove all requested INT8 convolutions
