{
  "output": "benchmarks/pro_30fps_20260921/s30-base-raw",
  "runs": [
    {
      "repeat": 0,
      "generation_s": 13.230093741090968,
      "useful_fps": 18.896313578151922,
      "first_window_latency_s": 1.6001649970421568,
      "chunk_times_s": [
        1.6001649970421568,
        1.4205303579801694,
        1.430194617016241,
        1.4340609629871324,
        1.4465358239831403,
        1.4437982230447233,
        1.4336075939936563,
        1.4266227759653702,
        1.4382925069658086
      ],
      "chunk_distribution_s": {
        "count": 9,
        "min": 1.4205303579801694,
        "p50": 1.4340609629871324,
        "p95": 1.53871332781855,
        "p99": 1.5878746631974354,
        "max": 1.6001649970421568
      },
      "stage_seconds": {
        "audio": 0.07270118522644042,
        "dit": 3.532976593017578,
        "vae_decode": 8.128828552246095,
        "motion_encode": 1.117660575866699
      },
      "peak_allocated_mib": 6008.25439453125,
      "peak_reserved_mib": 11136.0,
      "resource_summary": {
        "sample_count": 18,
        "gpu_utilization_percent": {
          "mean": 96.44444444444444,
          "min": 79.0,
          "max": 100.0
        },
        "gpu_vram_used_mib": {
          "mean": 8898.333333333334,
          "min": 8607.0,
          "max": 9731.0
        },
        "system_cpu_percent": {
          "mean": 4.772222222222222,
          "min": 0.0,
          "max": 7.7
        },
        "process_cpu_percent": {
          "mean": 98.42222222222222,
          "min": 0.0,
          "max": 111.0
        },
        "system_ram_used_mib": {
          "mean": 21786.62109375,
          "min": 21758.27734375,
          "max": 21852.94140625
        },
        "system_ram_percent": {
          "mean": 70.38333333333334,
          "min": 70.3,
          "max": 70.6
        },
        "process_rss_mib": {
          "mean": 5141.710069444444,
          "min": 5029.71484375,
          "max": 5157.26171875
        },
        "torch_allocated_mib": {
          "mean": 4716.529595269098,
          "min": 4576.6748046875,
          "max": 5608.703125
        },
        "torch_reserved_mib": {
          "mean": 7254.222222222223,
          "min": 5852.0,
          "max": 9022.0
        }
      }
    }
  ]
}
