{
  "output": "benchmarks/pro_30fps_20260922/dit-mid6-s1-r01",
  "runs": [
    {
      "repeat": 0,
      "generation_s": 12.329421730013564,
      "useful_fps": 20.276701168508488,
      "first_window_latency_s": 1.480349240009673,
      "chunk_times_s": [
        1.480349240009673,
        1.3406599860172719,
        1.342657309025526,
        1.3405199660919607,
        1.3425708890426904,
        1.3462865760084242,
        1.338597890920937,
        1.3387386300601065,
        1.3451763880439103
      ],
      "chunk_distribution_s": {
        "count": 9,
        "min": 1.338597890920937,
        "p50": 1.3425708890426904,
        "p95": 1.4267241744091734,
        "p99": 1.469624226889573,
        "max": 1.480349240009673
      },
      "stage_seconds": {
        "audio": 0.07169977664947509,
        "dit": 3.2036779785156253,
        "vae_decode": 7.6271640625,
        "motion_encode": 1.1149359970092774
      },
      "peak_allocated_mib": 8927.68505859375,
      "peak_reserved_mib": 10420.0,
      "resource_summary": {
        "sample_count": 24,
        "gpu_utilization_percent": {
          "mean": 99.20833333333333,
          "min": 81.0,
          "max": 100.0
        },
        "gpu_vram_used_mib": {
          "mean": 10895.0,
          "min": 10895.0,
          "max": 10895.0
        },
        "system_cpu_percent": {
          "mean": 3.2624999999999993,
          "min": 0.0,
          "max": 3.9
        },
        "process_cpu_percent": {
          "mean": 98.64583333333333,
          "min": 0.0,
          "max": 109.8
        },
        "system_ram_used_mib": {
          "mean": 17736.2685546875,
          "min": 17658.49609375,
          "max": 17758.0546875
        },
        "system_ram_percent": {
          "mean": 57.33750000000001,
          "min": 57.1,
          "max": 57.4
        },
        "process_rss_mib": {
          "mean": 5163.44970703125,
          "min": 5085.34765625,
          "max": 5184.4140625
        },
        "torch_allocated_mib": {
          "mean": 7652.130696614583,
          "min": 7500.802734375,
          "max": 7765.953125
        },
        "torch_reserved_mib": {
          "mean": 10420.0,
          "min": 10420.0,
          "max": 10420.0
        }
      }
    }
  ]
}
