{
  "output": "benchmarks/pro_30fps_20260922/tae-decenc-trt-tts-open-vowels-r01",
  "runs": [
    {
      "repeat": 0,
      "generation_s": 4.733763610012829,
      "useful_fps": 52.812100602404705,
      "first_window_latency_s": 0.5338257160037756,
      "chunk_times_s": [
        0.5338257160037756,
        0.5240172580815852,
        0.5241222169715911,
        0.5272552480455488,
        0.5253901251126081,
        0.5243940269574523,
        0.5241941178683192,
        0.5245660978835076,
        0.5255493740551174
      ],
      "chunk_distribution_s": {
        "count": 9,
        "min": 0.5240172580815852,
        "p50": 0.5245660978835076,
        "p95": 0.5311975288204849,
        "p99": 0.5333000785671175,
        "max": 0.5338257160037756
      },
      "stage_seconds": {
        "audio": 0.07195987176895141,
        "dit": 4.112681915283203,
        "vae_decode": 0.33448076629638673,
        "motion_encode": 0.05763558387756347
      },
      "peak_allocated_mib": 4859.27685546875,
      "peak_reserved_mib": 5778.0,
      "resource_summary": {
        "sample_count": 9,
        "gpu_utilization_percent": {
          "mean": 97.77777777777777,
          "min": 93.0,
          "max": 100.0
        },
        "gpu_vram_used_mib": {
          "mean": 6105.0,
          "min": 6105.0,
          "max": 6105.0
        },
        "system_cpu_percent": {
          "mean": 4.466666666666667,
          "min": 0.0,
          "max": 9.2
        },
        "process_cpu_percent": {
          "mean": 89.05555555555556,
          "min": 0.0,
          "max": 102.0
        },
        "system_ram_used_mib": {
          "mean": 21384.391493055555,
          "min": 21375.8984375,
          "max": 21388.86328125
        },
        "system_ram_percent": {
          "mean": 69.10000000000001,
          "min": 69.1,
          "max": 69.1
        },
        "process_rss_mib": {
          "mean": 4844.664496527777,
          "min": 4844.56640625,
          "max": 4845.44921875
        },
        "torch_allocated_mib": {
          "mean": 4572.138346354167,
          "min": 4461.23095703125,
          "max": 4604.16455078125
        },
        "torch_reserved_mib": {
          "mean": 5778.0,
          "min": 5778.0,
          "max": 5778.0
        }
      }
    }
  ]
}
