{
  "output": "benchmarks/pro_30fps_20260920/quality-steps4-seed0",
  "runs": [
    {
      "repeat": 0,
      "generation_s": 21.20806203200482,
      "useful_fps": 11.787970047556827,
      "first_window_latency_s": 2.3345795560162514,
      "chunk_times_s": [
        2.3345795560162514,
        2.3390186990145594,
        2.3479344930965453,
        2.3620232300600037,
        2.352143294061534,
        2.3629360030172393,
        2.3203018410131335,
        2.347225602949038,
        2.327866018982604
      ],
      "chunk_distribution_s": {
        "count": 9,
        "min": 2.3203018410131335,
        "p50": 2.347225602949038,
        "p95": 2.362570893834345,
        "p99": 2.3628629811806605,
        "max": 2.3629360030172393
      },
      "stage_seconds": {
        "audio": 0.07326396799087524,
        "dit": 8.427384460449218,
        "vae_decode": 11.013960571289061,
        "motion_encode": 1.378041931152344
      },
      "peak_allocated_mib": 5041.33154296875,
      "peak_reserved_mib": 8262.0,
      "resource_summary": {
        "sample_count": 31,
        "gpu_utilization_percent": {
          "mean": 98.45161290322581,
          "min": 80.0,
          "max": 100.0
        },
        "gpu_vram_used_mib": {
          "mean": 11162.129032258064,
          "min": 10004.0,
          "max": 11776.0
        },
        "system_cpu_percent": {
          "mean": 5.116129032258065,
          "min": 0.0,
          "max": 9.2
        },
        "process_cpu_percent": {
          "mean": 97.12258064516129,
          "min": 0.0,
          "max": 107.8
        },
        "system_ram_used_mib": {
          "mean": 22144.707157258064,
          "min": 22080.24609375,
          "max": 22302.26953125
        },
        "system_ram_percent": {
          "mean": 71.54838709677416,
          "min": 71.3,
          "max": 72.1
        },
        "process_rss_mib": {
          "mean": 4959.867817540323,
          "min": 4869.7109375,
          "max": 4992.05078125
        },
        "torch_allocated_mib": {
          "mean": 3761.9864856350805,
          "min": 3165.8427734375,
          "max": 5019.95654296875
        },
        "torch_reserved_mib": {
          "mean": 7316.129032258064,
          "min": 6426.0,
          "max": 7814.0
        }
      }
    }
  ]
}
