{
  "output": "benchmarks/pro_30fps_20260920/iso-stacked-a-noexp",
  "runs": [
    {
      "repeat": 0,
      "generation_s": 16.309272848884575,
      "useful_fps": 15.328703021673833,
      "first_window_latency_s": 1.8096525609726086,
      "chunk_times_s": [
        1.8096525609726086,
        1.7912683160975575,
        1.792721920995973,
        1.793846977991052,
        1.802759668091312,
        1.7971414579078555,
        1.8183085060445592,
        1.7810087349498644,
        1.794089690898545
      ],
      "chunk_distribution_s": {
        "count": 9,
        "min": 1.7810087349498644,
        "p50": 1.794089690898545,
        "p95": 1.814846128015779,
        "p99": 1.8176160304388032,
        "max": 1.8183085060445592
      },
      "stage_seconds": {
        "audio": 0.07298966360092163,
        "dit": 3.8398058929443355,
        "vae_decode": 10.968829345703124,
        "motion_encode": 1.0831935424804686
      },
      "peak_allocated_mib": 4904.08251953125,
      "peak_reserved_mib": 8238.0,
      "resource_summary": {
        "sample_count": 24,
        "gpu_utilization_percent": {
          "mean": 98.79166666666667,
          "min": 83.0,
          "max": 100.0
        },
        "gpu_vram_used_mib": {
          "mean": 11285.5,
          "min": 10584.0,
          "max": 11774.0
        },
        "system_cpu_percent": {
          "mean": 8.725,
          "min": 3.1,
          "max": 100.0
        },
        "process_cpu_percent": {
          "mean": 96.83749999999999,
          "min": 0.0,
          "max": 115.4
        },
        "system_ram_used_mib": {
          "mean": 23155.7744140625,
          "min": 22811.8984375,
          "max": 23217.0234375
        },
        "system_ram_percent": {
          "mean": 74.81666666666666,
          "min": 73.7,
          "max": 75.0
        },
        "process_rss_mib": {
          "mean": 5108.6318359375,
          "min": 5000.91796875,
          "max": 5125.56640625
        },
        "torch_allocated_mib": {
          "mean": 3793.7027180989585,
          "min": 3031.40625,
          "max": 4882.98876953125
        },
        "torch_reserved_mib": {
          "mean": 7381.166666666667,
          "min": 6944.0,
          "max": 7824.0
        }
      }
    }
  ]
}
