{
  "output": "benchmarks/pro_30fps_20260921/s30-b-hist1",
  "runs": [
    {
      "repeat": 0,
      "generation_s": 13.549209994962439,
      "useful_fps": 18.45126026483827,
      "first_window_latency_s": 1.5212957760086283,
      "chunk_times_s": [
        1.5212957760086283,
        1.4169945379253477,
        1.3808349429164082,
        1.4451317520579323,
        1.3682031319476664,
        1.5137332590529695,
        1.6325928129954264,
        1.600708916084841,
        1.536535165971145
      ],
      "chunk_distribution_s": {
        "count": 9,
        "min": 1.3682031319476664,
        "p50": 1.5137332590529695,
        "p95": 1.6198392542311921,
        "p99": 1.6300421012425794,
        "max": 1.6325928129954264
      },
      "stage_seconds": {
        "audio": 0.08249225711822511,
        "dit": 3.481202346801758,
        "vae_decode": 9.1975712890625,
        "motion_encode": 0.3968613090515137
      },
      "peak_allocated_mib": 5614.6552734375,
      "peak_reserved_mib": 10222.0,
      "resource_summary": {
        "sample_count": 19,
        "gpu_utilization_percent": {
          "mean": 96.63157894736842,
          "min": 52.0,
          "max": 100.0
        },
        "gpu_vram_used_mib": {
          "mean": 10623.368421052632,
          "min": 10188.0,
          "max": 11844.0
        },
        "system_cpu_percent": {
          "mean": 7.221052631578947,
          "min": 0.0,
          "max": 12.5
        },
        "process_cpu_percent": {
          "mean": 98.88421052631578,
          "min": 0.0,
          "max": 111.1
        },
        "system_ram_used_mib": {
          "mean": 25374.780222039473,
          "min": 24115.984375,
          "max": 26004.1796875
        },
        "system_ram_percent": {
          "mean": 81.97894736842106,
          "min": 77.9,
          "max": 84.0
        },
        "process_rss_mib": {
          "mean": 4924.773848684211,
          "min": 4787.48046875,
          "max": 4949.41015625
        },
        "torch_allocated_mib": {
          "mean": 4790.951043379934,
          "min": 4577.458984375,
          "max": 5465.8544921875
        },
        "torch_reserved_mib": {
          "mean": 7655.368421052632,
          "min": 5956.0,
          "max": 9130.0
        }
      }
    }
  ]
}
