{
  "output": "benchmarks/pro_30fps_20260921/p1-c-full",
  "runs": [
    {
      "repeat": 0,
      "generation_s": 14.625857269973494,
      "useful_fps": 17.093015157015344,
      "first_window_latency_s": 1.615165314055048,
      "chunk_times_s": [
        1.615165314055048,
        1.5992929839994758,
        1.6002366120228544,
        1.6251458510523662,
        1.6088821419980377,
        1.6144025719258934,
        1.6102771330624819,
        1.6170866169268265,
        1.6106523069320247
      ],
      "chunk_distribution_s": {
        "count": 9,
        "min": 1.5992929839994758,
        "p50": 1.6106523069320247,
        "p95": 1.6219221574021503,
        "p99": 1.624501112322323,
        "max": 1.6251458510523662
      },
      "stage_seconds": {
        "audio": 0.07280431890487671,
        "dit": 3.8303683776855464,
        "vae_decode": 9.274118835449219,
        "motion_encode": 1.1183776626586914
      },
      "peak_allocated_mib": 5619.962890625,
      "peak_reserved_mib": 11146.0,
      "resource_summary": {
        "sample_count": 18,
        "gpu_utilization_percent": {
          "mean": 99.16666666666667,
          "min": 86.0,
          "max": 100.0
        },
        "gpu_vram_used_mib": {
          "mean": 9528.555555555555,
          "min": 9359.0,
          "max": 9941.0
        },
        "system_cpu_percent": {
          "mean": 8.88888888888889,
          "min": 0.0,
          "max": 13.4
        },
        "process_cpu_percent": {
          "mean": 96.4,
          "min": 0.0,
          "max": 105.6
        },
        "system_ram_used_mib": {
          "mean": 22796.99782986111,
          "min": 22669.94140625,
          "max": 22990.6328125
        },
        "system_ram_percent": {
          "mean": 73.63888888888887,
          "min": 73.2,
          "max": 74.3
        },
        "process_rss_mib": {
          "mean": 5038.859375,
          "min": 5005.07421875,
          "max": 5044.546875
        },
        "torch_allocated_mib": {
          "mean": 4360.43994140625,
          "min": 3742.0517578125,
          "max": 4931.861328125
        },
        "torch_reserved_mib": {
          "mean": 7551.888888888889,
          "min": 5906.0,
          "max": 9232.0
        }
      }
    }
  ]
}
