{
  "output": "benchmarks/pro_30fps_20260921/adv-ctl-r03",
  "runs": [
    {
      "repeat": 0,
      "generation_s": 21.98805160995107,
      "useful_fps": 11.369811406430308,
      "first_window_latency_s": 2.7409016919555143,
      "chunk_times_s": [
        2.7409016919555143,
        2.6074111110065132,
        2.722813860978931,
        2.5760304669383913,
        2.5207744350191206,
        2.631266415002756,
        2.7237815470434725,
        1.765271218959242,
        1.5768138599814847
      ],
      "chunk_distribution_s": {
        "count": 9,
        "min": 1.5768138599814847,
        "p50": 2.6074111110065132,
        "p95": 2.7340536339906976,
        "p99": 2.739532080362551,
        "max": 2.7409016919555143
      },
      "stage_seconds": {
        "audio": 0.13037212753295896,
        "dit": 6.173303421020508,
        "vae_decode": 12.790054504394531,
        "motion_encode": 2.378546890258789
      },
      "peak_allocated_mib": 6051.07568359375,
      "peak_reserved_mib": 10952.0,
      "resource_summary": {
        "sample_count": 32,
        "gpu_utilization_percent": {
          "mean": 99.875,
          "min": 97.0,
          "max": 100.0
        },
        "gpu_vram_used_mib": {
          "mean": 10908.5,
          "min": 9578.0,
          "max": 11612.0
        },
        "system_cpu_percent": {
          "mean": 5.7,
          "min": 0.0,
          "max": 10.2
        },
        "process_cpu_percent": {
          "mean": 98.76249999999996,
          "min": 0.0,
          "max": 111.5
        },
        "system_ram_used_mib": {
          "mean": 23561.037841796875,
          "min": 23470.21484375,
          "max": 23621.96875
        },
        "system_ram_percent": {
          "mean": 76.12187500000002,
          "min": 75.8,
          "max": 76.3
        },
        "process_rss_mib": {
          "mean": 5011.410400390625,
          "min": 4963.734375,
          "max": 5030.9296875
        },
        "torch_allocated_mib": {
          "mean": 4719.6380615234375,
          "min": 4627.2734375,
          "max": 5473.7900390625
        },
        "torch_reserved_mib": {
          "mean": 8444.625,
          "min": 6218.0,
          "max": 9796.0
        }
      }
    }
  ]
}
