{
  "output": "benchmarks/pro_30fps_20260921/single-stream-r01",
  "runs": [
    {
      "repeat": 0,
      "generation_s": 7.719657739973627,
      "useful_fps": 32.38485544578743,
      "first_window_latency_s": 0.9156365470262244,
      "chunk_times_s": [
        0.9156365470262244,
        0.8333409810438752,
        0.8343840899178758,
        0.8311841241084039,
        0.8361275939969346,
        0.8377759819850326,
        0.8360622839536518,
        0.8338267569197342,
        0.8379379500402138
      ],
      "chunk_distribution_s": {
        "count": 9,
        "min": 0.8311841241084039,
        "p50": 0.8360622839536518,
        "p95": 0.8845571082318201,
        "p99": 0.9094206592673436,
        "max": 0.9156365470262244
      },
      "stage_seconds": {
        "audio": 0.0720490231513977,
        "dit": 2.0127281570434574,
        "vae_decode": 4.5756041564941405,
        "motion_encode": 0.6943755264282226
      },
      "peak_allocated_mib": 7053.29541015625,
      "peak_reserved_mib": 8120.0,
      "resource_summary": {
        "sample_count": 15,
        "gpu_utilization_percent": {
          "mean": 94.06666666666666,
          "min": 68.0,
          "max": 100.0
        },
        "gpu_vram_used_mib": {
          "mean": 8835.0,
          "min": 8835.0,
          "max": 8835.0
        },
        "system_cpu_percent": {
          "mean": 5.606666666666667,
          "min": 0.0,
          "max": 10.8
        },
        "process_cpu_percent": {
          "mean": 97.73333333333333,
          "min": 0.0,
          "max": 110.9
        },
        "system_ram_used_mib": {
          "mean": 20129.823177083334,
          "min": 20066.375,
          "max": 20189.25390625
        },
        "system_ram_percent": {
          "mean": 65.02666666666669,
          "min": 64.8,
          "max": 65.2
        },
        "process_rss_mib": {
          "mean": 3492.5216145833333,
          "min": 3434.8359375,
          "max": 3554.80859375
        },
        "torch_allocated_mib": {
          "mean": 6248.793001302083,
          "min": 6144.74609375,
          "max": 6300.8330078125
        },
        "torch_reserved_mib": {
          "mean": 8120.0,
          "min": 8120.0,
          "max": 8120.0
        }
      }
    }
  ]
}
