{
  "output": "benchmarks/pro_30fps_20260921/s30-final-safe",
  "runs": [
    {
      "repeat": 0,
      "generation_s": 13.142687910003588,
      "useful_fps": 19.021984065353323,
      "first_window_latency_s": 1.5830031569348648,
      "chunk_times_s": [
        1.5830031569348648,
        1.4173297600355,
        1.4258057830156758,
        1.4298028600169346,
        1.438453531009145,
        1.4298572289990261,
        1.435704078990966,
        1.4380866619758308,
        1.4278311739908531
      ],
      "chunk_distribution_s": {
        "count": 9,
        "min": 1.4173297600355,
        "p50": 1.4298572289990261,
        "p95": 1.5251833065645768,
        "p99": 1.5714391868608073,
        "max": 1.5830031569348648
      },
      "stage_seconds": {
        "audio": 0.07276073551177979,
        "dit": 3.5622093353271485,
        "vae_decode": 8.070581909179687,
        "motion_encode": 1.1178380203247071
      },
      "peak_allocated_mib": 6007.73974609375,
      "peak_reserved_mib": 11136.0,
      "resource_summary": {
        "sample_count": 18,
        "gpu_utilization_percent": {
          "mean": 98.72222222222223,
          "min": 79.0,
          "max": 100.0
        },
        "gpu_vram_used_mib": {
          "mean": 8938.777777777777,
          "min": 8673.0,
          "max": 9733.0
        },
        "system_cpu_percent": {
          "mean": 4.75,
          "min": 0.0,
          "max": 7.6
        },
        "process_cpu_percent": {
          "mean": 97.35555555555554,
          "min": 0.0,
          "max": 108.2
        },
        "system_ram_used_mib": {
          "mean": 19542.386284722223,
          "min": 19492.60546875,
          "max": 19570.78515625
        },
        "system_ram_percent": {
          "mean": 63.1388888888889,
          "min": 63.0,
          "max": 63.2
        },
        "process_rss_mib": {
          "mean": 5050.569878472223,
          "min": 5015.8125,
          "max": 5056.265625
        },
        "torch_allocated_mib": {
          "mean": 4716.449788411458,
          "min": 4575.91015625,
          "max": 5608.6884765625
        },
        "torch_reserved_mib": {
          "mean": 7332.444444444444,
          "min": 6056.0,
          "max": 9024.0
        }
      }
    }
  ]
}
