WARNING: All log messages before absl::InitializeLog() is called are written to STDERR
I0000 00:00:1789612029.642320  257826 gl_context_egl.cc:85] Successfully initialized EGL. Major : 1 Minor: 5
I0000 00:00:1789612029.689986  257955 gl_context.cc:344] GL version: 3.2 (OpenGL ES 3.2 NVIDIA 595.84), renderer: NVIDIA GeForce RTX 4070 SUPER/PCIe/SSE2
INFO: Created TensorFlow Lite XNNPACK delegate for CPU.
{"name": "seed7-shift5-history2", "seed": 7, "shift": 5, "history": 2, "detected_frames": 250, "total_frames": 250, "metrics": {"mouth_opening_mean": 0.10070019919870776, "mouth_opening_p95": 0.2579309499655688, "roll_span_degrees": 5.267290290125611, "horizontal_span_eye_units": 0.15088275817271113, "vertical_span_eye_units": 0.2786301252495347, "yaw_proxy_span": 0.14562849796182323, "pitch_proxy_span": 0.1454628306703174, "mouth_adjacent_change_mean": 0.02320350594122605}}
I0000 00:00:1789612030.366300  257826 gl_context_egl.cc:85] Successfully initialized EGL. Major : 1 Minor: 5
I0000 00:00:1789612030.396022  258066 gl_context.cc:344] GL version: 3.2 (OpenGL ES 3.2 NVIDIA 595.84), renderer: NVIDIA GeForce RTX 4070 SUPER/PCIe/SSE2
{"name": "seed50-shift5-history2", "seed": 50, "shift": 5, "history": 2, "detected_frames": 250, "total_frames": 250, "metrics": {"mouth_opening_mean": 0.1046820940245207, "mouth_opening_p95": 0.2637689101468091, "roll_span_degrees": 8.601281448707176, "horizontal_span_eye_units": 0.14726279627987582, "vertical_span_eye_units": 0.23790267077327276, "yaw_proxy_span": 0.07140631044625173, "pitch_proxy_span": 0.12682084461333398, "mouth_adjacent_change_mean": 0.023677827378977258}}
I0000 00:00:1789612031.005576  257826 gl_context_egl.cc:85] Successfully initialized EGL. Major : 1 Minor: 5
I0000 00:00:1789612031.070829  258153 gl_context.cc:344] GL version: 3.2 (OpenGL ES 3.2 NVIDIA 595.84), renderer: NVIDIA GeForce RTX 4070 SUPER/PCIe/SSE2
{"name": "seed99-shift5-history2", "seed": 99, "shift": 5, "history": 2, "detected_frames": 250, "total_frames": 250, "metrics": {"mouth_opening_mean": 0.10458319546738248, "mouth_opening_p95": 0.2651025725655676, "roll_span_degrees": 5.692828620585481, "horizontal_span_eye_units": 0.19661011011881493, "vertical_span_eye_units": 0.2357478040723601, "yaw_proxy_span": 0.10381384322423022, "pitch_proxy_span": 0.13186366483667866, "mouth_adjacent_change_mean": 0.02495529005031794}}
I0000 00:00:1789612033.728627  257826 gl_context_egl.cc:85] Successfully initialized EGL. Major : 1 Minor: 5
I0000 00:00:1789612033.766684  258231 gl_context.cc:344] GL version: 3.2 (OpenGL ES 3.2 NVIDIA 595.84), renderer: NVIDIA GeForce RTX 4070 SUPER/PCIe/SSE2
{"name": "seed0-shift5-history2", "seed": 0, "shift": 5, "history": 2, "detected_frames": 250, "total_frames": 250, "metrics": {"mouth_opening_mean": 0.10822087697146765, "mouth_opening_p95": 0.26594625948494716, "roll_span_degrees": 5.001857275339578, "horizontal_span_eye_units": 0.2194929911804197, "vertical_span_eye_units": 0.2733835899812213, "yaw_proxy_span": 0.08886545496075701, "pitch_proxy_span": 0.13807155761350282, "mouth_adjacent_change_mean": 0.02368690413247331}}
I0000 00:00:1789612040.382682  257826 gl_context_egl.cc:85] Successfully initialized EGL. Major : 1 Minor: 5
I0000 00:00:1789612040.421312  258344 gl_context.cc:344] GL version: 3.2 (OpenGL ES 3.2 NVIDIA 595.84), renderer: NVIDIA GeForce RTX 4070 SUPER/PCIe/SSE2
{"name": "seed1-shift5-history2", "seed": 1, "shift": 5, "history": 2, "detected_frames": 250, "total_frames": 250, "metrics": {"mouth_opening_mean": 0.10151943172603808, "mouth_opening_p95": 0.2544955092022899, "roll_span_degrees": 4.801095796636648, "horizontal_span_eye_units": 0.17427355280947643, "vertical_span_eye_units": 0.23828566439374893, "yaw_proxy_span": 0.10525726163496707, "pitch_proxy_span": 0.15097521326231583, "mouth_adjacent_change_mean": 0.025094541741343915}}
I0000 00:00:1789612049.102334  257826 gl_context_egl.cc:85] Successfully initialized EGL. Major : 1 Minor: 5
I0000 00:00:1789612049.140613  258457 gl_context.cc:344] GL version: 3.2 (OpenGL ES 3.2 NVIDIA 595.84), renderer: NVIDIA GeForce RTX 4070 SUPER/PCIe/SSE2
{"name": "seed42-shift5-history2", "seed": 42, "shift": 5, "history": 2, "detected_frames": 250, "total_frames": 250, "metrics": {"mouth_opening_mean": 0.09560373701103979, "mouth_opening_p95": 0.23472647084241277, "roll_span_degrees": 5.388550876798763, "horizontal_span_eye_units": 0.30574374321624787, "vertical_span_eye_units": 0.2163420486737927, "yaw_proxy_span": 0.11980520918772332, "pitch_proxy_span": 0.11986366596457054, "mouth_adjacent_change_mean": 0.023666564779114486}}
I0000 00:00:1789612059.842350  257826 gl_context_egl.cc:85] Successfully initialized EGL. Major : 1 Minor: 5
I0000 00:00:1789612059.900965  258570 gl_context.cc:344] GL version: 3.2 (OpenGL ES 3.2 NVIDIA 595.84), renderer: NVIDIA GeForce RTX 4070 SUPER/PCIe/SSE2
{"name": "seed51-shift5-history2", "seed": 51, "shift": 5, "history": 2, "detected_frames": 250, "total_frames": 250, "metrics": {"mouth_opening_mean": 0.09045824137464221, "mouth_opening_p95": 0.23150620260912952, "roll_span_degrees": 8.049172403778577, "horizontal_span_eye_units": 0.22553755480013551, "vertical_span_eye_units": 0.30884689724853365, "yaw_proxy_span": 0.08316144066415726, "pitch_proxy_span": 0.15378691335255956, "mouth_adjacent_change_mean": 0.02184450400677041}}
I0000 00:00:1789612068.613895  257826 gl_context_egl.cc:85] Successfully initialized EGL. Major : 1 Minor: 5
I0000 00:00:1789612068.651428  258687 gl_context.cc:344] GL version: 3.2 (OpenGL ES 3.2 NVIDIA 595.84), renderer: NVIDIA GeForce RTX 4070 SUPER/PCIe/SSE2
{"name": "seed1234-shift5-history2", "seed": 1234, "shift": 5, "history": 2, "detected_frames": 250, "total_frames": 250, "metrics": {"mouth_opening_mean": 0.10084246286105945, "mouth_opening_p95": 0.23294634877958068, "roll_span_degrees": 8.892134746616659, "horizontal_span_eye_units": 0.34901256347769827, "vertical_span_eye_units": 0.16173974889797693, "yaw_proxy_span": 0.13383697883139747, "pitch_proxy_span": 0.11307049905898164, "mouth_adjacent_change_mean": 0.0236771769594141}}
I0000 00:00:1789612077.371676  257826 gl_context_egl.cc:85] Successfully initialized EGL. Major : 1 Minor: 5
I0000 00:00:1789612077.408678  258801 gl_context.cc:344] GL version: 3.2 (OpenGL ES 3.2 NVIDIA 595.84), renderer: NVIDIA GeForce RTX 4070 SUPER/PCIe/SSE2
{"name": "seed7-shift0.5-history2", "seed": 7, "shift": 0.5, "history": 2, "detected_frames": 250, "total_frames": 250, "metrics": {"mouth_opening_mean": 0.11109525210687976, "mouth_opening_p95": 0.26678807822857364, "roll_span_degrees": 4.048300656159936, "horizontal_span_eye_units": 0.10505940852483389, "vertical_span_eye_units": 0.16075891861959488, "yaw_proxy_span": 0.07939306822232656, "pitch_proxy_span": 0.13564895683773487, "mouth_adjacent_change_mean": 0.031542470500861605}}
I0000 00:00:1789612086.024530  257826 gl_context_egl.cc:85] Successfully initialized EGL. Major : 1 Minor: 5
I0000 00:00:1789612086.069406  258924 gl_context.cc:344] GL version: 3.2 (OpenGL ES 3.2 NVIDIA 595.84), renderer: NVIDIA GeForce RTX 4070 SUPER/PCIe/SSE2
{"name": "seed7-shift1-history2", "seed": 7, "shift": 1, "history": 2, "detected_frames": 250, "total_frames": 250, "metrics": {"mouth_opening_mean": 0.11000901951951612, "mouth_opening_p95": 0.2677725069002231, "roll_span_degrees": 5.016339829252102, "horizontal_span_eye_units": 0.1111734545380106, "vertical_span_eye_units": 0.19358704134729354, "yaw_proxy_span": 0.10696554730717908, "pitch_proxy_span": 0.16717125382780373, "mouth_adjacent_change_mean": 0.032805250907630014}}
I0000 00:00:1789612094.785152  257826 gl_context_egl.cc:85] Successfully initialized EGL. Major : 1 Minor: 5
I0000 00:00:1789612094.822379  259042 gl_context.cc:344] GL version: 3.2 (OpenGL ES 3.2 NVIDIA 595.84), renderer: NVIDIA GeForce RTX 4070 SUPER/PCIe/SSE2
{"name": "seed7-shift2-history2", "seed": 7, "shift": 2, "history": 2, "detected_frames": 250, "total_frames": 250, "metrics": {"mouth_opening_mean": 0.10669766553685597, "mouth_opening_p95": 0.2562477070793095, "roll_span_degrees": 4.432260872285579, "horizontal_span_eye_units": 0.14898924482489626, "vertical_span_eye_units": 0.24433434399169224, "yaw_proxy_span": 0.09403522656446078, "pitch_proxy_span": 0.1743222079967096, "mouth_adjacent_change_mean": 0.02627902146255539}}
I0000 00:00:1789612103.535735  257826 gl_context_egl.cc:85] Successfully initialized EGL. Major : 1 Minor: 5
I0000 00:00:1789612103.578031  259171 gl_context.cc:344] GL version: 3.2 (OpenGL ES 3.2 NVIDIA 595.84), renderer: NVIDIA GeForce RTX 4070 SUPER/PCIe/SSE2
{"name": "seed7-shift3-history2", "seed": 7, "shift": 3, "history": 2, "detected_frames": 250, "total_frames": 250, "metrics": {"mouth_opening_mean": 0.10772607370932459, "mouth_opening_p95": 0.24581676851562828, "roll_span_degrees": 5.715824075297748, "horizontal_span_eye_units": 0.15985031277151288, "vertical_span_eye_units": 0.22704356919506485, "yaw_proxy_span": 0.09744639793503077, "pitch_proxy_span": 0.17324816807512033, "mouth_adjacent_change_mean": 0.02407325670623921}}
I0000 00:00:1789612114.285379  257826 gl_context_egl.cc:85] Successfully initialized EGL. Major : 1 Minor: 5
I0000 00:00:1789612114.323350  259285 gl_context.cc:344] GL version: 3.2 (OpenGL ES 3.2 NVIDIA 595.84), renderer: NVIDIA GeForce RTX 4070 SUPER/PCIe/SSE2
{"name": "seed7-shift7-history2", "seed": 7, "shift": 7, "history": 2, "detected_frames": 250, "total_frames": 250, "metrics": {"mouth_opening_mean": 0.10151786661978145, "mouth_opening_p95": 0.26269405843991434, "roll_span_degrees": 6.703789540896715, "horizontal_span_eye_units": 0.2029641203853048, "vertical_span_eye_units": 0.3312498431109548, "yaw_proxy_span": 0.1113581661151985, "pitch_proxy_span": 0.1867818020244511, "mouth_adjacent_change_mean": 0.0258073736430189}}
I0000 00:00:1789612122.946696  257826 gl_context_egl.cc:85] Successfully initialized EGL. Major : 1 Minor: 5
I0000 00:00:1789612122.983934  259413 gl_context.cc:344] GL version: 3.2 (OpenGL ES 3.2 NVIDIA 595.84), renderer: NVIDIA GeForce RTX 4070 SUPER/PCIe/SSE2
{"name": "seed7-shift10-history2", "seed": 7, "shift": 10, "history": 2, "detected_frames": 250, "total_frames": 250, "metrics": {"mouth_opening_mean": 0.10203337696918958, "mouth_opening_p95": 0.2583019484720185, "roll_span_degrees": 6.8568369254674515, "horizontal_span_eye_units": 0.3136853772801581, "vertical_span_eye_units": 0.31113896284843723, "yaw_proxy_span": 0.16297671669018732, "pitch_proxy_span": 0.15245102906244434, "mouth_adjacent_change_mean": 0.024971748951360177}}
I0000 00:00:1789612131.724615  257826 gl_context_egl.cc:85] Successfully initialized EGL. Major : 1 Minor: 5
I0000 00:00:1789612131.766930  259540 gl_context.cc:344] GL version: 3.2 (OpenGL ES 3.2 NVIDIA 595.84), renderer: NVIDIA GeForce RTX 4070 SUPER/PCIe/SSE2
{"name": "seed7-shift15-history2", "seed": 7, "shift": 15, "history": 2, "detected_frames": 250, "total_frames": 250, "metrics": {"mouth_opening_mean": 0.09884585550135641, "mouth_opening_p95": 0.2569675469406284, "roll_span_degrees": 5.600516852915843, "horizontal_span_eye_units": 0.20751912194234487, "vertical_span_eye_units": 0.2825605919007506, "yaw_proxy_span": 0.09400132944825118, "pitch_proxy_span": 0.11427410852193681, "mouth_adjacent_change_mean": 0.024571591552948656}}
I0000 00:00:1789612140.445698  257826 gl_context_egl.cc:85] Successfully initialized EGL. Major : 1 Minor: 5
I0000 00:00:1789612140.485901  259653 gl_context.cc:344] GL version: 3.2 (OpenGL ES 3.2 NVIDIA 595.84), renderer: NVIDIA GeForce RTX 4070 SUPER/PCIe/SSE2
{"name": "seed50-shift0.5-history2", "seed": 50, "shift": 0.5, "history": 2, "detected_frames": 250, "total_frames": 250, "metrics": {"mouth_opening_mean": 0.1189074749351312, "mouth_opening_p95": 0.3068439194833649, "roll_span_degrees": 4.4787899427548234, "horizontal_span_eye_units": 0.1141673703907093, "vertical_span_eye_units": 0.1763033305756779, "yaw_proxy_span": 0.0957352974501268, "pitch_proxy_span": 0.11076903068356736, "mouth_adjacent_change_mean": 0.03448546422294723}}
I0000 00:00:1789612149.225797  257826 gl_context_egl.cc:85] Successfully initialized EGL. Major : 1 Minor: 5
I0000 00:00:1789612149.267549  259782 gl_context.cc:344] GL version: 3.2 (OpenGL ES 3.2 NVIDIA 595.84), renderer: NVIDIA GeForce RTX 4070 SUPER/PCIe/SSE2
{"name": "seed50-shift1-history2", "seed": 50, "shift": 1, "history": 2, "detected_frames": 250, "total_frames": 250, "metrics": {"mouth_opening_mean": 0.12448652160550966, "mouth_opening_p95": 0.31818694706324846, "roll_span_degrees": 4.772418277330553, "horizontal_span_eye_units": 0.11946338898208278, "vertical_span_eye_units": 0.16723424223975422, "yaw_proxy_span": 0.08985743871056447, "pitch_proxy_span": 0.1491479920589101, "mouth_adjacent_change_mean": 0.033941320884307374}}
I0000 00:00:1789612159.950541  257826 gl_context_egl.cc:85] Successfully initialized EGL. Major : 1 Minor: 5
I0000 00:00:1789612159.986879  259895 gl_context.cc:344] GL version: 3.2 (OpenGL ES 3.2 NVIDIA 595.84), renderer: NVIDIA GeForce RTX 4070 SUPER/PCIe/SSE2
{"name": "seed50-shift2-history2", "seed": 50, "shift": 2, "history": 2, "detected_frames": 250, "total_frames": 250, "metrics": {"mouth_opening_mean": 0.12448006956788694, "mouth_opening_p95": 0.3118102427048096, "roll_span_degrees": 6.807264655194183, "horizontal_span_eye_units": 0.253758995665478, "vertical_span_eye_units": 0.24462922781543783, "yaw_proxy_span": 0.14375702796266585, "pitch_proxy_span": 0.15239413973653043, "mouth_adjacent_change_mean": 0.029236397616199807}}
I0000 00:00:1789612168.688827  257826 gl_context_egl.cc:85] Successfully initialized EGL. Major : 1 Minor: 5
I0000 00:00:1789612168.727061  260008 gl_context.cc:344] GL version: 3.2 (OpenGL ES 3.2 NVIDIA 595.84), renderer: NVIDIA GeForce RTX 4070 SUPER/PCIe/SSE2
{"name": "seed50-shift3-history2", "seed": 50, "shift": 3, "history": 2, "detected_frames": 250, "total_frames": 250, "metrics": {"mouth_opening_mean": 0.10928145636394453, "mouth_opening_p95": 0.28353563602196474, "roll_span_degrees": 6.605593022413433, "horizontal_span_eye_units": 0.3202666282133521, "vertical_span_eye_units": 0.2794793365751206, "yaw_proxy_span": 0.14666182628983637, "pitch_proxy_span": 0.179000211403762, "mouth_adjacent_change_mean": 0.02513288460640786}}
I0000 00:00:1789612177.364115  257826 gl_context_egl.cc:85] Successfully initialized EGL. Major : 1 Minor: 5
I0000 00:00:1789612177.400625  260121 gl_context.cc:344] GL version: 3.2 (OpenGL ES 3.2 NVIDIA 595.84), renderer: NVIDIA GeForce RTX 4070 SUPER/PCIe/SSE2
{"name": "seed50-shift7-history2", "seed": 50, "shift": 7, "history": 2, "detected_frames": 250, "total_frames": 250, "metrics": {"mouth_opening_mean": 0.10911247951696602, "mouth_opening_p95": 0.27122464975264077, "roll_span_degrees": 4.636116451287295, "horizontal_span_eye_units": 0.11523194895832947, "vertical_span_eye_units": 0.23699663724879533, "yaw_proxy_span": 0.05350973031961098, "pitch_proxy_span": 0.1431871705876917, "mouth_adjacent_change_mean": 0.024187511841845245}}
I0000 00:00:1789612186.129572  257826 gl_context_egl.cc:85] Successfully initialized EGL. Major : 1 Minor: 5
I0000 00:00:1789612186.177275  260234 gl_context.cc:344] GL version: 3.2 (OpenGL ES 3.2 NVIDIA 595.84), renderer: NVIDIA GeForce RTX 4070 SUPER/PCIe/SSE2
{"name": "seed50-shift10-history2", "seed": 50, "shift": 10, "history": 2, "detected_frames": 250, "total_frames": 250, "metrics": {"mouth_opening_mean": 0.10505215526108495, "mouth_opening_p95": 0.26540564511271075, "roll_span_degrees": 3.8430405929040026, "horizontal_span_eye_units": 0.10879867767389824, "vertical_span_eye_units": 0.21034758154438188, "yaw_proxy_span": 0.06546960721279894, "pitch_proxy_span": 0.15963112708174948, "mouth_adjacent_change_mean": 0.023658765493478038}}
I0000 00:00:1789612194.879624  257826 gl_context_egl.cc:85] Successfully initialized EGL. Major : 1 Minor: 5
I0000 00:00:1789612194.916371  260347 gl_context.cc:344] GL version: 3.2 (OpenGL ES 3.2 NVIDIA 595.84), renderer: NVIDIA GeForce RTX 4070 SUPER/PCIe/SSE2
{"name": "seed50-shift15-history2", "seed": 50, "shift": 15, "history": 2, "detected_frames": 250, "total_frames": 250, "metrics": {"mouth_opening_mean": 0.09473409286428526, "mouth_opening_p95": 0.22521075140194796, "roll_span_degrees": 5.370027487236101, "horizontal_span_eye_units": 0.13474364871631123, "vertical_span_eye_units": 0.19590721607077075, "yaw_proxy_span": 0.05928820419625599, "pitch_proxy_span": 0.1505028627110303, "mouth_adjacent_change_mean": 0.022846997083690194}}
I0000 00:00:1789612203.707620  257826 gl_context_egl.cc:85] Successfully initialized EGL. Major : 1 Minor: 5
I0000 00:00:1789612203.740757  260459 gl_context.cc:344] GL version: 3.2 (OpenGL ES 3.2 NVIDIA 595.84), renderer: NVIDIA GeForce RTX 4070 SUPER/PCIe/SSE2
{"name": "seed99-shift0.5-history2", "seed": 99, "shift": 0.5, "history": 2, "detected_frames": 250, "total_frames": 250, "metrics": {"mouth_opening_mean": 0.11176575935004199, "mouth_opening_p95": 0.2761243359392998, "roll_span_degrees": 2.9145442398264874, "horizontal_span_eye_units": 0.08564685599247551, "vertical_span_eye_units": 0.17683517739363447, "yaw_proxy_span": 0.07997850095998676, "pitch_proxy_span": 0.10665153712157954, "mouth_adjacent_change_mean": 0.030480196532052507}}
I0000 00:00:1789612214.481166  257826 gl_context_egl.cc:85] Successfully initialized EGL. Major : 1 Minor: 5
I0000 00:00:1789612214.524927  260603 gl_context.cc:344] GL version: 3.2 (OpenGL ES 3.2 NVIDIA 595.84), renderer: NVIDIA GeForce RTX 4070 SUPER/PCIe/SSE2
{"name": "seed99-shift1-history2", "seed": 99, "shift": 1, "history": 2, "detected_frames": 250, "total_frames": 250, "metrics": {"mouth_opening_mean": 0.11087289612764029, "mouth_opening_p95": 0.2909905901374887, "roll_span_degrees": 3.1638633028367713, "horizontal_span_eye_units": 0.09577406435407275, "vertical_span_eye_units": 0.17459572242295796, "yaw_proxy_span": 0.0841361110937495, "pitch_proxy_span": 0.14485557297060103, "mouth_adjacent_change_mean": 0.031021017692138744}}
I0000 00:00:1789612223.262501  257826 gl_context_egl.cc:85] Successfully initialized EGL. Major : 1 Minor: 5
I0000 00:00:1789612223.304101  260738 gl_context.cc:344] GL version: 3.2 (OpenGL ES 3.2 NVIDIA 595.84), renderer: NVIDIA GeForce RTX 4070 SUPER/PCIe/SSE2
{"name": "seed99-shift2-history2", "seed": 99, "shift": 2, "history": 2, "detected_frames": 250, "total_frames": 250, "metrics": {"mouth_opening_mean": 0.10718556321990373, "mouth_opening_p95": 0.2516561412511735, "roll_span_degrees": 4.600696796156141, "horizontal_span_eye_units": 0.11722940004033823, "vertical_span_eye_units": 0.19988217245359446, "yaw_proxy_span": 0.07931292325921022, "pitch_proxy_span": 0.12672868836544227, "mouth_adjacent_change_mean": 0.02550461235536073}}
I0000 00:00:1789612232.051539  257826 gl_context_egl.cc:85] Successfully initialized EGL. Major : 1 Minor: 5
I0000 00:00:1789612232.091397  260851 gl_context.cc:344] GL version: 3.2 (OpenGL ES 3.2 NVIDIA 595.84), renderer: NVIDIA GeForce RTX 4070 SUPER/PCIe/SSE2
{"name": "seed99-shift3-history2", "seed": 99, "shift": 3, "history": 2, "detected_frames": 250, "total_frames": 250, "metrics": {"mouth_opening_mean": 0.10991397867209983, "mouth_opening_p95": 0.26241802810683834, "roll_span_degrees": 4.773187015231297, "horizontal_span_eye_units": 0.14589078624565835, "vertical_span_eye_units": 0.19213672599929674, "yaw_proxy_span": 0.08228684634164007, "pitch_proxy_span": 0.1355073544102232, "mouth_adjacent_change_mean": 0.024742189612670204}}
I0000 00:00:1789612240.822913  257826 gl_context_egl.cc:85] Successfully initialized EGL. Major : 1 Minor: 5
I0000 00:00:1789612240.859386  260966 gl_context.cc:344] GL version: 3.2 (OpenGL ES 3.2 NVIDIA 595.84), renderer: NVIDIA GeForce RTX 4070 SUPER/PCIe/SSE2
{"name": "seed99-shift7-history2", "seed": 99, "shift": 7, "history": 2, "detected_frames": 250, "total_frames": 250, "metrics": {"mouth_opening_mean": 0.09550002208365865, "mouth_opening_p95": 0.23742111327887172, "roll_span_degrees": 4.747216305348208, "horizontal_span_eye_units": 0.16884207369348145, "vertical_span_eye_units": 0.22284524331835404, "yaw_proxy_span": 0.09369118190251981, "pitch_proxy_span": 0.1347600794647993, "mouth_adjacent_change_mean": 0.02275759566031514}}
I0000 00:00:1789612249.567457  257826 gl_context_egl.cc:85] Successfully initialized EGL. Major : 1 Minor: 5
I0000 00:00:1789612249.610288  261130 gl_context.cc:344] GL version: 3.2 (OpenGL ES 3.2 NVIDIA 595.84), renderer: NVIDIA GeForce RTX 4070 SUPER/PCIe/SSE2
{"name": "seed99-shift10-history2", "seed": 99, "shift": 10, "history": 2, "detected_frames": 250, "total_frames": 250, "metrics": {"mouth_opening_mean": 0.1001327202579476, "mouth_opening_p95": 0.2270822685761005, "roll_span_degrees": 10.901695622640709, "horizontal_span_eye_units": 0.38725159669903, "vertical_span_eye_units": 0.22769560830722405, "yaw_proxy_span": 0.2323871527328414, "pitch_proxy_span": 0.12293779208734695, "mouth_adjacent_change_mean": 0.024138480592049705}}
I0000 00:00:1789612260.317729  257826 gl_context_egl.cc:85] Successfully initialized EGL. Major : 1 Minor: 5
I0000 00:00:1789612260.355582  261321 gl_context.cc:344] GL version: 3.2 (OpenGL ES 3.2 NVIDIA 595.84), renderer: NVIDIA GeForce RTX 4070 SUPER/PCIe/SSE2
{"name": "seed99-shift15-history2", "seed": 99, "shift": 15, "history": 2, "detected_frames": 250, "total_frames": 250, "metrics": {"mouth_opening_mean": 0.1008808734504715, "mouth_opening_p95": 0.24091864072157546, "roll_span_degrees": 11.819551912396063, "horizontal_span_eye_units": 0.4077479546551915, "vertical_span_eye_units": 0.26041434636039723, "yaw_proxy_span": 0.22083198185079253, "pitch_proxy_span": 0.11675323845416591, "mouth_adjacent_change_mean": 0.02562337934149822}}
I0000 00:00:1789612267.095802  257826 gl_context_egl.cc:85] Successfully initialized EGL. Major : 1 Minor: 5
I0000 00:00:1789612267.176324  261477 gl_context.cc:344] GL version: 3.2 (OpenGL ES 3.2 NVIDIA 595.84), renderer: NVIDIA GeForce RTX 4070 SUPER/PCIe/SSE2
{"name": "seed7-shift5-history1", "seed": 7, "shift": 5, "history": 1, "detected_frames": 250, "total_frames": 250, "metrics": {"mouth_opening_mean": 0.1095091412148582, "mouth_opening_p95": 0.22016240488429106, "roll_span_degrees": 6.4686101689545925, "horizontal_span_eye_units": 0.19413941121679593, "vertical_span_eye_units": 0.25580963247162475, "yaw_proxy_span": 0.15126575323514863, "pitch_proxy_span": 0.17350952883383836, "mouth_adjacent_change_mean": 0.026675136701798965}}
I0000 00:00:1789612279.835957  257826 gl_context_egl.cc:85] Successfully initialized EGL. Major : 1 Minor: 5
I0000 00:00:1789612279.876707  261628 gl_context.cc:344] GL version: 3.2 (OpenGL ES 3.2 NVIDIA 595.84), renderer: NVIDIA GeForce RTX 4070 SUPER/PCIe/SSE2
{"name": "seed7-shift5-history3", "seed": 7, "shift": 5, "history": 3, "detected_frames": 250, "total_frames": 250, "metrics": {"mouth_opening_mean": 0.08524487238194783, "mouth_opening_p95": 0.19686298539376615, "roll_span_degrees": 4.628571031110842, "horizontal_span_eye_units": 0.20783364000250748, "vertical_span_eye_units": 0.30638540554700655, "yaw_proxy_span": 0.15577304312434526, "pitch_proxy_span": 0.13497148376685575, "mouth_adjacent_change_mean": 0.021747364007989024}}
