WARNING: All log messages before absl::InitializeLog() is called are written to STDERR
I0000 00:00:1789612399.742716  262157 gl_context_egl.cc:85] Successfully initialized EGL. Major : 1 Minor: 5
I0000 00:00:1789612399.797898  262286 gl_context.cc:344] GL version: 3.2 (OpenGL ES 3.2 NVIDIA 595.84), renderer: NVIDIA GeForce RTX 4070 SUPER/PCIe/SSE2
INFO: Created TensorFlow Lite XNNPACK delegate for CPU.
{"name": "seed7-shift5-history4", "seed": 7, "shift": 5, "history": 4, "detected_frames": 207, "total_frames": 250, "metrics": {"mouth_opening_mean": 0.08457963188898998, "mouth_opening_p95": 0.1786067624868723, "roll_span_degrees": 6.533458561925221, "horizontal_span_eye_units": 0.6057141697049347, "vertical_span_eye_units": 0.9695240876851803, "yaw_proxy_span": 0.26939106227049237, "pitch_proxy_span": 0.19223452617330816, "mouth_adjacent_change_mean": 0.023464292712245677}}
I0000 00:00:1789612400.513821  262157 gl_context_egl.cc:85] Successfully initialized EGL. Major : 1 Minor: 5
I0000 00:00:1789612400.577996  262372 gl_context.cc:344] GL version: 3.2 (OpenGL ES 3.2 NVIDIA 595.84), renderer: NVIDIA GeForce RTX 4070 SUPER/PCIe/SSE2
{"name": "seed50-shift5-history1", "seed": 50, "shift": 5, "history": 1, "detected_frames": 250, "total_frames": 250, "metrics": {"mouth_opening_mean": 0.10957579803691478, "mouth_opening_p95": 0.2605265813827102, "roll_span_degrees": 11.461622369469769, "horizontal_span_eye_units": 0.39985210420988704, "vertical_span_eye_units": 0.3012983932656446, "yaw_proxy_span": 0.24063299843581004, "pitch_proxy_span": 0.15956514901233892, "mouth_adjacent_change_mean": 0.027329632524364576}}
I0000 00:00:1789612413.341355  262157 gl_context_egl.cc:85] Successfully initialized EGL. Major : 1 Minor: 5
I0000 00:00:1789612413.383051  262551 gl_context.cc:344] GL version: 3.2 (OpenGL ES 3.2 NVIDIA 595.84), renderer: NVIDIA GeForce RTX 4070 SUPER/PCIe/SSE2
{"name": "seed50-shift5-history3", "seed": 50, "shift": 5, "history": 3, "detected_frames": 250, "total_frames": 250, "metrics": {"mouth_opening_mean": 0.10500878945345003, "mouth_opening_p95": 0.26100520402175215, "roll_span_degrees": 8.408578891026051, "horizontal_span_eye_units": 0.24148610973741494, "vertical_span_eye_units": 0.2390783512121031, "yaw_proxy_span": 0.11380408013662094, "pitch_proxy_span": 0.13777021418808105, "mouth_adjacent_change_mean": 0.023339829448952666}}
I0000 00:00:1789612440.161047  262157 gl_context_egl.cc:85] Successfully initialized EGL. Major : 1 Minor: 5
I0000 00:00:1789612440.232251  262712 gl_context.cc:344] GL version: 3.2 (OpenGL ES 3.2 NVIDIA 595.84), renderer: NVIDIA GeForce RTX 4070 SUPER/PCIe/SSE2
{"name": "seed50-shift5-history4", "seed": 50, "shift": 5, "history": 4, "detected_frames": 242, "total_frames": 250, "metrics": {"mouth_opening_mean": 0.09509751023145971, "mouth_opening_p95": 0.21051867510375635, "roll_span_degrees": 9.85435798929728, "horizontal_span_eye_units": 0.2740854928613457, "vertical_span_eye_units": 0.6714877534878921, "yaw_proxy_span": 0.11648768386650402, "pitch_proxy_span": 0.12400821290552583, "mouth_adjacent_change_mean": 0.02443075202156101}}
I0000 00:00:1789612446.885154  262157 gl_context_egl.cc:85] Successfully initialized EGL. Major : 1 Minor: 5
I0000 00:00:1789612446.927591  262854 gl_context.cc:344] GL version: 3.2 (OpenGL ES 3.2 NVIDIA 595.84), renderer: NVIDIA GeForce RTX 4070 SUPER/PCIe/SSE2
{"name": "seed99-shift5-history1", "seed": 99, "shift": 5, "history": 1, "detected_frames": 250, "total_frames": 250, "metrics": {"mouth_opening_mean": 0.10651377300154326, "mouth_opening_p95": 0.21694333747923034, "roll_span_degrees": 7.557954079184779, "horizontal_span_eye_units": 0.17088788212311007, "vertical_span_eye_units": 0.3358344428974515, "yaw_proxy_span": 0.0763425075268431, "pitch_proxy_span": 0.19269331834271997, "mouth_adjacent_change_mean": 0.025308452334829652}}
I0000 00:00:1789612459.657519  262157 gl_context_egl.cc:85] Successfully initialized EGL. Major : 1 Minor: 5
I0000 00:00:1789612459.695429  262999 gl_context.cc:344] GL version: 3.2 (OpenGL ES 3.2 NVIDIA 595.84), renderer: NVIDIA GeForce RTX 4070 SUPER/PCIe/SSE2
{"name": "seed99-shift5-history3", "seed": 99, "shift": 5, "history": 3, "detected_frames": 250, "total_frames": 250, "metrics": {"mouth_opening_mean": 0.10152100722199796, "mouth_opening_p95": 0.2549977400481934, "roll_span_degrees": 6.102509246598335, "horizontal_span_eye_units": 0.337697334848144, "vertical_span_eye_units": 0.3309560233063997, "yaw_proxy_span": 0.18548017706393094, "pitch_proxy_span": 0.19826563701592304, "mouth_adjacent_change_mean": 0.025416892370357987}}
I0000 00:00:1789612486.467747  262157 gl_context_egl.cc:85] Successfully initialized EGL. Major : 1 Minor: 5
I0000 00:00:1789612486.499354  263171 gl_context.cc:344] GL version: 3.2 (OpenGL ES 3.2 NVIDIA 595.84), renderer: NVIDIA GeForce RTX 4070 SUPER/PCIe/SSE2
{"name": "seed99-shift5-history4", "seed": 99, "shift": 5, "history": 4, "detected_frames": 197, "total_frames": 250, "metrics": {"mouth_opening_mean": 0.07868675857241562, "mouth_opening_p95": 0.1742120520659778, "roll_span_degrees": 9.91691470908184, "horizontal_span_eye_units": 0.7664120529722958, "vertical_span_eye_units": 1.2645738433128548, "yaw_proxy_span": 0.25846722802048955, "pitch_proxy_span": 0.3858492623800094, "mouth_adjacent_change_mean": 0.023534610764520587}}
