2026-09-17 02:32:28.968 | INFO     | flash_head.inference:get_pipeline:17 - ulysses_degree: 1, ring_degree: 1, device: cuda
There are modules in CausalVideoAutoencoder that should be kept in float32: []. Casting directly with `to()` can lead to inconsistent results; set `torch_dtype` in `from_pretrained()` instead to keep these modules in float32.
There are modules in WanModelAudioProject that should be kept in float32: []. Casting directly with `to()` can lead to inconsistent results; set `torch_dtype` in `from_pretrained()` instead to keep these modules in float32.
There are modules in WanModelAudioProject that should be kept in float32: []. Casting directly with `to()` can lead to inconsistent results; set `torch_dtype` in `from_pretrained()` instead to keep these modules in float32.
Some weights of Wav2Vec2Model were not initialized from the model checkpoint at models/wav2vec2-base-960h and are newly initialized: ['masked_spec_embed']
You should probably TRAIN this model on a down-stream task to be able to use it for predictions and inference.
/workspace/SoulX-FlashHead/flash_head/src/modules/flash_head_model.py:640: FutureWarning: `torch.cuda.amp.autocast(args...)` is deprecated. Please use `torch.amp.autocast('cuda', args...)` instead.
  with amp.autocast(dtype=torch.float32):
/workspace/SoulX-FlashHead/flash_head/src/modules/flash_head_model.py:640: FutureWarning: `torch.cuda.amp.autocast(args...)` is deprecated. Please use `torch.amp.autocast('cuda', args...)` instead.
  with amp.autocast(dtype=torch.float32):
{"completed": 31, "control": true, "name": "seed7-shift5-history2-resume-control", "seed": 7, "shift": 5, "history": 2, "strength": 1, "allocator_cap_mib": 3584, "overlap_frames": 9, "emitted_frames_per_chunk": 24, "chunk_boundaries": [24, 48, 72, 96, 120, 144, 168, 192, 216, 240], "gpu_snapshot": "name, memory.total [MiB], memory.used [MiB], driver_version\nNVIDIA GeForce RTX 4070 SUPER, 12282 MiB, 5956 MiB, 595.84\n", "wall_s": 8.00721439300105, "useful_fps": 31.221844168244093, "peak_allocated_mib": 3301.474609375, "frames": 250, "raw_sha256": "3de01d779be1afbdf5d48f92d7b1ee47679948d97b2d33f7575cb54e9be6609b", "effective_timesteps": [1000.0, 937.5000610351562, 833.3333129882812, 625.0, 0.0]}
/workspace/SoulX-FlashHead/flash_head/src/modules/flash_head_model.py:640: FutureWarning: `torch.cuda.amp.autocast(args...)` is deprecated. Please use `torch.amp.autocast('cuda', args...)` instead.
  with amp.autocast(dtype=torch.float32):
{"completed": 32, "control": false, "name": "seed7-shift5-history4", "seed": 7, "shift": 5, "history": 4, "strength": 1, "allocator_cap_mib": 4608, "overlap_frames": 25, "emitted_frames_per_chunk": 8, "chunk_boundaries": [8, 16, 24, 32, 40, 48, 56, 64, 72, 80, 88, 96, 104, 112, 120, 128, 136, 144, 152, 160, 168, 176, 184, 192, 200, 208, 216, 224, 232, 240, 248], "gpu_snapshot": "name, memory.total [MiB], memory.used [MiB], driver_version\nNVIDIA GeForce RTX 4070 SUPER, 12282 MiB, 5956 MiB, 595.84\n", "wall_s": 25.148493639018852, "useful_fps": 9.940953266962893, "peak_allocated_mib": 3368.8349609375, "frames": 250, "raw_sha256": "7a4a9318a4193c8223f2966ed99b1ba68cd91b5d3ffebfcc41e9347880d96f5e", "effective_timesteps": [1000.0, 937.5000610351562, 833.3333129882812, 625.0, 0.0]}
/workspace/SoulX-FlashHead/flash_head/src/modules/flash_head_model.py:640: FutureWarning: `torch.cuda.amp.autocast(args...)` is deprecated. Please use `torch.amp.autocast('cuda', args...)` instead.
  with amp.autocast(dtype=torch.float32):
{"completed": 33, "control": false, "name": "seed50-shift5-history1", "seed": 50, "shift": 5, "history": 1, "strength": 1, "allocator_cap_mib": 3584, "overlap_frames": 1, "emitted_frames_per_chunk": 32, "chunk_boundaries": [32, 64, 96, 128, 160, 192, 224], "gpu_snapshot": "name, memory.total [MiB], memory.used [MiB], driver_version\nNVIDIA GeForce RTX 4070 SUPER, 12282 MiB, 5956 MiB, 595.84\n", "wall_s": 5.6818223820009734, "useful_fps": 43.9999674738085, "peak_allocated_mib": 3301.4306640625, "frames": 250, "raw_sha256": "9c04b3d3ceeb41d790dc3eecc09df7c6f120d6e53b52f62b76fbacb40e38ae8e", "effective_timesteps": [1000.0, 937.5000610351562, 833.3333129882812, 625.0, 0.0]}
/workspace/SoulX-FlashHead/flash_head/src/modules/flash_head_model.py:640: FutureWarning: `torch.cuda.amp.autocast(args...)` is deprecated. Please use `torch.amp.autocast('cuda', args...)` instead.
  with amp.autocast(dtype=torch.float32):
{"completed": 34, "control": false, "name": "seed50-shift5-history3", "seed": 50, "shift": 5, "history": 3, "strength": 1, "allocator_cap_mib": 3584, "overlap_frames": 17, "emitted_frames_per_chunk": 16, "chunk_boundaries": [16, 32, 48, 64, 80, 96, 112, 128, 144, 160, 176, 192, 208, 224, 240], "gpu_snapshot": "name, memory.total [MiB], memory.used [MiB], driver_version\nNVIDIA GeForce RTX 4070 SUPER, 12282 MiB, 5956 MiB, 595.84\n", "wall_s": 12.295187821990112, "useful_fps": 20.333158274562635, "peak_allocated_mib": 3301.5185546875, "frames": 250, "raw_sha256": "435b963329e3acb495f3493f176b98ebb74547b62f4bb6b339180b54f568303b", "effective_timesteps": [1000.0, 937.5000610351562, 833.3333129882812, 625.0, 0.0]}
/workspace/SoulX-FlashHead/flash_head/src/modules/flash_head_model.py:640: FutureWarning: `torch.cuda.amp.autocast(args...)` is deprecated. Please use `torch.amp.autocast('cuda', args...)` instead.
  with amp.autocast(dtype=torch.float32):
{"completed": 35, "control": false, "name": "seed50-shift5-history4", "seed": 50, "shift": 5, "history": 4, "strength": 1, "allocator_cap_mib": 4608, "overlap_frames": 25, "emitted_frames_per_chunk": 8, "chunk_boundaries": [8, 16, 24, 32, 40, 48, 56, 64, 72, 80, 88, 96, 104, 112, 120, 128, 136, 144, 152, 160, 168, 176, 184, 192, 200, 208, 216, 224, 232, 240, 248], "gpu_snapshot": "name, memory.total [MiB], memory.used [MiB], driver_version\nNVIDIA GeForce RTX 4070 SUPER, 12282 MiB, 5956 MiB, 595.84\n", "wall_s": 25.315722847008146, "useful_fps": 9.875285865263981, "peak_allocated_mib": 3368.8349609375, "frames": 250, "raw_sha256": "cd46b5733d63b47173b254bef1dd4265858c02e575d29126b5d182236200234f", "effective_timesteps": [1000.0, 937.5000610351562, 833.3333129882812, 625.0, 0.0]}
/workspace/SoulX-FlashHead/flash_head/src/modules/flash_head_model.py:640: FutureWarning: `torch.cuda.amp.autocast(args...)` is deprecated. Please use `torch.amp.autocast('cuda', args...)` instead.
  with amp.autocast(dtype=torch.float32):
{"completed": 36, "control": false, "name": "seed99-shift5-history1", "seed": 99, "shift": 5, "history": 1, "strength": 1, "allocator_cap_mib": 3584, "overlap_frames": 1, "emitted_frames_per_chunk": 32, "chunk_boundaries": [32, 64, 96, 128, 160, 192, 224], "gpu_snapshot": "name, memory.total [MiB], memory.used [MiB], driver_version\nNVIDIA GeForce RTX 4070 SUPER, 12282 MiB, 5956 MiB, 595.84\n", "wall_s": 5.684086630993988, "useful_fps": 43.982440140304824, "peak_allocated_mib": 3301.4306640625, "frames": 250, "raw_sha256": "0d9df90bfd51f760ee7094ef3edd7b53b231ae9d134707190d0b85367ec55025", "effective_timesteps": [1000.0, 937.5000610351562, 833.3333129882812, 625.0, 0.0]}
/workspace/SoulX-FlashHead/flash_head/src/modules/flash_head_model.py:640: FutureWarning: `torch.cuda.amp.autocast(args...)` is deprecated. Please use `torch.amp.autocast('cuda', args...)` instead.
  with amp.autocast(dtype=torch.float32):
{"completed": 37, "control": false, "name": "seed99-shift5-history3", "seed": 99, "shift": 5, "history": 3, "strength": 1, "allocator_cap_mib": 3584, "overlap_frames": 17, "emitted_frames_per_chunk": 16, "chunk_boundaries": [16, 32, 48, 64, 80, 96, 112, 128, 144, 160, 176, 192, 208, 224, 240], "gpu_snapshot": "name, memory.total [MiB], memory.used [MiB], driver_version\nNVIDIA GeForce RTX 4070 SUPER, 12282 MiB, 5956 MiB, 595.84\n", "wall_s": 12.243535022018477, "useful_fps": 20.418939428066, "peak_allocated_mib": 3301.5185546875, "frames": 250, "raw_sha256": "17124ec8e833bec47cf91a61dc5f168f5b924c0712c0ad7d3d6c64ddf6d9e3ad", "effective_timesteps": [1000.0, 937.5000610351562, 833.3333129882812, 625.0, 0.0]}
/workspace/SoulX-FlashHead/flash_head/src/modules/flash_head_model.py:640: FutureWarning: `torch.cuda.amp.autocast(args...)` is deprecated. Please use `torch.amp.autocast('cuda', args...)` instead.
  with amp.autocast(dtype=torch.float32):
{"completed": 38, "control": false, "name": "seed99-shift5-history4", "seed": 99, "shift": 5, "history": 4, "strength": 1, "allocator_cap_mib": 4608, "overlap_frames": 25, "emitted_frames_per_chunk": 8, "chunk_boundaries": [8, 16, 24, 32, 40, 48, 56, 64, 72, 80, 88, 96, 104, 112, 120, 128, 136, 144, 152, 160, 168, 176, 184, 192, 200, 208, 216, 224, 232, 240, 248], "gpu_snapshot": "name, memory.total [MiB], memory.used [MiB], driver_version\nNVIDIA GeForce RTX 4070 SUPER, 12282 MiB, 5956 MiB, 595.84\n", "wall_s": 25.353487421991304, "useful_fps": 9.8605764106106, "peak_allocated_mib": 3368.8349609375, "frames": 250, "raw_sha256": "e35e82ef5c5d4cc179461b4eecf9219af77a39889f54319c450f7b8bbf2fc90f", "effective_timesteps": [1000.0, 937.5000610351562, 833.3333129882812, 625.0, 0.0]}
