2026-09-17 02:25:59.369 | INFO     | flash_head.inference:get_pipeline:17 - ulysses_degree: 1, ring_degree: 1, device: cuda
There are modules in CausalVideoAutoencoder that should be kept in float32: []. Casting directly with `to()` can lead to inconsistent results; set `torch_dtype` in `from_pretrained()` instead to keep these modules in float32.
There are modules in WanModelAudioProject that should be kept in float32: []. Casting directly with `to()` can lead to inconsistent results; set `torch_dtype` in `from_pretrained()` instead to keep these modules in float32.
There are modules in WanModelAudioProject that should be kept in float32: []. Casting directly with `to()` can lead to inconsistent results; set `torch_dtype` in `from_pretrained()` instead to keep these modules in float32.
Some weights of Wav2Vec2Model were not initialized from the model checkpoint at models/wav2vec2-base-960h and are newly initialized: ['masked_spec_embed']
You should probably TRAIN this model on a down-stream task to be able to use it for predictions and inference.
/workspace/SoulX-FlashHead/flash_head/src/modules/flash_head_model.py:640: FutureWarning: `torch.cuda.amp.autocast(args...)` is deprecated. Please use `torch.amp.autocast('cuda', args...)` instead.
  with amp.autocast(dtype=torch.float32):
/workspace/SoulX-FlashHead/flash_head/src/modules/flash_head_model.py:640: FutureWarning: `torch.cuda.amp.autocast(args...)` is deprecated. Please use `torch.amp.autocast('cuda', args...)` instead.
  with amp.autocast(dtype=torch.float32):
{"completed": 0, "control": true, "name": "seed7-shift5-history2-stock-control", "seed": 7, "shift": 5, "history": 2, "strength": 1, "overlap_frames": 9, "emitted_frames_per_chunk": 24, "chunk_boundaries": [24, 48, 72, 96, 120, 144, 168, 192, 216, 240], "gpu_snapshot": "name, memory.total [MiB], memory.used [MiB], driver_version\nNVIDIA GeForce RTX 4070 SUPER, 12282 MiB, 6526 MiB, 595.84\n", "wall_s": 7.965841397992335, "useful_fps": 31.384004213667694, "peak_allocated_mib": 3301.474609375, "frames": 250, "raw_sha256": "3de01d779be1afbdf5d48f92d7b1ee47679948d97b2d33f7575cb54e9be6609b", "effective_timesteps": [1000.0, 937.5000610351562, 833.3333129882812, 625.0, 0.0]}
/workspace/SoulX-FlashHead/flash_head/src/modules/flash_head_model.py:640: FutureWarning: `torch.cuda.amp.autocast(args...)` is deprecated. Please use `torch.amp.autocast('cuda', args...)` instead.
  with amp.autocast(dtype=torch.float32):
{"completed": 0, "control": true, "name": "seed50-shift5-history2-stock-control", "seed": 50, "shift": 5, "history": 2, "strength": 1, "overlap_frames": 9, "emitted_frames_per_chunk": 24, "chunk_boundaries": [24, 48, 72, 96, 120, 144, 168, 192, 216, 240], "gpu_snapshot": "name, memory.total [MiB], memory.used [MiB], driver_version\nNVIDIA GeForce RTX 4070 SUPER, 12282 MiB, 6526 MiB, 595.84\n", "wall_s": 8.011712796025677, "useful_fps": 31.20431377969715, "peak_allocated_mib": 3301.474609375, "frames": 250, "raw_sha256": "e6f490281ae6fce7b0ff570c45d9ad86ec52239d4b068083c498bff4eec55ed7", "effective_timesteps": [1000.0, 937.5000610351562, 833.3333129882812, 625.0, 0.0]}
/workspace/SoulX-FlashHead/flash_head/src/modules/flash_head_model.py:640: FutureWarning: `torch.cuda.amp.autocast(args...)` is deprecated. Please use `torch.amp.autocast('cuda', args...)` instead.
  with amp.autocast(dtype=torch.float32):
{"completed": 0, "control": true, "name": "seed99-shift5-history2-stock-control", "seed": 99, "shift": 5, "history": 2, "strength": 1, "overlap_frames": 9, "emitted_frames_per_chunk": 24, "chunk_boundaries": [24, 48, 72, 96, 120, 144, 168, 192, 216, 240], "gpu_snapshot": "name, memory.total [MiB], memory.used [MiB], driver_version\nNVIDIA GeForce RTX 4070 SUPER, 12282 MiB, 6526 MiB, 595.84\n", "wall_s": 8.013064308004687, "useful_fps": 31.19905074894524, "peak_allocated_mib": 3301.474609375, "frames": 250, "raw_sha256": "fc4e9fa184c0e9f41a55c8986742180273193e3fe66af5f9f8b3751748c55f46", "effective_timesteps": [1000.0, 937.5000610351562, 833.3333129882812, 625.0, 0.0]}
/workspace/SoulX-FlashHead/flash_head/src/modules/flash_head_model.py:640: FutureWarning: `torch.cuda.amp.autocast(args...)` is deprecated. Please use `torch.amp.autocast('cuda', args...)` instead.
  with amp.autocast(dtype=torch.float32):
{"completed": 1, "control": false, "name": "seed7-shift5-history2", "seed": 7, "shift": 5, "history": 2, "strength": 1, "overlap_frames": 9, "emitted_frames_per_chunk": 24, "chunk_boundaries": [24, 48, 72, 96, 120, 144, 168, 192, 216, 240], "gpu_snapshot": "name, memory.total [MiB], memory.used [MiB], driver_version\nNVIDIA GeForce RTX 4070 SUPER, 12282 MiB, 6526 MiB, 595.84\n", "wall_s": 8.036731751984917, "useful_fps": 31.10717238238726, "peak_allocated_mib": 3301.474609375, "frames": 250, "raw_sha256": "3de01d779be1afbdf5d48f92d7b1ee47679948d97b2d33f7575cb54e9be6609b", "effective_timesteps": [1000.0, 937.5000610351562, 833.3333129882812, 625.0, 0.0]}
/workspace/SoulX-FlashHead/flash_head/src/modules/flash_head_model.py:640: FutureWarning: `torch.cuda.amp.autocast(args...)` is deprecated. Please use `torch.amp.autocast('cuda', args...)` instead.
  with amp.autocast(dtype=torch.float32):
{"completed": 2, "control": false, "name": "seed50-shift5-history2", "seed": 50, "shift": 5, "history": 2, "strength": 1, "overlap_frames": 9, "emitted_frames_per_chunk": 24, "chunk_boundaries": [24, 48, 72, 96, 120, 144, 168, 192, 216, 240], "gpu_snapshot": "name, memory.total [MiB], memory.used [MiB], driver_version\nNVIDIA GeForce RTX 4070 SUPER, 12282 MiB, 6526 MiB, 595.84\n", "wall_s": 8.048992016003467, "useful_fps": 31.059789785222257, "peak_allocated_mib": 3301.474609375, "frames": 250, "raw_sha256": "e6f490281ae6fce7b0ff570c45d9ad86ec52239d4b068083c498bff4eec55ed7", "effective_timesteps": [1000.0, 937.5000610351562, 833.3333129882812, 625.0, 0.0]}
/workspace/SoulX-FlashHead/flash_head/src/modules/flash_head_model.py:640: FutureWarning: `torch.cuda.amp.autocast(args...)` is deprecated. Please use `torch.amp.autocast('cuda', args...)` instead.
  with amp.autocast(dtype=torch.float32):
{"completed": 3, "control": false, "name": "seed99-shift5-history2", "seed": 99, "shift": 5, "history": 2, "strength": 1, "overlap_frames": 9, "emitted_frames_per_chunk": 24, "chunk_boundaries": [24, 48, 72, 96, 120, 144, 168, 192, 216, 240], "gpu_snapshot": "name, memory.total [MiB], memory.used [MiB], driver_version\nNVIDIA GeForce RTX 4070 SUPER, 12282 MiB, 6526 MiB, 595.84\n", "wall_s": 8.059231424995232, "useful_fps": 31.020327723142394, "peak_allocated_mib": 3301.474609375, "frames": 250, "raw_sha256": "fc4e9fa184c0e9f41a55c8986742180273193e3fe66af5f9f8b3751748c55f46", "effective_timesteps": [1000.0, 937.5000610351562, 833.3333129882812, 625.0, 0.0]}
/workspace/SoulX-FlashHead/flash_head/src/modules/flash_head_model.py:640: FutureWarning: `torch.cuda.amp.autocast(args...)` is deprecated. Please use `torch.amp.autocast('cuda', args...)` instead.
  with amp.autocast(dtype=torch.float32):
{"completed": 4, "control": false, "name": "seed0-shift5-history2", "seed": 0, "shift": 5, "history": 2, "strength": 1, "overlap_frames": 9, "emitted_frames_per_chunk": 24, "chunk_boundaries": [24, 48, 72, 96, 120, 144, 168, 192, 216, 240], "gpu_snapshot": "name, memory.total [MiB], memory.used [MiB], driver_version\nNVIDIA GeForce RTX 4070 SUPER, 12282 MiB, 6526 MiB, 595.84\n", "wall_s": 8.086496175994398, "useful_fps": 30.91573835676209, "peak_allocated_mib": 3301.474609375, "frames": 250, "raw_sha256": "566552acce9d0ecb64268543b2025148de95630e78d3c1fdbb9cf964f8f32e43", "effective_timesteps": [1000.0, 937.5000610351562, 833.3333129882812, 625.0, 0.0]}
/workspace/SoulX-FlashHead/flash_head/src/modules/flash_head_model.py:640: FutureWarning: `torch.cuda.amp.autocast(args...)` is deprecated. Please use `torch.amp.autocast('cuda', args...)` instead.
  with amp.autocast(dtype=torch.float32):
{"completed": 5, "control": false, "name": "seed1-shift5-history2", "seed": 1, "shift": 5, "history": 2, "strength": 1, "overlap_frames": 9, "emitted_frames_per_chunk": 24, "chunk_boundaries": [24, 48, 72, 96, 120, 144, 168, 192, 216, 240], "gpu_snapshot": "name, memory.total [MiB], memory.used [MiB], driver_version\nNVIDIA GeForce RTX 4070 SUPER, 12282 MiB, 6538 MiB, 595.84\n", "wall_s": 8.110899925988633, "useful_fps": 30.82272032465345, "peak_allocated_mib": 3301.474609375, "frames": 250, "raw_sha256": "00a62a550654680e38b76059e48d4b16d23ba05adbde54295850b09f2958cdbd", "effective_timesteps": [1000.0, 937.5000610351562, 833.3333129882812, 625.0, 0.0]}
/workspace/SoulX-FlashHead/flash_head/src/modules/flash_head_model.py:640: FutureWarning: `torch.cuda.amp.autocast(args...)` is deprecated. Please use `torch.amp.autocast('cuda', args...)` instead.
  with amp.autocast(dtype=torch.float32):
{"completed": 6, "control": false, "name": "seed42-shift5-history2", "seed": 42, "shift": 5, "history": 2, "strength": 1, "overlap_frames": 9, "emitted_frames_per_chunk": 24, "chunk_boundaries": [24, 48, 72, 96, 120, 144, 168, 192, 216, 240], "gpu_snapshot": "name, memory.total [MiB], memory.used [MiB], driver_version\nNVIDIA GeForce RTX 4070 SUPER, 12282 MiB, 6526 MiB, 595.84\n", "wall_s": 8.09822631199495, "useful_fps": 30.87095746258714, "peak_allocated_mib": 3301.474609375, "frames": 250, "raw_sha256": "88aaca21103310a3efaf53397e9f876bd7656c0dd09b38bc55c7e975ab1ed56f", "effective_timesteps": [1000.0, 937.5000610351562, 833.3333129882812, 625.0, 0.0]}
/workspace/SoulX-FlashHead/flash_head/src/modules/flash_head_model.py:640: FutureWarning: `torch.cuda.amp.autocast(args...)` is deprecated. Please use `torch.amp.autocast('cuda', args...)` instead.
  with amp.autocast(dtype=torch.float32):
{"completed": 7, "control": false, "name": "seed51-shift5-history2", "seed": 51, "shift": 5, "history": 2, "strength": 1, "overlap_frames": 9, "emitted_frames_per_chunk": 24, "chunk_boundaries": [24, 48, 72, 96, 120, 144, 168, 192, 216, 240], "gpu_snapshot": "name, memory.total [MiB], memory.used [MiB], driver_version\nNVIDIA GeForce RTX 4070 SUPER, 12282 MiB, 6526 MiB, 595.84\n", "wall_s": 8.108219331974396, "useful_fps": 30.83291037948817, "peak_allocated_mib": 3301.474609375, "frames": 250, "raw_sha256": "211cf11f481539c6da9ab5ec8b0ae87dd9edbda79f8bba13bfe76e34c90e1dd2", "effective_timesteps": [1000.0, 937.5000610351562, 833.3333129882812, 625.0, 0.0]}
/workspace/SoulX-FlashHead/flash_head/src/modules/flash_head_model.py:640: FutureWarning: `torch.cuda.amp.autocast(args...)` is deprecated. Please use `torch.amp.autocast('cuda', args...)` instead.
  with amp.autocast(dtype=torch.float32):
{"completed": 8, "control": false, "name": "seed1234-shift5-history2", "seed": 1234, "shift": 5, "history": 2, "strength": 1, "overlap_frames": 9, "emitted_frames_per_chunk": 24, "chunk_boundaries": [24, 48, 72, 96, 120, 144, 168, 192, 216, 240], "gpu_snapshot": "name, memory.total [MiB], memory.used [MiB], driver_version\nNVIDIA GeForce RTX 4070 SUPER, 12282 MiB, 6526 MiB, 595.84\n", "wall_s": 8.126456291007344, "useful_fps": 30.76371680933638, "peak_allocated_mib": 3301.474609375, "frames": 250, "raw_sha256": "05b5eb84631b582a972feabdad0df4a34a83d9bbb4222ef3d3530738cbbe475d", "effective_timesteps": [1000.0, 937.5000610351562, 833.3333129882812, 625.0, 0.0]}
/workspace/SoulX-FlashHead/flash_head/src/modules/flash_head_model.py:640: FutureWarning: `torch.cuda.amp.autocast(args...)` is deprecated. Please use `torch.amp.autocast('cuda', args...)` instead.
  with amp.autocast(dtype=torch.float32):
{"completed": 9, "control": false, "name": "seed7-shift0.5-history2", "seed": 7, "shift": 0.5, "history": 2, "strength": 1, "overlap_frames": 9, "emitted_frames_per_chunk": 24, "chunk_boundaries": [24, 48, 72, 96, 120, 144, 168, 192, 216, 240], "gpu_snapshot": "name, memory.total [MiB], memory.used [MiB], driver_version\nNVIDIA GeForce RTX 4070 SUPER, 12282 MiB, 6526 MiB, 595.84\n", "wall_s": 8.130461580003612, "useful_fps": 30.74856175630424, "peak_allocated_mib": 3301.474609375, "frames": 250, "raw_sha256": "73c798afe017108a90bd761e7d255b00c28308ac0a8d6b722746f5338834fd6d", "effective_timesteps": [1000.0, 600.0, 333.3333435058594, 142.85714721679688, 0.0]}
/workspace/SoulX-FlashHead/flash_head/src/modules/flash_head_model.py:640: FutureWarning: `torch.cuda.amp.autocast(args...)` is deprecated. Please use `torch.amp.autocast('cuda', args...)` instead.
  with amp.autocast(dtype=torch.float32):
{"completed": 10, "control": false, "name": "seed7-shift1-history2", "seed": 7, "shift": 1, "history": 2, "strength": 1, "overlap_frames": 9, "emitted_frames_per_chunk": 24, "chunk_boundaries": [24, 48, 72, 96, 120, 144, 168, 192, 216, 240], "gpu_snapshot": "name, memory.total [MiB], memory.used [MiB], driver_version\nNVIDIA GeForce RTX 4070 SUPER, 12282 MiB, 6526 MiB, 595.84\n", "wall_s": 8.13127878800151, "useful_fps": 30.7454714710925, "peak_allocated_mib": 3301.474609375, "frames": 250, "raw_sha256": "45b22b5ff309beb0967018d65bb25ce7cb338e1961051a9ead736af682cfa481", "effective_timesteps": [1000.0, 750.0000610351562, 500.0, 250.0, 0.0]}
/workspace/SoulX-FlashHead/flash_head/src/modules/flash_head_model.py:640: FutureWarning: `torch.cuda.amp.autocast(args...)` is deprecated. Please use `torch.amp.autocast('cuda', args...)` instead.
  with amp.autocast(dtype=torch.float32):
{"completed": 11, "control": false, "name": "seed7-shift2-history2", "seed": 7, "shift": 2, "history": 2, "strength": 1, "overlap_frames": 9, "emitted_frames_per_chunk": 24, "chunk_boundaries": [24, 48, 72, 96, 120, 144, 168, 192, 216, 240], "gpu_snapshot": "name, memory.total [MiB], memory.used [MiB], driver_version\nNVIDIA GeForce RTX 4070 SUPER, 12282 MiB, 6526 MiB, 595.84\n", "wall_s": 8.114179497002624, "useful_fps": 30.810262466137203, "peak_allocated_mib": 3301.474609375, "frames": 250, "raw_sha256": "1815cb7a5ae6a557cd04c349439073d07e998c49b4afdcf53e644114eaa583a4", "effective_timesteps": [1000.0, 857.1429443359375, 666.6666870117188, 400.0, 0.0]}
/workspace/SoulX-FlashHead/flash_head/src/modules/flash_head_model.py:640: FutureWarning: `torch.cuda.amp.autocast(args...)` is deprecated. Please use `torch.amp.autocast('cuda', args...)` instead.
  with amp.autocast(dtype=torch.float32):
{"completed": 12, "control": false, "name": "seed7-shift3-history2", "seed": 7, "shift": 3, "history": 2, "strength": 1, "overlap_frames": 9, "emitted_frames_per_chunk": 24, "chunk_boundaries": [24, 48, 72, 96, 120, 144, 168, 192, 216, 240], "gpu_snapshot": "name, memory.total [MiB], memory.used [MiB], driver_version\nNVIDIA GeForce RTX 4070 SUPER, 12282 MiB, 6526 MiB, 595.84\n", "wall_s": 8.097249765007291, "useful_fps": 30.87468057122169, "peak_allocated_mib": 3301.474609375, "frames": 250, "raw_sha256": "e815bc3cacfa8fb49d18cbd719ed2548f9753398032c1eee0f8106653b48e279", "effective_timesteps": [1000.0, 900.0001220703125, 750.0, 500.0, 0.0]}
/workspace/SoulX-FlashHead/flash_head/src/modules/flash_head_model.py:640: FutureWarning: `torch.cuda.amp.autocast(args...)` is deprecated. Please use `torch.amp.autocast('cuda', args...)` instead.
  with amp.autocast(dtype=torch.float32):
{"completed": 13, "control": false, "name": "seed7-shift7-history2", "seed": 7, "shift": 7, "history": 2, "strength": 1, "overlap_frames": 9, "emitted_frames_per_chunk": 24, "chunk_boundaries": [24, 48, 72, 96, 120, 144, 168, 192, 216, 240], "gpu_snapshot": "name, memory.total [MiB], memory.used [MiB], driver_version\nNVIDIA GeForce RTX 4070 SUPER, 12282 MiB, 6526 MiB, 595.84\n", "wall_s": 8.089378650009166, "useful_fps": 30.904722206286724, "peak_allocated_mib": 3301.474609375, "frames": 250, "raw_sha256": "8ee9e712cd516c328e522d30ccc1dee4615ea30e41e9c09e844d561c72d06f52", "effective_timesteps": [1000.0, 954.54541015625, 875.0, 700.0, 0.0]}
/workspace/SoulX-FlashHead/flash_head/src/modules/flash_head_model.py:640: FutureWarning: `torch.cuda.amp.autocast(args...)` is deprecated. Please use `torch.amp.autocast('cuda', args...)` instead.
  with amp.autocast(dtype=torch.float32):
{"completed": 14, "control": false, "name": "seed7-shift10-history2", "seed": 7, "shift": 10, "history": 2, "strength": 1, "overlap_frames": 9, "emitted_frames_per_chunk": 24, "chunk_boundaries": [24, 48, 72, 96, 120, 144, 168, 192, 216, 240], "gpu_snapshot": "name, memory.total [MiB], memory.used [MiB], driver_version\nNVIDIA GeForce RTX 4070 SUPER, 12282 MiB, 6526 MiB, 595.84\n", "wall_s": 8.11650928700692, "useful_fps": 30.801418585229158, "peak_allocated_mib": 3301.474609375, "frames": 250, "raw_sha256": "f4952d0e40f07ff5aa23ded99c1f59ad0a9824407a9a0c4c58bbb13d58770e25", "effective_timesteps": [1000.0, 967.741943359375, 909.0909423828125, 769.2307739257812, 0.0]}
/workspace/SoulX-FlashHead/flash_head/src/modules/flash_head_model.py:640: FutureWarning: `torch.cuda.amp.autocast(args...)` is deprecated. Please use `torch.amp.autocast('cuda', args...)` instead.
  with amp.autocast(dtype=torch.float32):
{"completed": 15, "control": false, "name": "seed7-shift15-history2", "seed": 7, "shift": 15, "history": 2, "strength": 1, "overlap_frames": 9, "emitted_frames_per_chunk": 24, "chunk_boundaries": [24, 48, 72, 96, 120, 144, 168, 192, 216, 240], "gpu_snapshot": "name, memory.total [MiB], memory.used [MiB], driver_version\nNVIDIA GeForce RTX 4070 SUPER, 12282 MiB, 6526 MiB, 595.84\n", "wall_s": 8.132612762012286, "useful_fps": 30.740428361197598, "peak_allocated_mib": 3301.474609375, "frames": 250, "raw_sha256": "a0b46de9b2f7744f70442e86725913c4c1825563b5389afb8ddda27c472886e1", "effective_timesteps": [1000.0, 978.2608642578125, 937.5, 833.3333129882812, 0.0]}
/workspace/SoulX-FlashHead/flash_head/src/modules/flash_head_model.py:640: FutureWarning: `torch.cuda.amp.autocast(args...)` is deprecated. Please use `torch.amp.autocast('cuda', args...)` instead.
  with amp.autocast(dtype=torch.float32):
{"completed": 16, "control": false, "name": "seed50-shift0.5-history2", "seed": 50, "shift": 0.5, "history": 2, "strength": 1, "overlap_frames": 9, "emitted_frames_per_chunk": 24, "chunk_boundaries": [24, 48, 72, 96, 120, 144, 168, 192, 216, 240], "gpu_snapshot": "name, memory.total [MiB], memory.used [MiB], driver_version\nNVIDIA GeForce RTX 4070 SUPER, 12282 MiB, 6526 MiB, 595.84\n", "wall_s": 8.109758757025702, "useful_fps": 30.82705755993275, "peak_allocated_mib": 3301.474609375, "frames": 250, "raw_sha256": "27358a4f0132efa30867f7bd38cfb20acfc13e89e5b561cf17ad8725f0c357d6", "effective_timesteps": [1000.0, 600.0, 333.3333435058594, 142.85714721679688, 0.0]}
/workspace/SoulX-FlashHead/flash_head/src/modules/flash_head_model.py:640: FutureWarning: `torch.cuda.amp.autocast(args...)` is deprecated. Please use `torch.amp.autocast('cuda', args...)` instead.
  with amp.autocast(dtype=torch.float32):
{"completed": 17, "control": false, "name": "seed50-shift1-history2", "seed": 50, "shift": 1, "history": 2, "strength": 1, "overlap_frames": 9, "emitted_frames_per_chunk": 24, "chunk_boundaries": [24, 48, 72, 96, 120, 144, 168, 192, 216, 240], "gpu_snapshot": "name, memory.total [MiB], memory.used [MiB], driver_version\nNVIDIA GeForce RTX 4070 SUPER, 12282 MiB, 6526 MiB, 595.84\n", "wall_s": 8.132682927011047, "useful_fps": 30.740163147105616, "peak_allocated_mib": 3301.474609375, "frames": 250, "raw_sha256": "2771e14956dbf75673d4880bd493e60bce3e0c2e2c43e41a34c2a1ef5b28fa25", "effective_timesteps": [1000.0, 750.0000610351562, 500.0, 250.0, 0.0]}
/workspace/SoulX-FlashHead/flash_head/src/modules/flash_head_model.py:640: FutureWarning: `torch.cuda.amp.autocast(args...)` is deprecated. Please use `torch.amp.autocast('cuda', args...)` instead.
  with amp.autocast(dtype=torch.float32):
{"completed": 18, "control": false, "name": "seed50-shift2-history2", "seed": 50, "shift": 2, "history": 2, "strength": 1, "overlap_frames": 9, "emitted_frames_per_chunk": 24, "chunk_boundaries": [24, 48, 72, 96, 120, 144, 168, 192, 216, 240], "gpu_snapshot": "name, memory.total [MiB], memory.used [MiB], driver_version\nNVIDIA GeForce RTX 4070 SUPER, 12282 MiB, 6526 MiB, 595.84\n", "wall_s": 8.083997868990991, "useful_fps": 30.925292664779473, "peak_allocated_mib": 3301.474609375, "frames": 250, "raw_sha256": "4bf5a80e3fa6265c14c6ad9df54fcc44e3e7cd1fd27102302d7de4a70d648473", "effective_timesteps": [1000.0, 857.1429443359375, 666.6666870117188, 400.0, 0.0]}
/workspace/SoulX-FlashHead/flash_head/src/modules/flash_head_model.py:640: FutureWarning: `torch.cuda.amp.autocast(args...)` is deprecated. Please use `torch.amp.autocast('cuda', args...)` instead.
  with amp.autocast(dtype=torch.float32):
{"completed": 19, "control": false, "name": "seed50-shift3-history2", "seed": 50, "shift": 3, "history": 2, "strength": 1, "overlap_frames": 9, "emitted_frames_per_chunk": 24, "chunk_boundaries": [24, 48, 72, 96, 120, 144, 168, 192, 216, 240], "gpu_snapshot": "name, memory.total [MiB], memory.used [MiB], driver_version\nNVIDIA GeForce RTX 4070 SUPER, 12282 MiB, 6526 MiB, 595.84\n", "wall_s": 8.095757574017625, "useful_fps": 30.880371319707667, "peak_allocated_mib": 3301.474609375, "frames": 250, "raw_sha256": "df4dd15432ca64bb7b4f91fff9400ab415096011350fe4cfb2616997cf2720e0", "effective_timesteps": [1000.0, 900.0001220703125, 750.0, 500.0, 0.0]}
/workspace/SoulX-FlashHead/flash_head/src/modules/flash_head_model.py:640: FutureWarning: `torch.cuda.amp.autocast(args...)` is deprecated. Please use `torch.amp.autocast('cuda', args...)` instead.
  with amp.autocast(dtype=torch.float32):
{"completed": 20, "control": false, "name": "seed50-shift7-history2", "seed": 50, "shift": 7, "history": 2, "strength": 1, "overlap_frames": 9, "emitted_frames_per_chunk": 24, "chunk_boundaries": [24, 48, 72, 96, 120, 144, 168, 192, 216, 240], "gpu_snapshot": "name, memory.total [MiB], memory.used [MiB], driver_version\nNVIDIA GeForce RTX 4070 SUPER, 12282 MiB, 6526 MiB, 595.84\n", "wall_s": 8.132293567992747, "useful_fps": 30.741634928669484, "peak_allocated_mib": 3301.474609375, "frames": 250, "raw_sha256": "ab9fe946d66d74505455ba9abcaae4484163267644c83be6450112783f099ca3", "effective_timesteps": [1000.0, 954.54541015625, 875.0, 700.0, 0.0]}
/workspace/SoulX-FlashHead/flash_head/src/modules/flash_head_model.py:640: FutureWarning: `torch.cuda.amp.autocast(args...)` is deprecated. Please use `torch.amp.autocast('cuda', args...)` instead.
  with amp.autocast(dtype=torch.float32):
{"completed": 21, "control": false, "name": "seed50-shift10-history2", "seed": 50, "shift": 10, "history": 2, "strength": 1, "overlap_frames": 9, "emitted_frames_per_chunk": 24, "chunk_boundaries": [24, 48, 72, 96, 120, 144, 168, 192, 216, 240], "gpu_snapshot": "name, memory.total [MiB], memory.used [MiB], driver_version\nNVIDIA GeForce RTX 4070 SUPER, 12282 MiB, 6526 MiB, 595.84\n", "wall_s": 8.075682874012273, "useful_fps": 30.95713438729814, "peak_allocated_mib": 3301.474609375, "frames": 250, "raw_sha256": "11f5332486af88b88ac732682820a7af258ee9a9119218f0fb7c68566442f7cf", "effective_timesteps": [1000.0, 967.741943359375, 909.0909423828125, 769.2307739257812, 0.0]}
/workspace/SoulX-FlashHead/flash_head/src/modules/flash_head_model.py:640: FutureWarning: `torch.cuda.amp.autocast(args...)` is deprecated. Please use `torch.amp.autocast('cuda', args...)` instead.
  with amp.autocast(dtype=torch.float32):
{"completed": 22, "control": false, "name": "seed50-shift15-history2", "seed": 50, "shift": 15, "history": 2, "strength": 1, "overlap_frames": 9, "emitted_frames_per_chunk": 24, "chunk_boundaries": [24, 48, 72, 96, 120, 144, 168, 192, 216, 240], "gpu_snapshot": "name, memory.total [MiB], memory.used [MiB], driver_version\nNVIDIA GeForce RTX 4070 SUPER, 12282 MiB, 6526 MiB, 595.84\n", "wall_s": 8.115312995010754, "useful_fps": 30.80595907436947, "peak_allocated_mib": 3301.474609375, "frames": 250, "raw_sha256": "22b0bf74a41cd27e80f5a3d697954cc5b2128cee731f16f2a0f7f4c368103b78", "effective_timesteps": [1000.0, 978.2608642578125, 937.5, 833.3333129882812, 0.0]}
/workspace/SoulX-FlashHead/flash_head/src/modules/flash_head_model.py:640: FutureWarning: `torch.cuda.amp.autocast(args...)` is deprecated. Please use `torch.amp.autocast('cuda', args...)` instead.
  with amp.autocast(dtype=torch.float32):
{"completed": 23, "control": false, "name": "seed99-shift0.5-history2", "seed": 99, "shift": 0.5, "history": 2, "strength": 1, "overlap_frames": 9, "emitted_frames_per_chunk": 24, "chunk_boundaries": [24, 48, 72, 96, 120, 144, 168, 192, 216, 240], "gpu_snapshot": "name, memory.total [MiB], memory.used [MiB], driver_version\nNVIDIA GeForce RTX 4070 SUPER, 12282 MiB, 6526 MiB, 595.84\n", "wall_s": 8.111332332977327, "useful_fps": 30.821077196356914, "peak_allocated_mib": 3301.474609375, "frames": 250, "raw_sha256": "d37158aee225827c512651b28bdeaaeb517c754a66a7a8c8fc427a04df75dcd5", "effective_timesteps": [1000.0, 600.0, 333.3333435058594, 142.85714721679688, 0.0]}
/workspace/SoulX-FlashHead/flash_head/src/modules/flash_head_model.py:640: FutureWarning: `torch.cuda.amp.autocast(args...)` is deprecated. Please use `torch.amp.autocast('cuda', args...)` instead.
  with amp.autocast(dtype=torch.float32):
{"completed": 24, "control": false, "name": "seed99-shift1-history2", "seed": 99, "shift": 1, "history": 2, "strength": 1, "overlap_frames": 9, "emitted_frames_per_chunk": 24, "chunk_boundaries": [24, 48, 72, 96, 120, 144, 168, 192, 216, 240], "gpu_snapshot": "name, memory.total [MiB], memory.used [MiB], driver_version\nNVIDIA GeForce RTX 4070 SUPER, 12282 MiB, 6538 MiB, 595.84\n", "wall_s": 8.105845355981728, "useful_fps": 30.841940478856028, "peak_allocated_mib": 3301.474609375, "frames": 250, "raw_sha256": "3565ac26c8b5ece1b3f6305be4c2efa2247db616870e0fe723c2800d8b870447", "effective_timesteps": [1000.0, 750.0000610351562, 500.0, 250.0, 0.0]}
/workspace/SoulX-FlashHead/flash_head/src/modules/flash_head_model.py:640: FutureWarning: `torch.cuda.amp.autocast(args...)` is deprecated. Please use `torch.amp.autocast('cuda', args...)` instead.
  with amp.autocast(dtype=torch.float32):
{"completed": 25, "control": false, "name": "seed99-shift2-history2", "seed": 99, "shift": 2, "history": 2, "strength": 1, "overlap_frames": 9, "emitted_frames_per_chunk": 24, "chunk_boundaries": [24, 48, 72, 96, 120, 144, 168, 192, 216, 240], "gpu_snapshot": "name, memory.total [MiB], memory.used [MiB], driver_version\nNVIDIA GeForce RTX 4070 SUPER, 12282 MiB, 6526 MiB, 595.84\n", "wall_s": 8.131801802985137, "useful_fps": 30.7434940074691, "peak_allocated_mib": 3301.474609375, "frames": 250, "raw_sha256": "8ef199dfa387ad63489be807b53b62f37b03f89aee13a2fd825ee332c6a39c16", "effective_timesteps": [1000.0, 857.1429443359375, 666.6666870117188, 400.0, 0.0]}
/workspace/SoulX-FlashHead/flash_head/src/modules/flash_head_model.py:640: FutureWarning: `torch.cuda.amp.autocast(args...)` is deprecated. Please use `torch.amp.autocast('cuda', args...)` instead.
  with amp.autocast(dtype=torch.float32):
{"completed": 26, "control": false, "name": "seed99-shift3-history2", "seed": 99, "shift": 3, "history": 2, "strength": 1, "overlap_frames": 9, "emitted_frames_per_chunk": 24, "chunk_boundaries": [24, 48, 72, 96, 120, 144, 168, 192, 216, 240], "gpu_snapshot": "name, memory.total [MiB], memory.used [MiB], driver_version\nNVIDIA GeForce RTX 4070 SUPER, 12282 MiB, 6526 MiB, 595.84\n", "wall_s": 8.114085106004495, "useful_fps": 30.810620881336057, "peak_allocated_mib": 3301.474609375, "frames": 250, "raw_sha256": "94d240cd7570d8c1017dbc558147b2743de4a59eb0cff79a7cf537ea5be1eaf7", "effective_timesteps": [1000.0, 900.0001220703125, 750.0, 500.0, 0.0]}
/workspace/SoulX-FlashHead/flash_head/src/modules/flash_head_model.py:640: FutureWarning: `torch.cuda.amp.autocast(args...)` is deprecated. Please use `torch.amp.autocast('cuda', args...)` instead.
  with amp.autocast(dtype=torch.float32):
{"completed": 27, "control": false, "name": "seed99-shift7-history2", "seed": 99, "shift": 7, "history": 2, "strength": 1, "overlap_frames": 9, "emitted_frames_per_chunk": 24, "chunk_boundaries": [24, 48, 72, 96, 120, 144, 168, 192, 216, 240], "gpu_snapshot": "name, memory.total [MiB], memory.used [MiB], driver_version\nNVIDIA GeForce RTX 4070 SUPER, 12282 MiB, 6526 MiB, 595.84\n", "wall_s": 8.116597880987683, "useful_fps": 30.801082382755457, "peak_allocated_mib": 3301.474609375, "frames": 250, "raw_sha256": "606c9f2fd646e8a7c6e9d9b732b5192bf9948c960a554018686bb34805ccc1c5", "effective_timesteps": [1000.0, 954.54541015625, 875.0, 700.0, 0.0]}
/workspace/SoulX-FlashHead/flash_head/src/modules/flash_head_model.py:640: FutureWarning: `torch.cuda.amp.autocast(args...)` is deprecated. Please use `torch.amp.autocast('cuda', args...)` instead.
  with amp.autocast(dtype=torch.float32):
{"completed": 28, "control": false, "name": "seed99-shift10-history2", "seed": 99, "shift": 10, "history": 2, "strength": 1, "overlap_frames": 9, "emitted_frames_per_chunk": 24, "chunk_boundaries": [24, 48, 72, 96, 120, 144, 168, 192, 216, 240], "gpu_snapshot": "name, memory.total [MiB], memory.used [MiB], driver_version\nNVIDIA GeForce RTX 4070 SUPER, 12282 MiB, 6526 MiB, 595.84\n", "wall_s": 8.134315305011114, "useful_fps": 30.73399427312443, "peak_allocated_mib": 3301.474609375, "frames": 250, "raw_sha256": "6ff3ec9402caeaf19ae6a102f437f5f9a95802da40158d5374383bf93449582f", "effective_timesteps": [1000.0, 967.741943359375, 909.0909423828125, 769.2307739257812, 0.0]}
/workspace/SoulX-FlashHead/flash_head/src/modules/flash_head_model.py:640: FutureWarning: `torch.cuda.amp.autocast(args...)` is deprecated. Please use `torch.amp.autocast('cuda', args...)` instead.
  with amp.autocast(dtype=torch.float32):
{"completed": 29, "control": false, "name": "seed99-shift15-history2", "seed": 99, "shift": 15, "history": 2, "strength": 1, "overlap_frames": 9, "emitted_frames_per_chunk": 24, "chunk_boundaries": [24, 48, 72, 96, 120, 144, 168, 192, 216, 240], "gpu_snapshot": "name, memory.total [MiB], memory.used [MiB], driver_version\nNVIDIA GeForce RTX 4070 SUPER, 12282 MiB, 6526 MiB, 595.84\n", "wall_s": 8.111685221985681, "useful_fps": 30.81973636284691, "peak_allocated_mib": 3301.474609375, "frames": 250, "raw_sha256": "da8d4c48a0aa410449b955c439d3bcfd676b69cebe41b88d4ddc02d2a9f49cae", "effective_timesteps": [1000.0, 978.2608642578125, 937.5, 833.3333129882812, 0.0]}
/workspace/SoulX-FlashHead/flash_head/src/modules/flash_head_model.py:640: FutureWarning: `torch.cuda.amp.autocast(args...)` is deprecated. Please use `torch.amp.autocast('cuda', args...)` instead.
  with amp.autocast(dtype=torch.float32):
{"completed": 30, "control": false, "name": "seed7-shift5-history1", "seed": 7, "shift": 5, "history": 1, "strength": 1, "overlap_frames": 1, "emitted_frames_per_chunk": 32, "chunk_boundaries": [32, 64, 96, 128, 160, 192, 224], "gpu_snapshot": "name, memory.total [MiB], memory.used [MiB], driver_version\nNVIDIA GeForce RTX 4070 SUPER, 12282 MiB, 6526 MiB, 595.84\n", "wall_s": 5.6827768119983375, "useful_fps": 43.99257762018072, "peak_allocated_mib": 3301.4306640625, "frames": 250, "raw_sha256": "d0f36493ecf8cca629c806c00fb11d6c7e4a93a9ac3f5b2a65722503824cbe41", "effective_timesteps": [1000.0, 937.5000610351562, 833.3333129882812, 625.0, 0.0]}
/workspace/SoulX-FlashHead/flash_head/src/modules/flash_head_model.py:640: FutureWarning: `torch.cuda.amp.autocast(args...)` is deprecated. Please use `torch.amp.autocast('cuda', args...)` instead.
  with amp.autocast(dtype=torch.float32):
{"completed": 31, "control": false, "name": "seed7-shift5-history3", "seed": 7, "shift": 5, "history": 3, "strength": 1, "overlap_frames": 17, "emitted_frames_per_chunk": 16, "chunk_boundaries": [16, 32, 48, 64, 80, 96, 112, 128, 144, 160, 176, 192, 208, 224, 240], "gpu_snapshot": "name, memory.total [MiB], memory.used [MiB], driver_version\nNVIDIA GeForce RTX 4070 SUPER, 12282 MiB, 6526 MiB, 595.84\n", "wall_s": 12.25632276601391, "useful_fps": 20.39763514495848, "peak_allocated_mib": 3301.5185546875, "frames": 250, "raw_sha256": "453abd6278155142e5b0f341bc078d984c397feafa37b1c68e341953b89b7276", "effective_timesteps": [1000.0, 937.5000610351562, 833.3333129882812, 625.0, 0.0]}
/workspace/SoulX-FlashHead/flash_head/src/modules/flash_head_model.py:640: FutureWarning: `torch.cuda.amp.autocast(args...)` is deprecated. Please use `torch.amp.autocast('cuda', args...)` instead.
  with amp.autocast(dtype=torch.float32):
Traceback (most recent call last):
  File "/workspace/SoulX-FlashHead/benchmarks/movement_ranges_20260917/run.py", line 149, in <module>
    main()
  File "/workspace/SoulX-FlashHead/benchmarks/movement_ranges_20260917/run.py", line 140, in main
    render(seed, history=history)
  File "/workspace/SoulX-FlashHead/benchmarks/movement_ranges_20260917/run.py", line 83, in render
    chunk = engine.generate([state])[0]
  File "/workspace/SoulX-FlashHead/benchmarks/movement_ranges_20260917/generated_history_method.py", line 126, in generate
    posterior = sp.vae.model.encode(videos[:, :, -self.motion_frames:], return_dict=False)[0]
  File "/workspace/SoulX-FlashHead/flash_head/ltx_video/models/autoencoders/vae.py", line 252, in encode
    else self._encode(z)
  File "/workspace/SoulX-FlashHead/flash_head/ltx_video/models/autoencoders/vae.py", line 287, in _encode
    h = self.encoder(x)
  File "/workspace/SoulX-FlashHead/.venv/lib/python3.10/site-packages/torch/nn/modules/module.py", line 1751, in _wrapped_call_impl
    return self._call_impl(*args, **kwargs)
  File "/workspace/SoulX-FlashHead/.venv/lib/python3.10/site-packages/torch/nn/modules/module.py", line 1762, in _call_impl
    return forward_call(*args, **kwargs)
  File "/workspace/SoulX-FlashHead/flash_head/ltx_video/models/autoencoders/causal_video_autoencoder.py", line 519, in forward
    sample = checkpoint_fn(down_block)(sample)
  File "/workspace/SoulX-FlashHead/.venv/lib/python3.10/site-packages/torch/nn/modules/module.py", line 1751, in _wrapped_call_impl
    return self._call_impl(*args, **kwargs)
  File "/workspace/SoulX-FlashHead/.venv/lib/python3.10/site-packages/torch/nn/modules/module.py", line 1762, in _call_impl
    return forward_call(*args, **kwargs)
  File "/workspace/SoulX-FlashHead/flash_head/ltx_video/models/autoencoders/causal_video_autoencoder.py", line 965, in forward
    hidden_states = resnet(
  File "/workspace/SoulX-FlashHead/.venv/lib/python3.10/site-packages/torch/nn/modules/module.py", line 1751, in _wrapped_call_impl
    return self._call_impl(*args, **kwargs)
  File "/workspace/SoulX-FlashHead/.venv/lib/python3.10/site-packages/torch/nn/modules/module.py", line 1762, in _call_impl
    return forward_call(*args, **kwargs)
  File "/workspace/SoulX-FlashHead/flash_head/ltx_video/models/autoencoders/causal_video_autoencoder.py", line 1234, in forward
    hidden_states = self.conv1(hidden_states, causal=causal)
  File "/workspace/SoulX-FlashHead/.venv/lib/python3.10/site-packages/torch/nn/modules/module.py", line 1751, in _wrapped_call_impl
    return self._call_impl(*args, **kwargs)
  File "/workspace/SoulX-FlashHead/.venv/lib/python3.10/site-packages/torch/nn/modules/module.py", line 1762, in _call_impl
    return forward_call(*args, **kwargs)
  File "/workspace/SoulX-FlashHead/flash_head/ltx_video/models/autoencoders/causal_conv3d.py", line 58, in forward
    x = self.conv(x)
  File "/workspace/SoulX-FlashHead/.venv/lib/python3.10/site-packages/torch/nn/modules/module.py", line 1751, in _wrapped_call_impl
    return self._call_impl(*args, **kwargs)
  File "/workspace/SoulX-FlashHead/.venv/lib/python3.10/site-packages/torch/nn/modules/module.py", line 1762, in _call_impl
    return forward_call(*args, **kwargs)
  File "/workspace/SoulX-FlashHead/.venv/lib/python3.10/site-packages/torch/nn/modules/conv.py", line 725, in forward
    return self._conv_forward(input, self.weight, self.bias)
  File "/workspace/SoulX-FlashHead/.venv/lib/python3.10/site-packages/torch/nn/modules/conv.py", line 720, in _conv_forward
    return F.conv3d(
torch.OutOfMemoryError: CUDA out of memory. Tried to allocate 72.00 MiB. GPU 0 has a total capacity of 11.60 GiB of which 5.25 GiB is free. Process 157695 has 2.42 GiB memory in use. Process 246436 has 234.00 MiB memory in use. Including non-PyTorch memory, this process has 3.68 GiB memory in use. 3.50 GiB allowed; Of the allocated memory 3.08 GiB is allocated by PyTorch, and 363.61 MiB is reserved by PyTorch but unallocated. If reserved but unallocated memory is large try setting PYTORCH_CUDA_ALLOC_CONF=expandable_segments:True to avoid fragmentation.  See documentation for Memory Management  (https://pytorch.org/docs/stable/notes/cuda.html#environment-variables)
