{
  "output": "benchmarks/pro_30fps_20260920/rebaseline-r01",
  "runs": [
    {
      "repeat": 0,
      "generation_s": 21.09509757300839,
      "useful_fps": 11.851094745344062,
      "first_window_latency_s": 2.3193684610305354,
      "chunk_times_s": [
        2.3193684610305354,
        2.328512128908187,
        2.3241365189896896,
        2.3222585659241304,
        2.334360326989554,
        2.3355535269947723,
        2.331383576965891,
        2.3380586970597506,
        2.3415170459775254
      ],
      "chunk_distribution_s": {
        "count": 9,
        "min": 2.3193684610305354,
        "p50": 2.331383576965891,
        "p95": 2.3401337064104153,
        "p99": 2.3412403780641036,
        "max": 2.3415170459775254
      },
      "stage_seconds": {
        "audio": 0.07150041580200195,
        "dit": 8.364062210083006,
        "vae_decode": 10.965286254882812,
        "motion_encode": 1.37644889831543
      },
      "peak_allocated_mib": 5040.8046875,
      "peak_reserved_mib": 8262.0,
      "resource_summary": {
        "sample_count": 32,
        "gpu_utilization_percent": {
          "mean": 98.0,
          "min": 74.0,
          "max": 100.0
        },
        "gpu_vram_used_mib": {
          "mean": 11249.875,
          "min": 10612.0,
          "max": 11840.0
        },
        "system_cpu_percent": {
          "mean": 5.125,
          "min": 0.0,
          "max": 8.4
        },
        "process_cpu_percent": {
          "mean": 97.19375000000001,
          "min": 0.0,
          "max": 109.4
        },
        "system_ram_used_mib": {
          "mean": 22029.556762695312,
          "min": 21933.27734375,
          "max": 22092.1484375
        },
        "system_ram_percent": {
          "mean": 71.17500000000001,
          "min": 70.9,
          "max": 71.4
        },
        "process_rss_mib": {
          "mean": 4957.229736328125,
          "min": 4923.23046875,
          "max": 4962.13671875
        },
        "torch_allocated_mib": {
          "mean": 3689.8758239746094,
          "min": 3219.685546875,
          "max": 5020.41650390625
        },
        "torch_reserved_mib": {
          "mean": 7435.8125,
          "min": 6830.0,
          "max": 7814.0
        }
      }
    }
  ]
}
