[generate] model denoise per step: 2.0468087196350098s
[generate] model denoise per step: 0.24823784828186035s
[generate] model denoise per step: 0.2535364627838135s
[generate] model denoise per step: 0.2583322525024414s
[generate] decode video frames: 6.037472724914551s
[generate] color correction: 0.011498212814331055s
[generate] encode motion frames: 0.15319466590881348s
[generate] model denoise per step: 0.25174927711486816s
[generate] model denoise per step: 0.25466322898864746s
[generate] model denoise per step: 0.2590358257293701s
[generate] model denoise per step: 0.2559068202972412s
[generate] decode video frames: 1.4470069408416748s
[generate] color correction: 0.009827375411987305s
[generate] encode motion frames: 0.15314960479736328s
[generate] model denoise per step: 0.2510952949523926s
[generate] model denoise per step: 0.25590991973876953s
[generate] model denoise per step: 0.2588515281677246s
[generate] model denoise per step: 0.2564864158630371s
[generate] decode video frames: 1.4509060382843018s
[generate] color correction: 0.009772062301635742s
[generate] encode motion frames: 0.15320706367492676s
[generate] model denoise per step: 0.2528667449951172s
[generate] model denoise per step: 0.25408387184143066s
[generate] model denoise per step: 0.25644373893737793s
[generate] model denoise per step: 0.25725269317626953s
[generate] decode video frames: 1.4508540630340576s
[generate] color correction: 0.009798288345336914s
[generate] encode motion frames: 0.15357065200805664s
[generate] model denoise per step: 0.2530498504638672s
[generate] model denoise per step: 0.254899263381958s
[generate] model denoise per step: 0.25546932220458984s
[generate] model denoise per step: 0.2608804702758789s
[generate] decode video frames: 1.451204538345337s
[generate] color correction: 0.0097808837890625s
[generate] encode motion frames: 0.15343475341796875s
[generate] model denoise per step: 0.2529580593109131s
[generate] model denoise per step: 0.2541019916534424s
[generate] model denoise per step: 0.2545499801635742s
[generate] model denoise per step: 0.2595040798187256s
[generate] decode video frames: 1.4531505107879639s
[generate] color correction: 0.009800195693969727s
[generate] encode motion frames: 0.15440082550048828s
[generate] model denoise per step: 0.2526717185974121s
[generate] model denoise per step: 0.25429439544677734s
[generate] model denoise per step: 0.2551734447479248s
[generate] model denoise per step: 0.25994253158569336s
[generate] decode video frames: 1.4534525871276855s
[generate] color correction: 0.009807825088500977s
[generate] encode motion frames: 0.1530911922454834s
[generate] model denoise per step: 0.2528252601623535s
[generate] model denoise per step: 0.25467395782470703s
[generate] model denoise per step: 0.25848865509033203s
[generate] model denoise per step: 0.2601795196533203s
[generate] decode video frames: 1.4520809650421143s
[generate] color correction: 0.009791851043701172s
[generate] encode motion frames: 0.15340662002563477s
[generate] model denoise per step: 0.25258851051330566s
[generate] model denoise per step: 0.25470805168151855s
[generate] model denoise per step: 0.25481104850769043s
[generate] model denoise per step: 0.26009368896484375s
[generate] decode video frames: 1.4549822807312012s
[generate] color correction: 0.009785652160644531s
[generate] encode motion frames: 0.15359115600585938s
[generate] model denoise per step: 0.25265955924987793s
[generate] model denoise per step: 0.2549154758453369s
[generate] model denoise per step: 0.2557363510131836s
[generate] model denoise per step: 0.2596876621246338s
[generate] decode video frames: 1.4515278339385986s
[generate] color correction: 0.009770870208740234s
[generate] encode motion frames: 0.153153657913208s
[generate] model denoise per step: 0.25191593170166016s
[generate] model denoise per step: 0.25470399856567383s
[generate] model denoise per step: 0.25759148597717285s
[generate] model denoise per step: 0.2597939968109131s
[generate] decode video frames: 1.4530539512634277s
[generate] color correction: 0.009714126586914062s
[generate] encode motion frames: 0.15334248542785645s
{
  "output": "benchmarks/pro_quantization_v2_20260918/sweeps/promoted-sage2-bf16-decoder-four-seed-r01/runs/006-candidate-seed51-r01",
  "runs": [
    {
      "repeat": 0,
      "generation_s": 24.049821670982055,
      "useful_fps": 10.395087473835371,
      "first_window_latency_s": 2.656716469966341,
      "chunk_times_s": [
        2.656716469966341,
        2.654780184966512,
        2.658704204019159,
        2.661663535051048,
        2.658571622974705,
        2.6616885749972425,
        2.661370295973029,
        2.6579568939632736,
        2.6606597370118834
      ],
      "chunk_distribution_s": {
        "count": 9,
        "min": 2.654780184966512,
        "p50": 2.658704204019159,
        "p95": 2.661678559018765,
        "p99": 2.661686571801547,
        "max": 2.6616885749972425
      },
      "stage_seconds": {
        "audio": 0.07541567993164063,
        "dit": 9.20048274230957,
        "vae_decode": 13.070558349609373,
        "motion_encode": 1.3808191986083982
      },
      "peak_allocated_mib": 6523.87353515625,
      "peak_reserved_mib": 7644.0,
      "resource_summary": {
        "sample_count": 45,
        "gpu_utilization_percent": {
          "mean": 98.68888888888888,
          "min": 74.0,
          "max": 100.0
        },
        "gpu_vram_used_mib": {
          "mean": 10608.0,
          "min": 10608.0,
          "max": 10608.0
        },
        "system_cpu_percent": {
          "mean": 8.095555555555555,
          "min": 3.6,
          "max": 66.7
        },
        "process_cpu_percent": {
          "mean": 99.34444444444445,
          "min": 0.0,
          "max": 109.7
        },
        "system_ram_used_mib": {
          "mean": 14282.332725694445,
          "min": 14155.1875,
          "max": 14334.2578125
        },
        "system_ram_percent": {
          "mean": 46.15111111111111,
          "min": 45.7,
          "max": 46.3
        },
        "process_rss_mib": {
          "mean": 4823.305989583333,
          "min": 4724.50390625,
          "max": 4854.95703125
        },
        "torch_allocated_mib": {
          "mean": 3299.597580295139,
          "min": 2455.8427734375,
          "max": 6049.25634765625
        },
        "torch_reserved_mib": {
          "mean": 7644.0,
          "min": 7644.0,
          "max": 7644.0
        }
      }
    }
  ]
}
