{
  "output": "benchmarks/pro_30fps_20260922/tae-ctl-r03-origrunpy",
  "runs": [
    {
      "repeat": 0,
      "generation_s": 9.297152534127235,
      "useful_fps": 26.889953572593353,
      "first_window_latency_s": 1.100530480965972,
      "chunk_times_s": [
        1.100530480965972,
        1.0213828538544476,
        1.026545980013907,
        1.0225807009264827,
        1.025584063027054,
        1.0250658348668367,
        1.0242484889458865,
        1.0245635691098869,
        1.0261449650861323
      ],
      "chunk_distribution_s": {
        "count": 9,
        "min": 1.0213828538544476,
        "p50": 1.0250658348668367,
        "p95": 1.070936680585146,
        "p99": 1.0946117208898067,
        "max": 1.100530480965972
      },
      "stage_seconds": {
        "audio": 0.07105520057678222,
        "dit": 4.114463592529297,
        "vae_decode": 3.9038687133789054,
        "motion_encode": 1.050477279663086
      },
      "peak_allocated_mib": 7158.6748046875,
      "peak_reserved_mib": 8470.0,
      "resource_summary": {
        "sample_count": 18,
        "gpu_utilization_percent": {
          "mean": 99.55555555555556,
          "min": 96.0,
          "max": 100.0
        },
        "gpu_vram_used_mib": {
          "mean": 8911.222222222223,
          "min": 8609.0,
          "max": 8949.0
        },
        "system_cpu_percent": {
          "mean": 7.183333333333334,
          "min": 3.2,
          "max": 50.0
        },
        "process_cpu_percent": {
          "mean": 94.55555555555556,
          "min": 0.0,
          "max": 102.4
        },
        "system_ram_used_mib": {
          "mean": 21896.64865451389,
          "min": 21879.34375,
          "max": 21911.94140625
        },
        "system_ram_percent": {
          "mean": 70.73888888888888,
          "min": 70.7,
          "max": 70.8
        },
        "process_rss_mib": {
          "mean": 5056.481770833333,
          "min": 5056.23828125,
          "max": 5056.49609375
        },
        "torch_allocated_mib": {
          "mean": 5895.688042534723,
          "min": 5735.5732421875,
          "max": 6030.935546875
        },
        "torch_reserved_mib": {
          "mean": 8432.222222222223,
          "min": 8130.0,
          "max": 8470.0
        }
      }
    }
  ]
}
