{
  "output": "benchmarks/pro_30fps_20260922/ctl-r01",
  "runs": [
    {
      "repeat": 0,
      "generation_s": 12.682263392023742,
      "useful_fps": 19.71256961570697,
      "first_window_latency_s": 1.5266943810274825,
      "chunk_times_s": [
        1.5266943810274825,
        1.3764543579891324,
        1.37595135695301,
        1.378715547034517,
        1.3743698570178822,
        1.3782450640574098,
        1.3763960159849375,
        1.3876092339633033,
        1.3830406540073454
      ],
      "chunk_distribution_s": {
        "count": 9,
        "min": 1.3743698570178822,
        "p50": 1.3782450640574098,
        "p95": 1.4710603222018108,
        "p99": 1.515567569262348,
        "max": 1.5266943810274825
      },
      "stage_seconds": {
        "audio": 0.0715568962097168,
        "dit": 3.554612579345703,
        "vae_decode": 7.610432312011719,
        "motion_encode": 1.1102638092041015
      },
      "peak_allocated_mib": 8961.30029296875,
      "peak_reserved_mib": 10420.0,
      "resource_summary": {
        "sample_count": 24,
        "gpu_utilization_percent": {
          "mean": 99.29166666666667,
          "min": 83.0,
          "max": 100.0
        },
        "gpu_vram_used_mib": {
          "mean": 10895.0,
          "min": 10895.0,
          "max": 10895.0
        },
        "system_cpu_percent": {
          "mean": 3.5416666666666665,
          "min": 0.0,
          "max": 4.4
        },
        "process_cpu_percent": {
          "mean": 98.75416666666668,
          "min": 0.0,
          "max": 114.2
        },
        "system_ram_used_mib": {
          "mean": 17974.93896484375,
          "min": 17772.3671875,
          "max": 18192.4765625
        },
        "system_ram_percent": {
          "mean": 58.054166666666674,
          "min": 57.4,
          "max": 58.8
        },
        "process_rss_mib": {
          "mean": 5206.936848958333,
          "min": 5087.70703125,
          "max": 5248.0625
        },
        "torch_allocated_mib": {
          "mean": 7679.8817138671875,
          "min": 7605.216796875,
          "max": 7742.1845703125
        },
        "torch_reserved_mib": {
          "mean": 10420.0,
          "min": 10420.0,
          "max": 10420.0
        }
      }
    }
  ]
}
