{
  "output": "benchmarks/pro_30fps_20260922/tae-ctl-tts-plosives-r01",
  "runs": [
    {
      "repeat": 0,
      "generation_s": 9.320768263889477,
      "useful_fps": 26.821823364984844,
      "first_window_latency_s": 1.1016344449017197,
      "chunk_times_s": [
        1.1016344449017197,
        1.0249489492271096,
        1.0269078840501606,
        1.0261279880069196,
        1.0265970479231328,
        1.027291668113321,
        1.029362070839852,
        1.0278642978519201,
        1.0295510839205235
      ],
      "chunk_distribution_s": {
        "count": 9,
        "min": 1.0249489492271096,
        "p50": 1.027291668113321,
        "p95": 1.0728011005092413,
        "p99": 1.095867776023224,
        "max": 1.1016344449017197
      },
      "stage_seconds": {
        "audio": 0.06980428791046142,
        "dit": 4.108137893676758,
        "vae_decode": 3.8914642639160157,
        "motion_encode": 1.0501057205200195
      },
      "peak_allocated_mib": 7158.6748046875,
      "peak_reserved_mib": 8470.0,
      "resource_summary": {
        "sample_count": 18,
        "gpu_utilization_percent": {
          "mean": 100.0,
          "min": 100.0,
          "max": 100.0
        },
        "gpu_vram_used_mib": {
          "mean": 8911.222222222223,
          "min": 8609.0,
          "max": 8949.0
        },
        "system_cpu_percent": {
          "mean": 5.044444444444443,
          "min": 0.0,
          "max": 8.8
        },
        "process_cpu_percent": {
          "mean": 94.56666666666666,
          "min": 0.0,
          "max": 102.7
        },
        "system_ram_used_mib": {
          "mean": 20285.377821180555,
          "min": 20209.5546875,
          "max": 20354.2578125
        },
        "system_ram_percent": {
          "mean": 65.55000000000001,
          "min": 65.3,
          "max": 65.8
        },
        "process_rss_mib": {
          "mean": 3572.5529513888887,
          "min": 3513.4453125,
          "max": 3631.6328125
        },
        "torch_allocated_mib": {
          "mean": 5909.574951171875,
          "min": 5836.0576171875,
          "max": 6030.935546875
        },
        "torch_reserved_mib": {
          "mean": 8432.222222222223,
          "min": 8130.0,
          "max": 8470.0
        }
      }
    }
  ]
}
