{
  "output": "benchmarks/pro_30fps_20260921/lowres-fast",
  "runs": [
    {
      "repeat": 0,
      "generation_s": 7.782043433981016,
      "useful_fps": 32.12523832857984,
      "first_window_latency_s": 0.9289434680249542,
      "chunk_times_s": [
        0.9289434680249542,
        0.8444213561015204,
        0.8465447819326073,
        0.8452618910232559,
        0.8461135979741812,
        0.8452127249911427,
        0.8475735120009631,
        0.8498554290272295,
        0.8489938550628722
      ],
      "chunk_distribution_s": {
        "count": 9,
        "min": 0.8444213561015204,
        "p50": 0.8465447819326073,
        "p95": 0.8973082524258643,
        "p99": 0.9226164249051362,
        "max": 0.9289434680249542
      },
      "stage_seconds": {
        "audio": 0.07435881567001343,
        "dit": 2.2007919006347656,
        "vae_decode": 4.595271209716796,
        "motion_encode": 0.6947500457763671
      },
      "peak_allocated_mib": 7023.03076171875,
      "peak_reserved_mib": 8098.0,
      "resource_summary": {
        "sample_count": 15,
        "gpu_utilization_percent": {
          "mean": 96.66666666666667,
          "min": 85.0,
          "max": 100.0
        },
        "gpu_vram_used_mib": {
          "mean": 8807.0,
          "min": 8807.0,
          "max": 8807.0
        },
        "system_cpu_percent": {
          "mean": 9.086666666666666,
          "min": 0.0,
          "max": 21.0
        },
        "process_cpu_percent": {
          "mean": 96.54666666666665,
          "min": 0.0,
          "max": 108.1
        },
        "system_ram_used_mib": {
          "mean": 21343.740364583333,
          "min": 21299.4375,
          "max": 21410.7109375
        },
        "system_ram_percent": {
          "mean": 68.95333333333333,
          "min": 68.8,
          "max": 69.2
        },
        "process_rss_mib": {
          "mean": 5011.513802083334,
          "min": 5008.8203125,
          "max": 5013.31640625
        },
        "torch_allocated_mib": {
          "mean": 6182.021256510417,
          "min": 6110.4267578125,
          "max": 6233.08642578125
        },
        "torch_reserved_mib": {
          "mean": 8098.0,
          "min": 8098.0,
          "max": 8098.0
        }
      }
    }
  ]
}
