{
  "output": "benchmarks/pro_30fps_20260922/tae-decenc-r01",
  "runs": [
    {
      "repeat": 0,
      "generation_s": 4.850510029122233,
      "useful_fps": 51.540971670816425,
      "first_window_latency_s": 0.5490880541037768,
      "chunk_times_s": [
        0.5490880541037768,
        0.5365767299663275,
        0.5366404599044472,
        0.5371527690440416,
        0.5376529479399323,
        0.5388946630991995,
        0.5386506251525134,
        0.5377628798596561,
        0.5376087711192667
      ],
      "chunk_distribution_s": {
        "count": 9,
        "min": 0.5365767299663275,
        "p50": 0.5376529479399323,
        "p95": 0.5450106977019459,
        "p99": 0.5482725828234106,
        "max": 0.5490880541037768
      },
      "stage_seconds": {
        "audio": 0.07006758356094361,
        "dit": 4.09704637145996,
        "vae_decode": 0.42119068908691404,
        "motion_encode": 0.05760307168960571
      },
      "peak_allocated_mib": 4404.76513671875,
      "peak_reserved_mib": 6330.0,
      "resource_summary": {
        "sample_count": 9,
        "gpu_utilization_percent": {
          "mean": 97.88888888888889,
          "min": 90.0,
          "max": 100.0
        },
        "gpu_vram_used_mib": {
          "mean": 6609.0,
          "min": 6609.0,
          "max": 6609.0
        },
        "system_cpu_percent": {
          "mean": 4.788888888888888,
          "min": 0.0,
          "max": 8.8
        },
        "process_cpu_percent": {
          "mean": 89.07777777777777,
          "min": 0.0,
          "max": 101.9
        },
        "system_ram_used_mib": {
          "mean": 20060.023003472223,
          "min": 19992.85546875,
          "max": 20123.48828125
        },
        "system_ram_percent": {
          "mean": 64.82222222222222,
          "min": 64.6,
          "max": 65.0
        },
        "process_rss_mib": {
          "mean": 3272.6028645833335,
          "min": 3215.08203125,
          "max": 3333.41796875
        },
        "torch_allocated_mib": {
          "mean": 2724.4441189236113,
          "min": 2557.4619140625,
          "max": 2746.35595703125
        },
        "torch_reserved_mib": {
          "mean": 6093.555555555556,
          "min": 4202.0,
          "max": 6330.0
        }
      }
    }
  ]
}
