[generate] model denoise per step: 2.012641668319702s
[generate] model denoise per step: 0.24855875968933105s
[generate] model denoise per step: 0.2530381679534912s
[generate] model denoise per step: 0.25838589668273926s
[generate] decode video frames: 6.065215110778809s
[generate] color correction: 0.01387166976928711s
[generate] encode motion frames: 0.15293383598327637s
[generate] model denoise per step: 0.2535221576690674s
[generate] model denoise per step: 0.2581491470336914s
[generate] model denoise per step: 0.2591400146484375s
[generate] model denoise per step: 0.2562088966369629s
[generate] decode video frames: 1.4480199813842773s
[generate] color correction: 0.009777069091796875s
[generate] encode motion frames: 0.1528480052947998s
[generate] model denoise per step: 0.25020837783813477s
[generate] model denoise per step: 0.25879764556884766s
[generate] model denoise per step: 0.26179027557373047s
[generate] model denoise per step: 0.2574501037597656s
[generate] decode video frames: 1.4492371082305908s
[generate] color correction: 0.009731292724609375s
[generate] encode motion frames: 0.15319037437438965s
[generate] model denoise per step: 0.253997802734375s
[generate] model denoise per step: 0.2544689178466797s
[generate] model denoise per step: 0.25348973274230957s
[generate] model denoise per step: 0.260211706161499s
[generate] decode video frames: 1.4489636421203613s
[generate] color correction: 0.009788751602172852s
[generate] encode motion frames: 0.1533806324005127s
[generate] model denoise per step: 0.25196361541748047s
[generate] model denoise per step: 0.2544679641723633s
[generate] model denoise per step: 0.25611042976379395s
[generate] model denoise per step: 0.25864458084106445s
[generate] decode video frames: 1.4506683349609375s
[generate] color correction: 0.009761810302734375s
[generate] encode motion frames: 0.15340614318847656s
[generate] model denoise per step: 0.2523789405822754s
[generate] model denoise per step: 0.25392818450927734s
[generate] model denoise per step: 0.2543179988861084s
[generate] model denoise per step: 0.2608191967010498s
[generate] decode video frames: 1.4515457153320312s
[generate] color correction: 0.009756326675415039s
[generate] encode motion frames: 0.15281438827514648s
[generate] model denoise per step: 0.2512991428375244s
[generate] model denoise per step: 0.254711389541626s
[generate] model denoise per step: 0.2572822570800781s
[generate] model denoise per step: 0.2589585781097412s
[generate] decode video frames: 1.4527854919433594s
[generate] color correction: 0.009715080261230469s
[generate] encode motion frames: 0.15341925621032715s
[generate] model denoise per step: 0.25206828117370605s
[generate] model denoise per step: 0.25533485412597656s
[generate] model denoise per step: 0.25653672218322754s
[generate] model denoise per step: 0.2576777935028076s
[generate] decode video frames: 1.4519901275634766s
[generate] color correction: 0.009808778762817383s
[generate] encode motion frames: 0.15386223793029785s
[generate] model denoise per step: 0.2526412010192871s
[generate] model denoise per step: 0.25450682640075684s
[generate] model denoise per step: 0.25565671920776367s
[generate] model denoise per step: 0.258939266204834s
[generate] decode video frames: 1.452854871749878s
[generate] color correction: 0.009744644165039062s
[generate] encode motion frames: 0.1534862518310547s
[generate] model denoise per step: 0.2517704963684082s
[generate] model denoise per step: 0.25510072708129883s
[generate] model denoise per step: 0.2583799362182617s
[generate] model denoise per step: 0.2598433494567871s
[generate] decode video frames: 1.4502511024475098s
[generate] color correction: 0.009787797927856445s
[generate] encode motion frames: 0.15357446670532227s
[generate] model denoise per step: 0.2522444725036621s
[generate] model denoise per step: 0.25673580169677734s
[generate] model denoise per step: 0.259002685546875s
[generate] model denoise per step: 0.2574012279510498s
[generate] decode video frames: 1.4524035453796387s
[generate] color correction: 0.009665250778198242s
[generate] encode motion frames: 0.1532907485961914s
{
  "output": "benchmarks/pro_quantization_v2_20260918/sweeps/promoted-sage2-bf16-decoder-four-seed-r01/runs/005-candidate-seed50-r03",
  "runs": [
    {
      "repeat": 0,
      "generation_s": 24.05207503994461,
      "useful_fps": 10.394113588320806,
      "first_window_latency_s": 2.6808860230376013,
      "chunk_times_s": [
        2.6808860230376013,
        2.653858283010777,
        2.655020338948816,
        2.6553171580308117,
        2.6580856119981036,
        2.657267683011014,
        2.6578781210118905,
        2.658690107986331,
        2.6607813430018723
      ],
      "chunk_distribution_s": {
        "count": 9,
        "min": 2.653858283010777,
        "p50": 2.6578781210118905,
        "p95": 2.67284415102331,
        "p99": 2.679277648634743,
        "max": 2.6808860230376013
      },
      "stage_seconds": {
        "audio": 0.07294022321701049,
        "dit": 9.20393620300293,
        "vae_decode": 13.060141845703125,
        "motion_encode": 1.3800988464355468
      },
      "peak_allocated_mib": 6523.87353515625,
      "peak_reserved_mib": 7644.0,
      "resource_summary": {
        "sample_count": 45,
        "gpu_utilization_percent": {
          "mean": 99.91111111111111,
          "min": 99.0,
          "max": 100.0
        },
        "gpu_vram_used_mib": {
          "mean": 10608.0,
          "min": 10608.0,
          "max": 10608.0
        },
        "system_cpu_percent": {
          "mean": 6.115555555555555,
          "min": 0.0,
          "max": 10.7
        },
        "process_cpu_percent": {
          "mean": 99.3622222222222,
          "min": 0.0,
          "max": 111.4
        },
        "system_ram_used_mib": {
          "mean": 14314.254079861112,
          "min": 14153.015625,
          "max": 14373.65234375
        },
        "system_ram_percent": {
          "mean": 46.23777777777779,
          "min": 45.7,
          "max": 46.4
        },
        "process_rss_mib": {
          "mean": 4863.734809027777,
          "min": 4716.84765625,
          "max": 4897.28515625
        },
        "torch_allocated_mib": {
          "mean": 3330.5649522569443,
          "min": 2455.8427734375,
          "max": 6257.24072265625
        },
        "torch_reserved_mib": {
          "mean": 7644.0,
          "min": 7644.0,
          "max": 7644.0
        }
      }
    }
  ]
}
