{
  "output": "benchmarks/pro_30fps_20260922/tae-dec-r01",
  "runs": [
    {
      "repeat": 0,
      "generation_s": 5.8413797279354185,
      "useful_fps": 42.79810792036288,
      "first_window_latency_s": 0.6584284340497106,
      "chunk_times_s": [
        0.6584284340497106,
        0.646747768856585,
        0.6476072089280933,
        0.6473838689271361,
        0.6464166869409382,
        0.6479780909139663,
        0.6492844659369439,
        0.6481678131967783,
        0.6487656319513917
      ],
      "chunk_distribution_s": {
        "count": 9,
        "min": 0.6464166869409382,
        "p50": 0.6479780909139663,
        "p95": 0.654770846804604,
        "p99": 0.6576969166006893,
        "max": 0.6584284340497106
      },
      "stage_seconds": {
        "audio": 0.06981071949005128,
        "dit": 4.094941162109375,
        "vae_decode": 0.4228242874145508,
        "motion_encode": 1.0475150985717774
      },
      "peak_allocated_mib": 4407.84423828125,
      "peak_reserved_mib": 6486.0,
      "resource_summary": {
        "sample_count": 11,
        "gpu_utilization_percent": {
          "mean": 98.36363636363636,
          "min": 91.0,
          "max": 100.0
        },
        "gpu_vram_used_mib": {
          "mean": 6767.0,
          "min": 6767.0,
          "max": 6767.0
        },
        "system_cpu_percent": {
          "mean": 4.745454545454546,
          "min": 0.0,
          "max": 9.3
        },
        "process_cpu_percent": {
          "mean": 91.08181818181818,
          "min": 0.0,
          "max": 100.8
        },
        "system_ram_used_mib": {
          "mean": 21611.987926136364,
          "min": 21546.1875,
          "max": 21675.51171875
        },
        "system_ram_percent": {
          "mean": 69.82727272727273,
          "min": 69.6,
          "max": 70.0
        },
        "process_rss_mib": {
          "mean": 3262.361150568182,
          "min": 3208.50390625,
          "max": 3326.89453125
        },
        "torch_allocated_mib": {
          "mean": 2748.384188565341,
          "min": 2661.951171875,
          "max": 2839.59375
        },
        "torch_reserved_mib": {
          "mean": 6338.727272727273,
          "min": 4866.0,
          "max": 6486.0
        }
      }
    }
  ]
}
