{
  "output": "benchmarks/pro_30fps_20260921/s30-ctl",
  "runs": [
    {
      "repeat": 0,
      "generation_s": 13.534120390890166,
      "useful_fps": 18.4718321382951,
      "first_window_latency_s": 1.616756823961623,
      "chunk_times_s": [
        1.616756823961623,
        1.4628260310273618,
        1.471758498926647,
        1.4704798489110544,
        1.4766255529830232,
        1.4850932589033619,
        1.473464353941381,
        1.4764427010668442,
        1.474878711043857
      ],
      "chunk_distribution_s": {
        "count": 9,
        "min": 1.4628260310273618,
        "p50": 1.474878711043857,
        "p95": 1.5640913979383184,
        "p99": 1.6062237387569622,
        "max": 1.616756823961623
      },
      "stage_seconds": {
        "audio": 0.07245494365692139,
        "dit": 3.5581518249511728,
        "vae_decode": 8.162917907714844,
        "motion_encode": 1.4144307556152345
      },
      "peak_allocated_mib": 6051.72412109375,
      "peak_reserved_mib": 11136.0,
      "resource_summary": {
        "sample_count": 18,
        "gpu_utilization_percent": {
          "mean": 99.05555555555556,
          "min": 86.0,
          "max": 100.0
        },
        "gpu_vram_used_mib": {
          "mean": 8925.666666666666,
          "min": 8607.0,
          "max": 9733.0
        },
        "system_cpu_percent": {
          "mean": 4.916666666666667,
          "min": 0.0,
          "max": 7.4
        },
        "process_cpu_percent": {
          "mean": 97.76111111111112,
          "min": 0.0,
          "max": 108.0
        },
        "system_ram_used_mib": {
          "mean": 19954.276041666668,
          "min": 19899.4140625,
          "max": 19981.6484375
        },
        "system_ram_percent": {
          "mean": 64.45555555555555,
          "min": 64.3,
          "max": 64.6
        },
        "process_rss_mib": {
          "mean": 5108.063368055556,
          "min": 5010.46875,
          "max": 5136.515625
        },
        "torch_allocated_mib": {
          "mean": 4663.362087673611,
          "min": 4576.66015625,
          "max": 4931.7880859375
        },
        "torch_reserved_mib": {
          "mean": 7302.111111111111,
          "min": 6024.0,
          "max": 9024.0
        }
      }
    }
  ]
}
