{
  "output": "benchmarks/pro_30fps_20260922/tae-light-decenc-tts-open-vowels-r01",
  "runs": [
    {
      "repeat": 0,
      "generation_s": 4.863756743026897,
      "useful_fps": 51.40059694770336,
      "first_window_latency_s": 0.5506955618038774,
      "chunk_times_s": [
        0.5506955618038774,
        0.5368604371324182,
        0.5378929530270398,
        0.541760252090171,
        0.5400335269514471,
        0.5382726029492915,
        0.5390074809547514,
        0.5384704431053251,
        0.5402968968264759
      ],
      "chunk_distribution_s": {
        "count": 9,
        "min": 0.5368604371324182,
        "p50": 0.5390074809547514,
        "p95": 0.5471214379183948,
        "p99": 0.5499807370267809,
        "max": 0.5506955618038774
      },
      "stage_seconds": {
        "audio": 0.07151628732681274,
        "dit": 4.1065481109619135,
        "vae_decode": 0.4230645141601562,
        "motion_encode": 0.05766195201873779
      },
      "peak_allocated_mib": 4404.76513671875,
      "peak_reserved_mib": 6330.0,
      "resource_summary": {
        "sample_count": 9,
        "gpu_utilization_percent": {
          "mean": 98.77777777777777,
          "min": 91.0,
          "max": 100.0
        },
        "gpu_vram_used_mib": {
          "mean": 6609.0,
          "min": 6609.0,
          "max": 6609.0
        },
        "system_cpu_percent": {
          "mean": 4.255555555555556,
          "min": 0.0,
          "max": 6.5
        },
        "process_cpu_percent": {
          "mean": 89.02222222222221,
          "min": 0.0,
          "max": 102.5
        },
        "system_ram_used_mib": {
          "mean": 20034.08420138889,
          "min": 19968.90625,
          "max": 20086.37890625
        },
        "system_ram_percent": {
          "mean": 64.73333333333333,
          "min": 64.5,
          "max": 64.9
        },
        "process_rss_mib": {
          "mean": 3242.8958333333335,
          "min": 3183.9140625,
          "max": 3301.9921875
        },
        "torch_allocated_mib": {
          "mean": 2645.2501085069443,
          "min": 2557.4619140625,
          "max": 2746.35595703125
        },
        "torch_reserved_mib": {
          "mean": 6093.555555555556,
          "min": 4202.0,
          "max": 6330.0
        }
      }
    }
  ]
}
