{
  "output": "benchmarks/pro_30fps_20260921/p1-d-staticscale",
  "runs": [
    {
      "repeat": 0,
      "generation_s": 14.405712401028723,
      "useful_fps": 17.354226784518293,
      "first_window_latency_s": 1.5989472279325128,
      "chunk_times_s": [
        1.5989472279325128,
        1.5754291550256312,
        1.5838378829648718,
        1.5907122569624335,
        1.5958828090224415,
        1.5886867300141603,
        1.5786789620760828,
        1.5848390699829906,
        1.5856859280029312
      ],
      "chunk_distribution_s": {
        "count": 9,
        "min": 1.5754291550256312,
        "p50": 1.5856859280029312,
        "p95": 1.5977214603684842,
        "p99": 1.5987020744197071,
        "max": 1.5989472279325128
      },
      "stage_seconds": {
        "audio": 0.07284444808959961,
        "dit": 3.557191879272461,
        "vae_decode": 9.311083496093751,
        "motion_encode": 1.1198855743408205
      },
      "peak_allocated_mib": 5619.9775390625,
      "peak_reserved_mib": 11126.0,
      "resource_summary": {
        "sample_count": 18,
        "gpu_utilization_percent": {
          "mean": 96.0,
          "min": 47.0,
          "max": 100.0
        },
        "gpu_vram_used_mib": {
          "mean": 9398.444444444445,
          "min": 9377.0,
          "max": 9717.0
        },
        "system_cpu_percent": {
          "mean": 4.883333333333334,
          "min": 0.0,
          "max": 8.9
        },
        "process_cpu_percent": {
          "mean": 95.98888888888888,
          "min": 0.0,
          "max": 105.7
        },
        "system_ram_used_mib": {
          "mean": 22916.57421875,
          "min": 22774.1640625,
          "max": 22992.76171875
        },
        "system_ram_percent": {
          "mean": 74.03333333333332,
          "min": 73.6,
          "max": 74.3
        },
        "process_rss_mib": {
          "mean": 5163.000868055556,
          "min": 5054.12109375,
          "max": 5178.04296875
        },
        "torch_allocated_mib": {
          "mean": 4360.127549913194,
          "min": 3741.578125,
          "max": 4931.5380859375
        },
        "torch_reserved_mib": {
          "mean": 7581.444444444444,
          "min": 6282.0,
          "max": 9008.0
        }
      }
    }
  ]
}
