{
  "output": "benchmarks/pro_30fps_20260922/dit-tail6-r01",
  "runs": [
    {
      "repeat": 0,
      "generation_s": 11.948702282039449,
      "useful_fps": 20.922774214216098,
      "first_window_latency_s": 1.4387950010132045,
      "chunk_times_s": [
        1.4387950010132045,
        1.2991415199358016,
        1.30474825296551,
        1.2918054019100964,
        1.3004132939968258,
        1.2946833530440927,
        1.3049865900538862,
        1.3028695760294795,
        1.2957920180633664
      ],
      "chunk_distribution_s": {
        "count": 9,
        "min": 1.2918054019100964,
        "p50": 1.3004132939968258,
        "p95": 1.385271636629477,
        "p99": 1.428090328136459,
        "max": 1.4387950010132045
      },
      "stage_seconds": {
        "audio": 0.07190575933456421,
        "dit": 2.8368352050781254,
        "vae_decode": 7.616907287597656,
        "motion_encode": 1.116320770263672
      },
      "peak_allocated_mib": 8951.17529296875,
      "peak_reserved_mib": 10408.0,
      "resource_summary": {
        "sample_count": 23,
        "gpu_utilization_percent": {
          "mean": 98.91304347826087,
          "min": 84.0,
          "max": 100.0
        },
        "gpu_vram_used_mib": {
          "mean": 10883.0,
          "min": 10883.0,
          "max": 10883.0
        },
        "system_cpu_percent": {
          "mean": 3.3,
          "min": 0.0,
          "max": 4.0
        },
        "process_cpu_percent": {
          "mean": 98.57391304347827,
          "min": 0.0,
          "max": 111.3
        },
        "system_ram_used_mib": {
          "mean": 17831.51766304348,
          "min": 17762.96484375,
          "max": 17872.7734375
        },
        "system_ram_percent": {
          "mean": 57.59130434782611,
          "min": 57.4,
          "max": 57.7
        },
        "process_rss_mib": {
          "mean": 5185.221807065217,
          "min": 5119.2578125,
          "max": 5220.42578125
        },
        "torch_allocated_mib": {
          "mean": 7665.336192255435,
          "min": 7587.3994140625,
          "max": 7748.8916015625
        },
        "torch_reserved_mib": {
          "mean": 10408.0,
          "min": 10408.0,
          "max": 10408.0
        }
      }
    }
  ]
}
