{
  "output": "benchmarks/pro_30fps_20260921/lowres-scaled",
  "runs": [
    {
      "repeat": 0,
      "generation_s": 7.579313671099953,
      "useful_fps": 32.984516916518984,
      "first_window_latency_s": 0.9103846700163558,
      "chunk_times_s": [
        0.9103846700163558,
        0.8227565209381282,
        0.822582232998684,
        0.8231703200144693,
        0.8257091029081494,
        0.8297456610016525,
        0.8238471390213817,
        0.8293588430387899,
        0.8249426749534905
      ],
      "chunk_distribution_s": {
        "count": 9,
        "min": 0.822582232998684,
        "p50": 0.8249426749534905,
        "p95": 0.8781290664104745,
        "p99": 0.9039335492951796,
        "max": 0.9103846700163558
      },
      "stage_seconds": {
        "audio": 0.07347324752807619,
        "dit": 2.0230041580200195,
        "vae_decode": 4.583020324707031,
        "motion_encode": 0.6937563552856444
      },
      "peak_allocated_mib": 7030.38916015625,
      "peak_reserved_mib": 8060.0,
      "resource_summary": {
        "sample_count": 14,
        "gpu_utilization_percent": {
          "mean": 97.35714285714286,
          "min": 88.0,
          "max": 100.0
        },
        "gpu_vram_used_mib": {
          "mean": 8769.0,
          "min": 8769.0,
          "max": 8769.0
        },
        "system_cpu_percent": {
          "mean": 7.214285714285714,
          "min": 0.0,
          "max": 12.8
        },
        "process_cpu_percent": {
          "mean": 96.14285714285714,
          "min": 0.0,
          "max": 107.7
        },
        "system_ram_used_mib": {
          "mean": 21666.710100446428,
          "min": 21647.10546875,
          "max": 21694.328125
        },
        "system_ram_percent": {
          "mean": 70.00714285714285,
          "min": 69.9,
          "max": 70.1
        },
        "process_rss_mib": {
          "mean": 5044.56640625,
          "min": 5042.828125,
          "max": 5046.29296875
        },
        "torch_allocated_mib": {
          "mean": 6195.809116908482,
          "min": 6173.7236328125,
          "max": 6238.77294921875
        },
        "torch_reserved_mib": {
          "mean": 8060.0,
          "min": 8060.0,
          "max": 8060.0
        }
      }
    }
  ]
}
