{
  "output": "benchmarks/pro_30fps_20260920/matrix/stackedA__tts-rounded",
  "runs": [
    {
      "repeat": 0,
      "generation_s": 16.22088599903509,
      "useful_fps": 15.412228408169037,
      "first_window_latency_s": 1.8075008100131527,
      "chunk_times_s": [
        1.8075008100131527,
        1.7865696080261841,
        1.7987216629553586,
        1.778439339948818,
        1.7871376350522041,
        1.7585719909984618,
        1.798025710042566,
        1.7852772979531437,
        1.7958576469682157
      ],
      "chunk_distribution_s": {
        "count": 9,
        "min": 1.7585719909984618,
        "p50": 1.7871376350522041,
        "p95": 1.803989151190035,
        "p99": 1.8067984782485291,
        "max": 1.8075008100131527
      },
      "stage_seconds": {
        "audio": 0.07167990398406983,
        "dit": 3.830156860351562,
        "vae_decode": 10.892405029296876,
        "motion_encode": 1.0845263137817385
      },
      "peak_allocated_mib": 4904.08251953125,
      "peak_reserved_mib": 8234.0,
      "resource_summary": {
        "sample_count": 27,
        "gpu_utilization_percent": {
          "mean": 98.66666666666667,
          "min": 83.0,
          "max": 100.0
        },
        "gpu_vram_used_mib": {
          "mean": 11366.814814814816,
          "min": 10584.0,
          "max": 11810.0
        },
        "system_cpu_percent": {
          "mean": 4.855555555555555,
          "min": 0.0,
          "max": 8.1
        },
        "process_cpu_percent": {
          "mean": 97.32962962962964,
          "min": 0.0,
          "max": 110.0
        },
        "system_ram_used_mib": {
          "mean": 22938.517650462964,
          "min": 22854.1171875,
          "max": 23040.6171875
        },
        "system_ram_percent": {
          "mean": 74.11481481481484,
          "min": 73.8,
          "max": 74.4
        },
        "process_rss_mib": {
          "mean": 5073.582465277777,
          "min": 4952.54296875,
          "max": 5134.4765625
        },
        "torch_allocated_mib": {
          "mean": 3766.7336335358796,
          "min": 3085.3369140625,
          "max": 4882.4619140625
        },
        "torch_reserved_mib": {
          "mean": 7486.222222222223,
          "min": 6802.0,
          "max": 7910.0
        }
      }
    }
  ]
}
