{
  "output": "benchmarks/pro_30fps_20260921/p2-fixed",
  "runs": [
    {
      "repeat": 0,
      "generation_s": 13.44450678199064,
      "useful_fps": 18.594955103513595,
      "first_window_latency_s": 1.4747550179017708,
      "chunk_times_s": [
        1.4747550179017708,
        1.4755636570043862,
        1.4725175380008295,
        1.4898980549769476,
        1.482661340967752,
        1.4759012970607728,
        1.4788645459339023,
        1.495022157090716,
        1.469013154041022
      ],
      "chunk_distribution_s": {
        "count": 9,
        "min": 1.469013154041022,
        "p50": 1.4759012970607728,
        "p95": 1.4929725162452088,
        "p99": 1.4946122289216146,
        "max": 1.495022157090716
      },
      "stage_seconds": {
        "audio": 0.07140585613250731,
        "dit": 3.5693178558349614,
        "vae_decode": 8.05226696777344,
        "motion_encode": 1.419105743408203
      },
      "peak_allocated_mib": 6050.22412109375,
      "peak_reserved_mib": 11136.0,
      "resource_summary": {
        "sample_count": 18,
        "gpu_utilization_percent": {
          "mean": 96.16666666666667,
          "min": 80.0,
          "max": 100.0
        },
        "gpu_vram_used_mib": {
          "mean": 8821.222222222223,
          "min": 8609.0,
          "max": 9017.0
        },
        "system_cpu_percent": {
          "mean": 5.266666666666667,
          "min": 0.0,
          "max": 8.8
        },
        "process_cpu_percent": {
          "mean": 98.46111111111111,
          "min": 0.0,
          "max": 117.1
        },
        "system_ram_used_mib": {
          "mean": 22710.601996527777,
          "min": 22499.9375,
          "max": 22931.48046875
        },
        "system_ram_percent": {
          "mean": 73.36666666666665,
          "min": 72.7,
          "max": 74.1
        },
        "process_rss_mib": {
          "mean": 5009.238715277777,
          "min": 4941.890625,
          "max": 5063.64453125
        },
        "torch_allocated_mib": {
          "mean": 4655.529730902777,
          "min": 4634.8642578125,
          "max": 4683.044921875
        },
        "torch_reserved_mib": {
          "mean": 7171.333333333333,
          "min": 5852.0,
          "max": 8308.0
        }
      }
    }
  ]
}
