{
  "output": "benchmarks/pro_30fps_20260921/adv-ctl-r05",
  "runs": [
    {
      "repeat": 0,
      "generation_s": 13.50796449801419,
      "useful_fps": 18.507599722871095,
      "first_window_latency_s": 1.6176735459594056,
      "chunk_times_s": [
        1.6176735459594056,
        1.4663766860030591,
        1.4626767099834979,
        1.46830691001378,
        1.4823940809583291,
        1.4729450750164688,
        1.4724307470023632,
        1.4749796279938892,
        1.4697261980036274
      ],
      "chunk_distribution_s": {
        "count": 9,
        "min": 1.4626767099834979,
        "p50": 1.4724307470023632,
        "p95": 1.563561759958975,
        "p99": 1.6068511887593195,
        "max": 1.6176735459594056
      },
      "stage_seconds": {
        "audio": 0.07225871896743774,
        "dit": 3.5742843170166023,
        "vae_decode": 8.124206665039063,
        "motion_encode": 1.4142758026123046
      },
      "peak_allocated_mib": 6051.22412109375,
      "peak_reserved_mib": 11136.0,
      "resource_summary": {
        "sample_count": 18,
        "gpu_utilization_percent": {
          "mean": 97.05555555555556,
          "min": 82.0,
          "max": 100.0
        },
        "gpu_vram_used_mib": {
          "mean": 8852.777777777777,
          "min": 7957.0,
          "max": 9731.0
        },
        "system_cpu_percent": {
          "mean": 5.01111111111111,
          "min": 0.0,
          "max": 8.7
        },
        "process_cpu_percent": {
          "mean": 97.69999999999999,
          "min": 0.0,
          "max": 109.5
        },
        "system_ram_used_mib": {
          "mean": 19967.006944444445,
          "min": 19843.7265625,
          "max": 20163.64453125
        },
        "system_ram_percent": {
          "mean": 64.52222222222221,
          "min": 64.1,
          "max": 65.1
        },
        "process_rss_mib": {
          "mean": 5094.292534722223,
          "min": 4991.2578125,
          "max": 5116.19140625
        },
        "torch_allocated_mib": {
          "mean": 4713.769205729167,
          "min": 4577.1484375,
          "max": 5608.6884765625
        },
        "torch_reserved_mib": {
          "mean": 7346.666666666667,
          "min": 6056.0,
          "max": 9022.0
        }
      }
    }
  ]
}
