{
  "output": "benchmarks/pro_30fps_20260920/threeway/sib-2-stackedA",
  "runs": [
    {
      "repeat": 0,
      "generation_s": 16.17080562200863,
      "useful_fps": 15.459959500084986,
      "first_window_latency_s": 1.7758944609668106,
      "chunk_times_s": [
        1.7758944609668106,
        1.7770983170485124,
        1.769561268039979,
        1.7808355659944937,
        1.7699890050571412,
        1.7712731609353796,
        1.7801614969503134,
        1.780651504988782,
        1.7731208450859413
      ],
      "chunk_distribution_s": {
        "count": 9,
        "min": 1.769561268039979,
        "p50": 1.7758944609668106,
        "p95": 1.7807619415922091,
        "p99": 1.7808208411140367,
        "max": 1.7808355659944937
      },
      "stage_seconds": {
        "audio": 0.07079833602905274,
        "dit": 3.8382384490966794,
        "vae_decode": 10.607935546875,
        "motion_encode": 1.083276382446289
      },
      "peak_allocated_mib": 4905.36376953125,
      "peak_reserved_mib": 10014.0,
      "resource_summary": {
        "sample_count": 31,
        "gpu_utilization_percent": {
          "mean": 96.83870967741936,
          "min": 52.0,
          "max": 100.0
        },
        "gpu_vram_used_mib": {
          "mean": 10711.0,
          "min": 10711.0,
          "max": 10711.0
        },
        "system_cpu_percent": {
          "mean": 4.870967741935485,
          "min": 0.0,
          "max": 10.4
        },
        "process_cpu_percent": {
          "mean": 99.93870967741934,
          "min": 0.0,
          "max": 113.6
        },
        "system_ram_used_mib": {
          "mean": 18855.480090725807,
          "min": 18783.73046875,
          "max": 18933.1015625
        },
        "system_ram_percent": {
          "mean": 60.91935483870967,
          "min": 60.7,
          "max": 61.2
        },
        "process_rss_mib": {
          "mean": 3349.6609122983873,
          "min": 3262.57421875,
          "max": 3427.49609375
        },
        "torch_allocated_mib": {
          "mean": 3371.927781628024,
          "min": 3085.3369140625,
          "max": 4211.4306640625
        },
        "torch_reserved_mib": {
          "mean": 10014.0,
          "min": 10014.0,
          "max": 10014.0
        }
      }
    }
  ]
}
