[generate] model denoise per step: 9.18076753616333s
[generate] model denoise per step: 0.32366371154785156s
[generate] model denoise per step: 0.32454991340637207s
[generate] model denoise per step: 0.3271479606628418s
[generate] decode video frames: 6.136075258255005s
[generate] color correction: 0.011226654052734375s
[generate] encode motion frames: 0.15279936790466309s
[generate] model denoise per step: 0.32335329055786133s
[generate] model denoise per step: 0.32567501068115234s
[generate] model denoise per step: 0.3284296989440918s
[generate] model denoise per step: 0.32530665397644043s
[generate] decode video frames: 1.443453073501587s
[generate] color correction: 0.009809732437133789s
[generate] encode motion frames: 0.15306711196899414s
[generate] model denoise per step: 0.32215285301208496s
[generate] model denoise per step: 0.3288156986236572s
[generate] model denoise per step: 0.32819318771362305s
[generate] model denoise per step: 0.32506465911865234s
[generate] decode video frames: 1.4452168941497803s
[generate] color correction: 0.009769439697265625s
[generate] encode motion frames: 0.1528947353363037s
[generate] model denoise per step: 0.3233218193054199s
[generate] model denoise per step: 0.32526350021362305s
[generate] model denoise per step: 0.3267176151275635s
[generate] model denoise per step: 0.3293936252593994s
[generate] decode video frames: 1.4505069255828857s
[generate] color correction: 0.00977468490600586s
[generate] encode motion frames: 0.15334582328796387s
[generate] model denoise per step: 0.3222935199737549s
[generate] model denoise per step: 0.32515597343444824s
[generate] model denoise per step: 0.3275766372680664s
[generate] model denoise per step: 0.32816219329833984s
[generate] decode video frames: 1.4481217861175537s
[generate] color correction: 0.009715795516967773s
[generate] encode motion frames: 0.1531229019165039s
[generate] model denoise per step: 0.32377171516418457s
[generate] model denoise per step: 0.32578444480895996s
[generate] model denoise per step: 0.3272590637207031s
[generate] model denoise per step: 0.3285484313964844s
[generate] decode video frames: 1.446845531463623s
[generate] color correction: 0.009836435317993164s
[generate] encode motion frames: 0.15338778495788574s
[generate] model denoise per step: 0.3244929313659668s
[generate] model denoise per step: 0.32584071159362793s
[generate] model denoise per step: 0.3281424045562744s
[generate] model denoise per step: 0.3280460834503174s
[generate] decode video frames: 1.4498295783996582s
[generate] color correction: 0.009771585464477539s
[generate] encode motion frames: 0.15340185165405273s
[generate] model denoise per step: 0.32431888580322266s
[generate] model denoise per step: 0.3251006603240967s
[generate] model denoise per step: 0.3271512985229492s
[generate] model denoise per step: 0.3291313648223877s
[generate] decode video frames: 1.449131965637207s
[generate] color correction: 0.009836435317993164s
[generate] encode motion frames: 0.15337300300598145s
[generate] model denoise per step: 0.3235771656036377s
[generate] model denoise per step: 0.32623791694641113s
[generate] model denoise per step: 0.3269462585449219s
[generate] model denoise per step: 0.32848596572875977s
[generate] decode video frames: 1.4477062225341797s
[generate] color correction: 0.009682416915893555s
[generate] encode motion frames: 0.15329241752624512s
[generate] model denoise per step: 0.3218863010406494s
[generate] model denoise per step: 0.3286864757537842s
[generate] model denoise per step: 0.3294715881347656s
[generate] model denoise per step: 0.3263368606567383s
[generate] decode video frames: 1.4473631381988525s
[generate] color correction: 0.009753227233886719s
[generate] encode motion frames: 0.1531662940979004s
[generate] model denoise per step: 0.32401609420776367s
[generate] model denoise per step: 0.32579994201660156s
[generate] model denoise per step: 0.3273353576660156s
[generate] model denoise per step: 0.3281412124633789s
[generate] decode video frames: 1.4499070644378662s
[generate] color correction: 0.009643793106079102s
[generate] encode motion frames: 0.15366506576538086s
{
  "output": "benchmarks/pro_quantization_v2_20260918/runs/reference-isolate-attention-seed50-r01",
  "runs": [
    {
      "repeat": 0,
      "generation_s": 26.811467581021134,
      "useful_fps": 9.324368360088052,
      "first_window_latency_s": 2.952313426998444,
      "chunk_times_s": [
        2.952313426998444,
        2.9581813309923746,
        2.9540452960063703,
        2.9584376990096644,
        2.959765711973887,
        2.958030617039185,
        2.9559811750077643,
        2.957905524992384,
        2.9587877400335856
      ],
      "chunk_distribution_s": {
        "count": 9,
        "min": 2.952313426998444,
        "p50": 2.958030617039185,
        "p95": 2.9593745231977664,
        "p99": 2.9596874742186627,
        "max": 2.959765711973887
      },
      "stage_seconds": {
        "audio": 0.0717063364982605,
        "dit": 11.741704376220701,
        "vae_decode": 13.034038452148438,
        "motion_encode": 1.379300827026367
      },
      "peak_allocated_mib": 6791.42138671875,
      "peak_reserved_mib": 7896.0,
      "resource_summary": {
        "sample_count": 49,
        "gpu_utilization_percent": {
          "mean": 99.65306122448979,
          "min": 90.0,
          "max": 100.0
        },
        "gpu_vram_used_mib": {
          "mean": 10860.0,
          "min": 10860.0,
          "max": 10860.0
        },
        "system_cpu_percent": {
          "mean": 6.848979591836736,
          "min": 0.0,
          "max": 16.3
        },
        "process_cpu_percent": {
          "mean": 99.99183673469385,
          "min": 0.0,
          "max": 113.9
        },
        "system_ram_used_mib": {
          "mean": 13403.667012117347,
          "min": 13272.8515625,
          "max": 13618.08203125
        },
        "system_ram_percent": {
          "mean": 43.316326530612265,
          "min": 42.9,
          "max": 44.0
        },
        "process_rss_mib": {
          "mean": 3157.429767219388,
          "min": 3070.36328125,
          "max": 3264.51953125
        },
        "torch_allocated_mib": {
          "mean": 3570.1741569674746,
          "min": 2724.8076171875,
          "max": 6774.57861328125
        },
        "torch_reserved_mib": {
          "mean": 7896.0,
          "min": 7896.0,
          "max": 7896.0
        }
      }
    }
  ]
}
