{
  "output": "benchmarks/pro_30fps_20260921/warm-discard",
  "runs": [
    {
      "repeat": 0,
      "generation_s": 14.707829954917543,
      "useful_fps": 16.997748870248046,
      "first_window_latency_s": 1.628373461891897,
      "chunk_times_s": [
        1.628373461891897,
        1.6149835189571604,
        1.615284304949455,
        1.6211927729891613,
        1.626212525065057,
        1.6181033839238808,
        1.6160182409221306,
        1.6153055420145392,
        1.6212143310112879
      ],
      "chunk_distribution_s": {
        "count": 9,
        "min": 1.6149835189571604,
        "p50": 1.6181033839238808,
        "p95": 1.627509087161161,
        "p99": 1.6282005869457499,
        "max": 1.628373461891897
      },
      "stage_seconds": {
        "audio": 0.0727972469329834,
        "dit": 3.826165390014649,
        "vae_decode": 9.342923583984375,
        "motion_encode": 1.1129967346191407
      },
      "peak_allocated_mib": 5612.9931640625,
      "peak_reserved_mib": 11154.0,
      "resource_summary": {
        "sample_count": 18,
        "gpu_utilization_percent": {
          "mean": 99.0,
          "min": 84.0,
          "max": 100.0
        },
        "gpu_vram_used_mib": {
          "mean": 10032.777777777777,
          "min": 9795.0,
          "max": 10487.0
        },
        "system_cpu_percent": {
          "mean": 4.466666666666667,
          "min": 0.0,
          "max": 7.2
        },
        "process_cpu_percent": {
          "mean": 95.8611111111111,
          "min": 0.0,
          "max": 104.2
        },
        "system_ram_used_mib": {
          "mean": 22907.340277777777,
          "min": 22695.80078125,
          "max": 23007.1484375
        },
        "system_ram_percent": {
          "mean": 74.02222222222224,
          "min": 73.3,
          "max": 74.3
        },
        "process_rss_mib": {
          "mean": 4985.410590277777,
          "min": 4841.76171875,
          "max": 5026.87890625
        },
        "torch_allocated_mib": {
          "mean": 4566.461859809027,
          "min": 3739.8125,
          "max": 5279.52880859375
        },
        "torch_reserved_mib": {
          "mean": 8133.666666666667,
          "min": 6818.0,
          "max": 9778.0
        }
      }
    }
  ]
}
