{
  "output": "benchmarks/pro_30fps_20260922/fused-r01",
  "runs": [
    {
      "repeat": 0,
      "generation_s": 12.715022440999746,
      "useful_fps": 19.661782050330633,
      "first_window_latency_s": 1.5140003230189905,
      "chunk_times_s": [
        1.5140003230189905,
        1.3701867299387231,
        1.375818314962089,
        1.3653704159660265,
        1.3892740580486134,
        1.3741061709588394,
        1.3724364819936454,
        1.3731787360738963,
        1.378399280947633
      ],
      "chunk_distribution_s": {
        "count": 9,
        "min": 1.3653704159660265,
        "p50": 1.3741061709588394,
        "p95": 1.4641098170308395,
        "p99": 1.5040222218213604,
        "max": 1.5140003230189905
      },
      "stage_seconds": {
        "audio": 0.0723396806716919,
        "dit": 3.307502593994141,
        "vae_decode": 7.637393920898438,
        "motion_encode": 1.1114381942749023
      },
      "peak_allocated_mib": 8961.30029296875,
      "peak_reserved_mib": 10420.0,
      "resource_summary": {
        "sample_count": 24,
        "gpu_utilization_percent": {
          "mean": 95.79166666666667,
          "min": 70.0,
          "max": 100.0
        },
        "gpu_vram_used_mib": {
          "mean": 10897.0,
          "min": 10897.0,
          "max": 10897.0
        },
        "system_cpu_percent": {
          "mean": 3.8333333333333335,
          "min": 0.0,
          "max": 7.8
        },
        "process_cpu_percent": {
          "mean": 99.73333333333333,
          "min": 0.0,
          "max": 114.0
        },
        "system_ram_used_mib": {
          "mean": 16401.560709635418,
          "min": 16317.05078125,
          "max": 16461.80859375
        },
        "system_ram_percent": {
          "mean": 53.0,
          "min": 52.7,
          "max": 53.2
        },
        "process_rss_mib": {
          "mean": 3481.0875651041665,
          "min": 3392.8046875,
          "max": 3544.54296875
        },
        "torch_allocated_mib": {
          "mean": 7685.4303792317705,
          "min": 7535.357421875,
          "max": 7889.0791015625
        },
        "torch_reserved_mib": {
          "mean": 10420.0,
          "min": 10420.0,
          "max": 10420.0
        }
      }
    }
  ]
}
