{
  "output": "benchmarks/pro_30fps_20260922/combo-v2-r01",
  "runs": [
    {
      "repeat": 0,
      "generation_s": 8.714281086111441,
      "useful_fps": 28.68853982670383,
      "first_window_latency_s": 1.0110618979670107,
      "chunk_times_s": [
        1.0110618979670107,
        0.9375184249365702,
        0.9352489790180698,
        0.9354001659667119,
        0.9349523860728368,
        0.9350163768976927,
        0.9370271320221946,
        0.93690800096374,
        0.9379532890161499
      ],
      "chunk_distribution_s": {
        "count": 9,
        "min": 0.9349523860728368,
        "p50": 0.93690800096374,
        "p95": 0.9818184543866664,
        "p99": 1.0052132092509418,
        "max": 1.0110618979670107
      },
      "stage_seconds": {
        "audio": 0.07126991987228394,
        "dit": 3.0852255859374997,
        "vae_decode": 3.9109106140136713,
        "motion_encode": 1.0488474884033203
      },
      "peak_allocated_mib": 7040.01904296875,
      "peak_reserved_mib": 8760.0,
      "resource_summary": {
        "sample_count": 16,
        "gpu_utilization_percent": {
          "mean": 92.6875,
          "min": 51.0,
          "max": 100.0
        },
        "gpu_vram_used_mib": {
          "mean": 9221.0,
          "min": 9221.0,
          "max": 9221.0
        },
        "system_cpu_percent": {
          "mean": 4.9875,
          "min": 0.0,
          "max": 7.5
        },
        "process_cpu_percent": {
          "mean": 99.98124999999999,
          "min": 0.0,
          "max": 115.1
        },
        "system_ram_used_mib": {
          "mean": 16523.644287109375,
          "min": 16439.25390625,
          "max": 16600.890625
        },
        "system_ram_percent": {
          "mean": 53.3875,
          "min": 53.1,
          "max": 53.6
        },
        "process_rss_mib": {
          "mean": 3683.987060546875,
          "min": 3601.07421875,
          "max": 3752.2421875
        },
        "torch_allocated_mib": {
          "mean": 5761.385314941406,
          "min": 5685.013671875,
          "max": 5832.3349609375
        },
        "torch_reserved_mib": {
          "mean": 8760.0,
          "min": 8760.0,
          "max": 8760.0
        }
      }
    }
  ]
}
