{
  "output": "benchmarks/pro_30fps_20260922/latfb-fix0-r01",
  "runs": [
    {
      "repeat": 0,
      "generation_s": 12.09221699507907,
      "useful_fps": 20.674455321281247,
      "first_window_latency_s": 1.4477219209074974,
      "chunk_times_s": [
        1.4477219209074974,
        1.3028905059909448,
        1.3105563409626484,
        1.3025270560756326,
        1.2991803069598973,
        1.3131295120110735,
        1.3017524790484458,
        1.3075046490412205,
        1.308261547004804
      ],
      "chunk_distribution_s": {
        "count": 9,
        "min": 1.2991803069598973,
        "p50": 1.3075046490412205,
        "p95": 1.3938849573489278,
        "p99": 1.4369545281957834,
        "max": 1.4477219209074974
      },
      "stage_seconds": {
        "audio": 0.07157331228256225,
        "dit": 3.5438796234130856,
        "vae_decode": 7.588851013183594,
        "motion_encode": 0.29489667129516606
      },
      "peak_allocated_mib": 8009.99072265625,
      "peak_reserved_mib": 10300.0,
      "resource_summary": {
        "sample_count": 23,
        "gpu_utilization_percent": {
          "mean": 98.73913043478261,
          "min": 83.0,
          "max": 100.0
        },
        "gpu_vram_used_mib": {
          "mean": 10775.0,
          "min": 10775.0,
          "max": 10775.0
        },
        "system_cpu_percent": {
          "mean": 3.369565217391304,
          "min": 0.0,
          "max": 4.1
        },
        "process_cpu_percent": {
          "mean": 280.40869565217395,
          "min": 98.5,
          "max": 4153.9
        },
        "system_ram_used_mib": {
          "mean": 16078.779891304348,
          "min": 15991.5859375,
          "max": 16139.71484375
        },
        "system_ram_percent": {
          "mean": 51.943478260869554,
          "min": 51.7,
          "max": 52.1
        },
        "process_rss_mib": {
          "mean": 3492.4191576086955,
          "min": 3401.96875,
          "max": 3553.28125
        },
        "torch_allocated_mib": {
          "mean": 7646.419964334239,
          "min": 7570.513671875,
          "max": 7708.2783203125
        },
        "torch_reserved_mib": {
          "mean": 10300.0,
          "min": 10300.0,
          "max": 10300.0
        }
      }
    }
  ]
}
