There are modules in WanModelAudioProject that should be kept in float32: []. Casting directly with `to()` can lead to inconsistent results; set `torch_dtype` in `from_pretrained()` instead to keep these modules in float32.
Some weights of Wav2Vec2Model were not initialized from the model checkpoint at /workspace/SoulX-FlashHead/models/wav2vec2-base-960h and are newly initialized: ['masked_spec_embed']
You should probably TRAIN this model on a down-stream task to be able to use it for predictions and inference.
/workspace/SoulX-FlashHead/flash_head/src/modules/flash_head_model.py:640: FutureWarning: `torch.cuda.amp.autocast(args...)` is deprecated. Please use `torch.amp.autocast('cuda', args...)` instead.
  with amp.autocast(dtype=torch.float32):
W0918 00:45:04.679000 342277 .venv/lib/python3.10/site-packages/torch/_inductor/utils.py:1250] [0/0] Not enough SMs to use max_autotune_gemm mode
[generate] model denoise per step: 19.973624229431152s
[generate] model denoise per step: 0.38980984687805176s
[generate] model denoise per step: 0.39224982261657715s
[generate] model denoise per step: 0.3958015441894531s
[generate] decode video frames: 5.7844460010528564s
[generate] color correction: 0.011386871337890625s
[generate] encode motion frames: 0.15257620811462402s
/workspace/SoulX-FlashHead/flash_head/src/modules/flash_head_model.py:640: FutureWarning: `torch.cuda.amp.autocast(args...)` is deprecated. Please use `torch.amp.autocast('cuda', args...)` instead.
  with amp.autocast(dtype=torch.float32):
[generate] model denoise per step: 0.3920326232910156s
[generate] model denoise per step: 0.3961648941040039s
[generate] model denoise per step: 0.3929891586303711s
[generate] model denoise per step: 0.39466214179992676s
[generate] decode video frames: 1.4470999240875244s
[generate] color correction: 0.009657621383666992s
[generate] encode motion frames: 0.1530776023864746s
/workspace/SoulX-FlashHead/flash_head/src/modules/flash_head_model.py:640: FutureWarning: `torch.cuda.amp.autocast(args...)` is deprecated. Please use `torch.amp.autocast('cuda', args...)` instead.
  with amp.autocast(dtype=torch.float32):
[generate] model denoise per step: 0.39177870750427246s
[generate] model denoise per step: 0.3966512680053711s
[generate] model denoise per step: 0.3943214416503906s
[generate] model denoise per step: 0.39410924911499023s
[generate] decode video frames: 1.4482779502868652s
[generate] color correction: 0.009648799896240234s
[generate] encode motion frames: 0.15405583381652832s
/workspace/SoulX-FlashHead/flash_head/src/modules/flash_head_model.py:640: FutureWarning: `torch.cuda.amp.autocast(args...)` is deprecated. Please use `torch.amp.autocast('cuda', args...)` instead.
  with amp.autocast(dtype=torch.float32):
[generate] model denoise per step: 0.39249563217163086s
[generate] model denoise per step: 0.39439988136291504s
[generate] model denoise per step: 0.39597201347351074s
[generate] model denoise per step: 0.39385128021240234s
[generate] decode video frames: 1.4519116878509521s
[generate] color correction: 0.009663581848144531s
[generate] encode motion frames: 0.15320324897766113s
/workspace/SoulX-FlashHead/flash_head/src/modules/flash_head_model.py:640: FutureWarning: `torch.cuda.amp.autocast(args...)` is deprecated. Please use `torch.amp.autocast('cuda', args...)` instead.
  with amp.autocast(dtype=torch.float32):
[generate] model denoise per step: 0.3923976421356201s
[generate] model denoise per step: 0.39627671241760254s
[generate] model denoise per step: 0.3954353332519531s
[generate] model denoise per step: 0.3941934108734131s
[generate] decode video frames: 1.4516549110412598s
[generate] color correction: 0.009584188461303711s
[generate] encode motion frames: 0.1532907485961914s
/workspace/SoulX-FlashHead/flash_head/src/modules/flash_head_model.py:640: FutureWarning: `torch.cuda.amp.autocast(args...)` is deprecated. Please use `torch.amp.autocast('cuda', args...)` instead.
  with amp.autocast(dtype=torch.float32):
[generate] model denoise per step: 0.39290356636047363s
[generate] model denoise per step: 0.39743661880493164s
[generate] model denoise per step: 0.3953993320465088s
[generate] model denoise per step: 0.3946053981781006s
[generate] decode video frames: 1.4509344100952148s
[generate] color correction: 0.009610414505004883s
[generate] encode motion frames: 0.15364980697631836s
/workspace/SoulX-FlashHead/flash_head/src/modules/flash_head_model.py:640: FutureWarning: `torch.cuda.amp.autocast(args...)` is deprecated. Please use `torch.amp.autocast('cuda', args...)` instead.
  with amp.autocast(dtype=torch.float32):
[generate] model denoise per step: 0.39290332794189453s
[generate] model denoise per step: 0.39772605895996094s
[generate] model denoise per step: 0.39495182037353516s
[generate] model denoise per step: 0.39551758766174316s
[generate] decode video frames: 1.4517903327941895s
[generate] color correction: 0.00966501235961914s
[generate] encode motion frames: 0.15337443351745605s
/workspace/SoulX-FlashHead/flash_head/src/modules/flash_head_model.py:640: FutureWarning: `torch.cuda.amp.autocast(args...)` is deprecated. Please use `torch.amp.autocast('cuda', args...)` instead.
  with amp.autocast(dtype=torch.float32):
[generate] model denoise per step: 0.3914511203765869s
[generate] model denoise per step: 0.3980700969696045s
[generate] model denoise per step: 0.3953530788421631s
[generate] model denoise per step: 0.39579200744628906s
[generate] decode video frames: 1.4505624771118164s
[generate] color correction: 0.010828733444213867s
[generate] encode motion frames: 0.15350914001464844s
/workspace/SoulX-FlashHead/flash_head/src/modules/flash_head_model.py:640: FutureWarning: `torch.cuda.amp.autocast(args...)` is deprecated. Please use `torch.amp.autocast('cuda', args...)` instead.
  with amp.autocast(dtype=torch.float32):
[generate] model denoise per step: 0.3918037414550781s
[generate] model denoise per step: 0.39655566215515137s
[generate] model denoise per step: 0.39614248275756836s
[generate] model denoise per step: 0.3953361511230469s
[generate] decode video frames: 1.4520761966705322s
[generate] color correction: 0.009591102600097656s
[generate] encode motion frames: 0.15353012084960938s
/workspace/SoulX-FlashHead/flash_head/src/modules/flash_head_model.py:640: FutureWarning: `torch.cuda.amp.autocast(args...)` is deprecated. Please use `torch.amp.autocast('cuda', args...)` instead.
  with amp.autocast(dtype=torch.float32):
[generate] model denoise per step: 0.3918883800506592s
[generate] model denoise per step: 0.3972952365875244s
[generate] model denoise per step: 0.3960425853729248s
[generate] model denoise per step: 0.39510488510131836s
[generate] decode video frames: 1.4526093006134033s
[generate] color correction: 0.009673833847045898s
[generate] encode motion frames: 0.15364336967468262s
/workspace/SoulX-FlashHead/flash_head/src/modules/flash_head_model.py:640: FutureWarning: `torch.cuda.amp.autocast(args...)` is deprecated. Please use `torch.amp.autocast('cuda', args...)` instead.
  with amp.autocast(dtype=torch.float32):
[generate] model denoise per step: 0.3920931816101074s
[generate] model denoise per step: 0.3968021869659424s
[generate] model denoise per step: 0.39657020568847656s
[generate] model denoise per step: 0.39523792266845703s
[generate] decode video frames: 1.4517040252685547s
[generate] color correction: 0.009588241577148438s
[generate] encode motion frames: 0.15323567390441895s
{"output": "benchmarks/pro_quantization_20260918/bf16-optimized-dit-seed50", "runs": [{"repeat": 0, "generation_s": 28.96216455794638, "useful_fps": 8.631951506932765, "chunk_times_s": [3.224776588031091, 3.2137989629991353, 3.215073505009059, 3.2169126750086434, 3.2184459260315634, 3.218252794991713, 3.2175954150152393, 3.218973235983867, 3.217858307994902], "stage_seconds": {"audio": 0.07479190349578857, "dit": 14.21136315917969, "vae_decode": 13.061094482421876, "motion_encode": 1.3812408905029296}, "peak_allocated_mib": 7635.83203125, "peak_reserved_mib": 8762.0, "resource_summary": {"sample_count": 55, "gpu_utilization_percent": {"mean": 99.52727272727273, "min": 91.0, "max": 100.0}, "gpu_vram_used_mib": {"mean": 11726.0, "min": 11726.0, "max": 11726.0}, "system_cpu_percent": {"mean": 3.5145454545454546, "min": 0.0, "max": 6.4}, "process_cpu_percent": {"mean": 98.29818181818183, "min": 0.0, "max": 102.7}, "system_ram_used_mib": {"mean": 12875.94609375, "min": 12830.65234375, "max": 12902.6640625}, "system_ram_percent": {"mean": 41.60181818181814, "min": 41.5, "max": 41.7}, "process_rss_mib": {"mean": 4973.1234375, "min": 4936.1953125, "max": 4984.6640625}, "torch_allocated_mib": {"mean": 4275.89765625, "min": 3569.4306640625, "max": 7329.734375}, "torch_reserved_mib": {"mean": 8762.0, "min": 8762.0, "max": 8762.0}}}]}
