WARNING: All log messages before absl::InitializeLog() is called are written to STDERR
I0000 00:00:1789692937.567445  349858 gl_context_egl.cc:85] Successfully initialized EGL. Major : 1 Minor: 5
I0000 00:00:1789692937.619011  349985 gl_context.cc:344] GL version: 3.2 (OpenGL ES 3.2 NVIDIA 595.84), renderer: NVIDIA GeForce RTX 4070 SUPER/PCIe/SSE2
INFO: Created TensorFlow Lite XNNPACK delegate for CPU.
I0000 00:00:1789692938.488356  349858 gl_context_egl.cc:85] Successfully initialized EGL. Major : 1 Minor: 5
I0000 00:00:1789692938.517104  350064 gl_context.cc:344] GL version: 3.2 (OpenGL ES 3.2 NVIDIA 595.84), renderer: NVIDIA GeForce RTX 4070 SUPER/PCIe/SSE2
{
  "paired": {
    "frames": 250,
    "both_open_frames": 196,
    "opening_correlation": 0.9719173312326441,
    "median_mouth_center_distance_px": 2.7728128358657265,
    "median_edge_ratio_on_both_open": 1.0329665703364124
  },
  "summary": {
    "stock": {
      "decoded_frames": 250,
      "detected_frames": 250,
      "open_frames": 198,
      "median_open_oral_edge_energy": 422.4570640182827,
      "median_opening_norm": 0.07897483107472744
    },
    "candidate": {
      "decoded_frames": 250,
      "detected_frames": 250,
      "open_frames": 200,
      "median_open_oral_edge_energy": 478.37459216423855,
      "median_opening_norm": 0.07888503285156709
    }
  }
}
