There are modules in WanModelAudioProject that should be kept in float32: []. Casting directly with `to()` can lead to inconsistent results; set `torch_dtype` in `from_pretrained()` instead to keep these modules in float32.
Some weights of Wav2Vec2Model were not initialized from the model checkpoint at /workspace/SoulX-FlashHead/models/wav2vec2-base-960h and are newly initialized: ['masked_spec_embed']
You should probably TRAIN this model on a down-stream task to be able to use it for predictions and inference.
/workspace/SoulX-FlashHead/flash_head/src/modules/flash_head_model.py:640: FutureWarning: `torch.cuda.amp.autocast(args...)` is deprecated. Please use `torch.amp.autocast('cuda', args...)` instead.
  with amp.autocast(dtype=torch.float32):
[generate] model denoise per step: 0.8893914222717285s
/workspace/SoulX-FlashHead/flash_head/src/modules/flash_head_model.py:640: FutureWarning: `torch.cuda.amp.autocast(args...)` is deprecated. Please use `torch.amp.autocast('cuda', args...)` instead.
  with amp.autocast(dtype=torch.float32):
[generate] model denoise per step: 0.5062170028686523s
[generate] model denoise per step: 0.5062665939331055s
[generate] model denoise per step: 0.5074706077575684s
[generate] decode video frames: 5.999701738357544s
[generate] color correction: 0.011550426483154297s
[generate] encode motion frames: 0.1526503562927246s
/workspace/SoulX-FlashHead/flash_head/src/modules/flash_head_model.py:640: FutureWarning: `torch.cuda.amp.autocast(args...)` is deprecated. Please use `torch.amp.autocast('cuda', args...)` instead.
  with amp.autocast(dtype=torch.float32):
[generate] model denoise per step: 0.5053732395172119s
[generate] model denoise per step: 0.5073490142822266s
[generate] model denoise per step: 0.5061764717102051s
[generate] model denoise per step: 0.5078110694885254s
[generate] decode video frames: 1.4502646923065186s
[generate] color correction: 0.009745359420776367s
[generate] encode motion frames: 0.15324926376342773s
/workspace/SoulX-FlashHead/flash_head/src/modules/flash_head_model.py:640: FutureWarning: `torch.cuda.amp.autocast(args...)` is deprecated. Please use `torch.amp.autocast('cuda', args...)` instead.
  with amp.autocast(dtype=torch.float32):
[generate] model denoise per step: 0.5061821937561035s
[generate] model denoise per step: 0.5081682205200195s
/workspace/SoulX-FlashHead/flash_head/src/modules/flash_head_model.py:640: FutureWarning: `torch.cuda.amp.autocast(args...)` is deprecated. Please use `torch.amp.autocast('cuda', args...)` instead.
  with amp.autocast(dtype=torch.float32):
[generate] model denoise per step: 0.5067529678344727s
/workspace/SoulX-FlashHead/flash_head/src/modules/flash_head_model.py:640: FutureWarning: `torch.cuda.amp.autocast(args...)` is deprecated. Please use `torch.amp.autocast('cuda', args...)` instead.
  with amp.autocast(dtype=torch.float32):
[generate] model denoise per step: 0.5081639289855957s
[generate] decode video frames: 1.4476392269134521s
[generate] color correction: 0.009558916091918945s
[generate] encode motion frames: 0.15327835083007812s
/workspace/SoulX-FlashHead/flash_head/src/modules/flash_head_model.py:640: FutureWarning: `torch.cuda.amp.autocast(args...)` is deprecated. Please use `torch.amp.autocast('cuda', args...)` instead.
  with amp.autocast(dtype=torch.float32):
[generate] model denoise per step: 0.5051977634429932s
/workspace/SoulX-FlashHead/flash_head/src/modules/flash_head_model.py:640: FutureWarning: `torch.cuda.amp.autocast(args...)` is deprecated. Please use `torch.amp.autocast('cuda', args...)` instead.
  with amp.autocast(dtype=torch.float32):
[generate] model denoise per step: 0.5085494518280029s
/workspace/SoulX-FlashHead/flash_head/src/modules/flash_head_model.py:640: FutureWarning: `torch.cuda.amp.autocast(args...)` is deprecated. Please use `torch.amp.autocast('cuda', args...)` instead.
  with amp.autocast(dtype=torch.float32):
[generate] model denoise per step: 0.5076124668121338s
/workspace/SoulX-FlashHead/flash_head/src/modules/flash_head_model.py:640: FutureWarning: `torch.cuda.amp.autocast(args...)` is deprecated. Please use `torch.amp.autocast('cuda', args...)` instead.
  with amp.autocast(dtype=torch.float32):
[generate] model denoise per step: 0.5094830989837646s
[generate] decode video frames: 1.4526336193084717s
[generate] color correction: 0.009976863861083984s
[generate] encode motion frames: 0.1534881591796875s
/workspace/SoulX-FlashHead/flash_head/src/modules/flash_head_model.py:640: FutureWarning: `torch.cuda.amp.autocast(args...)` is deprecated. Please use `torch.amp.autocast('cuda', args...)` instead.
  with amp.autocast(dtype=torch.float32):
[generate] model denoise per step: 0.5066409111022949s
/workspace/SoulX-FlashHead/flash_head/src/modules/flash_head_model.py:640: FutureWarning: `torch.cuda.amp.autocast(args...)` is deprecated. Please use `torch.amp.autocast('cuda', args...)` instead.
  with amp.autocast(dtype=torch.float32):
[generate] model denoise per step: 0.5090844631195068s
/workspace/SoulX-FlashHead/flash_head/src/modules/flash_head_model.py:640: FutureWarning: `torch.cuda.amp.autocast(args...)` is deprecated. Please use `torch.amp.autocast('cuda', args...)` instead.
  with amp.autocast(dtype=torch.float32):
[generate] model denoise per step: 0.5072617530822754s
/workspace/SoulX-FlashHead/flash_head/src/modules/flash_head_model.py:640: FutureWarning: `torch.cuda.amp.autocast(args...)` is deprecated. Please use `torch.amp.autocast('cuda', args...)` instead.
  with amp.autocast(dtype=torch.float32):
[generate] model denoise per step: 0.5090484619140625s
[generate] decode video frames: 1.4531970024108887s
[generate] color correction: 0.009643077850341797s
[generate] encode motion frames: 0.1535181999206543s
/workspace/SoulX-FlashHead/flash_head/src/modules/flash_head_model.py:640: FutureWarning: `torch.cuda.amp.autocast(args...)` is deprecated. Please use `torch.amp.autocast('cuda', args...)` instead.
  with amp.autocast(dtype=torch.float32):
[generate] model denoise per step: 0.5063254833221436s
/workspace/SoulX-FlashHead/flash_head/src/modules/flash_head_model.py:640: FutureWarning: `torch.cuda.amp.autocast(args...)` is deprecated. Please use `torch.amp.autocast('cuda', args...)` instead.
  with amp.autocast(dtype=torch.float32):
[generate] model denoise per step: 0.5092203617095947s
/workspace/SoulX-FlashHead/flash_head/src/modules/flash_head_model.py:640: FutureWarning: `torch.cuda.amp.autocast(args...)` is deprecated. Please use `torch.amp.autocast('cuda', args...)` instead.
  with amp.autocast(dtype=torch.float32):
[generate] model denoise per step: 0.5077030658721924s
/workspace/SoulX-FlashHead/flash_head/src/modules/flash_head_model.py:640: FutureWarning: `torch.cuda.amp.autocast(args...)` is deprecated. Please use `torch.amp.autocast('cuda', args...)` instead.
  with amp.autocast(dtype=torch.float32):
[generate] model denoise per step: 0.5084657669067383s
[generate] decode video frames: 1.4512395858764648s
[generate] color correction: 0.009568929672241211s
[generate] encode motion frames: 0.15330100059509277s
/workspace/SoulX-FlashHead/flash_head/src/modules/flash_head_model.py:640: FutureWarning: `torch.cuda.amp.autocast(args...)` is deprecated. Please use `torch.amp.autocast('cuda', args...)` instead.
  with amp.autocast(dtype=torch.float32):
[generate] model denoise per step: 0.5063736438751221s
/workspace/SoulX-FlashHead/flash_head/src/modules/flash_head_model.py:640: FutureWarning: `torch.cuda.amp.autocast(args...)` is deprecated. Please use `torch.amp.autocast('cuda', args...)` instead.
  with amp.autocast(dtype=torch.float32):
[generate] model denoise per step: 0.5094015598297119s
/workspace/SoulX-FlashHead/flash_head/src/modules/flash_head_model.py:640: FutureWarning: `torch.cuda.amp.autocast(args...)` is deprecated. Please use `torch.amp.autocast('cuda', args...)` instead.
  with amp.autocast(dtype=torch.float32):
[generate] model denoise per step: 0.506890058517456s
/workspace/SoulX-FlashHead/flash_head/src/modules/flash_head_model.py:640: FutureWarning: `torch.cuda.amp.autocast(args...)` is deprecated. Please use `torch.amp.autocast('cuda', args...)` instead.
  with amp.autocast(dtype=torch.float32):
[generate] model denoise per step: 0.5087430477142334s
[generate] decode video frames: 1.4527230262756348s
[generate] color correction: 0.009622335433959961s
[generate] encode motion frames: 0.1533641815185547s
/workspace/SoulX-FlashHead/flash_head/src/modules/flash_head_model.py:640: FutureWarning: `torch.cuda.amp.autocast(args...)` is deprecated. Please use `torch.amp.autocast('cuda', args...)` instead.
  with amp.autocast(dtype=torch.float32):
[generate] model denoise per step: 0.5066416263580322s
/workspace/SoulX-FlashHead/flash_head/src/modules/flash_head_model.py:640: FutureWarning: `torch.cuda.amp.autocast(args...)` is deprecated. Please use `torch.amp.autocast('cuda', args...)` instead.
  with amp.autocast(dtype=torch.float32):
[generate] model denoise per step: 0.5095796585083008s
/workspace/SoulX-FlashHead/flash_head/src/modules/flash_head_model.py:640: FutureWarning: `torch.cuda.amp.autocast(args...)` is deprecated. Please use `torch.amp.autocast('cuda', args...)` instead.
  with amp.autocast(dtype=torch.float32):
[generate] model denoise per step: 0.507171630859375s
/workspace/SoulX-FlashHead/flash_head/src/modules/flash_head_model.py:640: FutureWarning: `torch.cuda.amp.autocast(args...)` is deprecated. Please use `torch.amp.autocast('cuda', args...)` instead.
  with amp.autocast(dtype=torch.float32):
[generate] model denoise per step: 0.5092122554779053s
[generate] decode video frames: 1.4540224075317383s
[generate] color correction: 0.00965261459350586s
[generate] encode motion frames: 0.15325665473937988s
/workspace/SoulX-FlashHead/flash_head/src/modules/flash_head_model.py:640: FutureWarning: `torch.cuda.amp.autocast(args...)` is deprecated. Please use `torch.amp.autocast('cuda', args...)` instead.
  with amp.autocast(dtype=torch.float32):
[generate] model denoise per step: 0.506420373916626s
/workspace/SoulX-FlashHead/flash_head/src/modules/flash_head_model.py:640: FutureWarning: `torch.cuda.amp.autocast(args...)` is deprecated. Please use `torch.amp.autocast('cuda', args...)` instead.
  with amp.autocast(dtype=torch.float32):
[generate] model denoise per step: 0.5093212127685547s
/workspace/SoulX-FlashHead/flash_head/src/modules/flash_head_model.py:640: FutureWarning: `torch.cuda.amp.autocast(args...)` is deprecated. Please use `torch.amp.autocast('cuda', args...)` instead.
  with amp.autocast(dtype=torch.float32):
[generate] model denoise per step: 0.5076117515563965s
/workspace/SoulX-FlashHead/flash_head/src/modules/flash_head_model.py:640: FutureWarning: `torch.cuda.amp.autocast(args...)` is deprecated. Please use `torch.amp.autocast('cuda', args...)` instead.
  with amp.autocast(dtype=torch.float32):
[generate] model denoise per step: 0.5088856220245361s
[generate] decode video frames: 1.4514656066894531s
[generate] color correction: 0.00960993766784668s
[generate] encode motion frames: 0.15354084968566895s
/workspace/SoulX-FlashHead/flash_head/src/modules/flash_head_model.py:640: FutureWarning: `torch.cuda.amp.autocast(args...)` is deprecated. Please use `torch.amp.autocast('cuda', args...)` instead.
  with amp.autocast(dtype=torch.float32):
[generate] model denoise per step: 0.5068628787994385s
/workspace/SoulX-FlashHead/flash_head/src/modules/flash_head_model.py:640: FutureWarning: `torch.cuda.amp.autocast(args...)` is deprecated. Please use `torch.amp.autocast('cuda', args...)` instead.
  with amp.autocast(dtype=torch.float32):
[generate] model denoise per step: 0.509605884552002s
/workspace/SoulX-FlashHead/flash_head/src/modules/flash_head_model.py:640: FutureWarning: `torch.cuda.amp.autocast(args...)` is deprecated. Please use `torch.amp.autocast('cuda', args...)` instead.
  with amp.autocast(dtype=torch.float32):
[generate] model denoise per step: 0.5076174736022949s
/workspace/SoulX-FlashHead/flash_head/src/modules/flash_head_model.py:640: FutureWarning: `torch.cuda.amp.autocast(args...)` is deprecated. Please use `torch.amp.autocast('cuda', args...)` instead.
  with amp.autocast(dtype=torch.float32):
[generate] model denoise per step: 0.509007453918457s
[generate] decode video frames: 1.4532098770141602s
[generate] color correction: 0.009620189666748047s
[generate] encode motion frames: 0.15355682373046875s
/workspace/SoulX-FlashHead/flash_head/src/modules/flash_head_model.py:640: FutureWarning: `torch.cuda.amp.autocast(args...)` is deprecated. Please use `torch.amp.autocast('cuda', args...)` instead.
  with amp.autocast(dtype=torch.float32):
[generate] model denoise per step: 0.5064125061035156s
/workspace/SoulX-FlashHead/flash_head/src/modules/flash_head_model.py:640: FutureWarning: `torch.cuda.amp.autocast(args...)` is deprecated. Please use `torch.amp.autocast('cuda', args...)` instead.
  with amp.autocast(dtype=torch.float32):
[generate] model denoise per step: 0.5100481510162354s
/workspace/SoulX-FlashHead/flash_head/src/modules/flash_head_model.py:640: FutureWarning: `torch.cuda.amp.autocast(args...)` is deprecated. Please use `torch.amp.autocast('cuda', args...)` instead.
  with amp.autocast(dtype=torch.float32):
[generate] model denoise per step: 0.5076334476470947s
/workspace/SoulX-FlashHead/flash_head/src/modules/flash_head_model.py:640: FutureWarning: `torch.cuda.amp.autocast(args...)` is deprecated. Please use `torch.amp.autocast('cuda', args...)` instead.
  with amp.autocast(dtype=torch.float32):
[generate] model denoise per step: 0.5095553398132324s
[generate] decode video frames: 1.4514145851135254s
[generate] color correction: 0.009665966033935547s
[generate] encode motion frames: 0.15332603454589844s
{"output": "benchmarks/pro_quantization_20260918/optimized-bf16-seed50", "runs": [{"repeat": 0, "generation_s": 33.022446764982305, "useful_fps": 7.570608010339962, "chunk_times_s": [3.6726951859891415, 3.6736240250174887, 3.6745944840367883, 3.6648303029942326, 3.6660501190344803, 3.6686808390077204, 3.6657228950061835, 3.668639313953463, 3.66700185299851], "stage_seconds": {"audio": 0.07613180732727051, "dit": 18.282715209960934, "vae_decode": 13.067114257812499, "motion_encode": 1.3803658752441406}, "peak_allocated_mib": 7523.232421875, "peak_reserved_mib": 8644.0, "resource_summary": {"sample_count": 62, "gpu_utilization_percent": {"mean": 99.95161290322581, "min": 99.0, "max": 100.0}, "gpu_vram_used_mib": {"mean": 11608.387096774193, "min": 11608.0, "max": 11620.0}, "system_cpu_percent": {"mean": 4.49193548387097, "min": 0.0, "max": 26.2}, "process_cpu_percent": {"mean": 98.45645161290324, "min": 0.0, "max": 102.4}, "system_ram_used_mib": {"mean": 12432.943485383064, "min": 12376.640625, "max": 12648.5390625}, "system_ram_percent": {"mean": 40.167741935483846, "min": 40.0, "max": 40.9}, "process_rss_mib": {"mean": 4711.888356854839, "min": 4678.703125, "max": 4717.6640625}, "torch_allocated_mib": {"mean": 4214.711284022177, "min": 3508.3876953125, "max": 7519.658203125}, "torch_reserved_mib": {"mean": 8644.0, "min": 8644.0, "max": 8644.0}}}]}
