WARNING: All log messages before absl::InitializeLog() is called are written to STDERR
I0000 00:00:1789692288.422723  342380 gl_context_egl.cc:85] Successfully initialized EGL. Major : 1 Minor: 5
I0000 00:00:1789692288.479690  342559 gl_context.cc:344] GL version: 3.2 (OpenGL ES 3.2 NVIDIA 595.84), renderer: NVIDIA GeForce RTX 4070 SUPER/PCIe/SSE2
INFO: Created TensorFlow Lite XNNPACK delegate for CPU.
I0000 00:00:1789692289.369057  342380 gl_context_egl.cc:85] Successfully initialized EGL. Major : 1 Minor: 5
I0000 00:00:1789692289.398374  342640 gl_context.cc:344] GL version: 3.2 (OpenGL ES 3.2 NVIDIA 595.84), renderer: NVIDIA GeForce RTX 4070 SUPER/PCIe/SSE2
{
  "paired": {
    "frames": 250,
    "both_open_frames": 196,
    "opening_correlation": 0.9815237104952711,
    "median_mouth_center_distance_px": 3.5165361209560246,
    "median_edge_ratio_on_both_open": 1.1308006613393236
  },
  "summary": {
    "stock": {
      "decoded_frames": 250,
      "detected_frames": 250,
      "open_frames": 199,
      "median_open_oral_edge_energy": 383.80868172635445,
      "median_opening_norm": 0.08375129019466573
    },
    "candidate": {
      "decoded_frames": 250,
      "detected_frames": 250,
      "open_frames": 198,
      "median_open_oral_edge_energy": 437.53296119420065,
      "median_opening_norm": 0.08305384780984995
    }
  }
}
