WARNING: All log messages before absl::InitializeLog() is called are written to STDERR
I0000 00:00:1789691910.837238  338266 gl_context_egl.cc:85] Successfully initialized EGL. Major : 1 Minor: 5
I0000 00:00:1789691910.895680  338416 gl_context.cc:344] GL version: 3.2 (OpenGL ES 3.2 NVIDIA 595.84), renderer: NVIDIA GeForce RTX 4070 SUPER/PCIe/SSE2
INFO: Created TensorFlow Lite XNNPACK delegate for CPU.
I0000 00:00:1789691911.784562  338266 gl_context_egl.cc:85] Successfully initialized EGL. Major : 1 Minor: 5
I0000 00:00:1789691911.823938  338500 gl_context.cc:344] GL version: 3.2 (OpenGL ES 3.2 NVIDIA 595.84), renderer: NVIDIA GeForce RTX 4070 SUPER/PCIe/SSE2
{
  "paired": {
    "frames": 250,
    "both_open_frames": 196,
    "opening_correlation": 0.9859379030233596,
    "median_mouth_center_distance_px": 2.3851878497888936,
    "median_edge_ratio_on_both_open": 1.0470284735518136
  },
  "summary": {
    "stock": {
      "decoded_frames": 250,
      "detected_frames": 250,
      "open_frames": 199,
      "median_open_oral_edge_energy": 383.80868172635445,
      "median_opening_norm": 0.08375129019466573
    },
    "candidate": {
      "decoded_frames": 250,
      "detected_frames": 250,
      "open_frames": 197,
      "median_open_oral_edge_energy": 407.7586021905116,
      "median_opening_norm": 0.08150015494862409
    }
  }
}
