There are modules in WanModelAudioProject that should be kept in float32: []. Casting directly with `to()` can lead to inconsistent results; set `torch_dtype` in `from_pretrained()` instead to keep these modules in float32.
Some weights of Wav2Vec2Model were not initialized from the model checkpoint at /workspace/SoulX-FlashHead/models/wav2vec2-base-960h and are newly initialized: ['masked_spec_embed']
You should probably TRAIN this model on a down-stream task to be able to use it for predictions and inference.
/workspace/SoulX-FlashHead/flash_head/src/modules/flash_head_model.py:640: FutureWarning: `torch.cuda.amp.autocast(args...)` is deprecated. Please use `torch.amp.autocast('cuda', args...)` instead.
  with amp.autocast(dtype=torch.float32):
[generate] model denoise per step: 0.5931541919708252s
[generate] model denoise per step: 0.5156121253967285s
[generate] model denoise per step: 0.5205457210540771s
[generate] model denoise per step: 0.5180389881134033s
[generate] decode video frames: 1.669769525527954s
[generate] color correction: 0.01100301742553711s
[generate] encode motion frames: 0.15193700790405273s
[generate] model denoise per step: 0.5189132690429688s
[generate] model denoise per step: 0.5200746059417725s
[generate] model denoise per step: 0.5198843479156494s
[generate] model denoise per step: 0.5195667743682861s
[generate] decode video frames: 1.6560359001159668s
[generate] color correction: 0.009422063827514648s
[generate] encode motion frames: 0.15157508850097656s
/workspace/SoulX-FlashHead/flash_head/src/modules/flash_head_model.py:640: FutureWarning: `torch.cuda.amp.autocast(args...)` is deprecated. Please use `torch.amp.autocast('cuda', args...)` instead.
  with amp.autocast(dtype=torch.float32):
[generate] model denoise per step: 0.5037786960601807s
[generate] model denoise per step: 0.5053486824035645s
/workspace/SoulX-FlashHead/flash_head/src/modules/flash_head_model.py:640: FutureWarning: `torch.cuda.amp.autocast(args...)` is deprecated. Please use `torch.amp.autocast('cuda', args...)` instead.
  with amp.autocast(dtype=torch.float32):
[generate] model denoise per step: 0.5042893886566162s
/workspace/SoulX-FlashHead/flash_head/src/modules/flash_head_model.py:640: FutureWarning: `torch.cuda.amp.autocast(args...)` is deprecated. Please use `torch.amp.autocast('cuda', args...)` instead.
  with amp.autocast(dtype=torch.float32):
[generate] model denoise per step: 0.5066554546356201s
[generate] decode video frames: 1.6585373878479004s
[generate] color correction: 0.009466886520385742s
[generate] encode motion frames: 0.15224981307983398s
/workspace/SoulX-FlashHead/flash_head/src/modules/flash_head_model.py:640: FutureWarning: `torch.cuda.amp.autocast(args...)` is deprecated. Please use `torch.amp.autocast('cuda', args...)` instead.
  with amp.autocast(dtype=torch.float32):
[generate] model denoise per step: 0.5026497840881348s
/workspace/SoulX-FlashHead/flash_head/src/modules/flash_head_model.py:640: FutureWarning: `torch.cuda.amp.autocast(args...)` is deprecated. Please use `torch.amp.autocast('cuda', args...)` instead.
  with amp.autocast(dtype=torch.float32):
[generate] model denoise per step: 0.5062785148620605s
/workspace/SoulX-FlashHead/flash_head/src/modules/flash_head_model.py:640: FutureWarning: `torch.cuda.amp.autocast(args...)` is deprecated. Please use `torch.amp.autocast('cuda', args...)` instead.
  with amp.autocast(dtype=torch.float32):
[generate] model denoise per step: 0.5048422813415527s
/workspace/SoulX-FlashHead/flash_head/src/modules/flash_head_model.py:640: FutureWarning: `torch.cuda.amp.autocast(args...)` is deprecated. Please use `torch.amp.autocast('cuda', args...)` instead.
  with amp.autocast(dtype=torch.float32):
[generate] model denoise per step: 0.5063207149505615s
[generate] decode video frames: 1.6587660312652588s
[generate] color correction: 0.009474754333496094s
[generate] encode motion frames: 0.15217351913452148s
/workspace/SoulX-FlashHead/flash_head/src/modules/flash_head_model.py:640: FutureWarning: `torch.cuda.amp.autocast(args...)` is deprecated. Please use `torch.amp.autocast('cuda', args...)` instead.
  with amp.autocast(dtype=torch.float32):
[generate] model denoise per step: 0.5031836032867432s
/workspace/SoulX-FlashHead/flash_head/src/modules/flash_head_model.py:640: FutureWarning: `torch.cuda.amp.autocast(args...)` is deprecated. Please use `torch.amp.autocast('cuda', args...)` instead.
  with amp.autocast(dtype=torch.float32):
[generate] model denoise per step: 0.5061001777648926s
/workspace/SoulX-FlashHead/flash_head/src/modules/flash_head_model.py:640: FutureWarning: `torch.cuda.amp.autocast(args...)` is deprecated. Please use `torch.amp.autocast('cuda', args...)` instead.
  with amp.autocast(dtype=torch.float32):
[generate] model denoise per step: 0.5063035488128662s
/workspace/SoulX-FlashHead/flash_head/src/modules/flash_head_model.py:640: FutureWarning: `torch.cuda.amp.autocast(args...)` is deprecated. Please use `torch.amp.autocast('cuda', args...)` instead.
  with amp.autocast(dtype=torch.float32):
[generate] model denoise per step: 0.5062963962554932s
[generate] decode video frames: 1.6606450080871582s
[generate] color correction: 0.00944828987121582s
[generate] encode motion frames: 0.15238690376281738s
/workspace/SoulX-FlashHead/flash_head/src/modules/flash_head_model.py:640: FutureWarning: `torch.cuda.amp.autocast(args...)` is deprecated. Please use `torch.amp.autocast('cuda', args...)` instead.
  with amp.autocast(dtype=torch.float32):
[generate] model denoise per step: 0.5042109489440918s
[generate] model denoise per step: 0.5062949657440186s
/workspace/SoulX-FlashHead/flash_head/src/modules/flash_head_model.py:640: FutureWarning: `torch.cuda.amp.autocast(args...)` is deprecated. Please use `torch.amp.autocast('cuda', args...)` instead.
  with amp.autocast(dtype=torch.float32):
[generate] model denoise per step: 0.506455659866333s
/workspace/SoulX-FlashHead/flash_head/src/modules/flash_head_model.py:640: FutureWarning: `torch.cuda.amp.autocast(args...)` is deprecated. Please use `torch.amp.autocast('cuda', args...)` instead.
  with amp.autocast(dtype=torch.float32):
[generate] model denoise per step: 0.5065786838531494s
[generate] decode video frames: 1.6596035957336426s
[generate] color correction: 0.009462594985961914s
[generate] encode motion frames: 0.15195918083190918s
/workspace/SoulX-FlashHead/flash_head/src/modules/flash_head_model.py:640: FutureWarning: `torch.cuda.amp.autocast(args...)` is deprecated. Please use `torch.amp.autocast('cuda', args...)` instead.
  with amp.autocast(dtype=torch.float32):
[generate] model denoise per step: 0.5030262470245361s
/workspace/SoulX-FlashHead/flash_head/src/modules/flash_head_model.py:640: FutureWarning: `torch.cuda.amp.autocast(args...)` is deprecated. Please use `torch.amp.autocast('cuda', args...)` instead.
  with amp.autocast(dtype=torch.float32):
[generate] model denoise per step: 0.5064394474029541s
/workspace/SoulX-FlashHead/flash_head/src/modules/flash_head_model.py:640: FutureWarning: `torch.cuda.amp.autocast(args...)` is deprecated. Please use `torch.amp.autocast('cuda', args...)` instead.
  with amp.autocast(dtype=torch.float32):
[generate] model denoise per step: 0.5054051876068115s
/workspace/SoulX-FlashHead/flash_head/src/modules/flash_head_model.py:640: FutureWarning: `torch.cuda.amp.autocast(args...)` is deprecated. Please use `torch.amp.autocast('cuda', args...)` instead.
  with amp.autocast(dtype=torch.float32):
[generate] model denoise per step: 0.506253719329834s
[generate] decode video frames: 1.6611437797546387s
[generate] color correction: 0.009536266326904297s
[generate] encode motion frames: 0.15223097801208496s
/workspace/SoulX-FlashHead/flash_head/src/modules/flash_head_model.py:640: FutureWarning: `torch.cuda.amp.autocast(args...)` is deprecated. Please use `torch.amp.autocast('cuda', args...)` instead.
  with amp.autocast(dtype=torch.float32):
[generate] model denoise per step: 0.5041179656982422s
/workspace/SoulX-FlashHead/flash_head/src/modules/flash_head_model.py:640: FutureWarning: `torch.cuda.amp.autocast(args...)` is deprecated. Please use `torch.amp.autocast('cuda', args...)` instead.
  with amp.autocast(dtype=torch.float32):
[generate] model denoise per step: 0.5066139698028564s
/workspace/SoulX-FlashHead/flash_head/src/modules/flash_head_model.py:640: FutureWarning: `torch.cuda.amp.autocast(args...)` is deprecated. Please use `torch.amp.autocast('cuda', args...)` instead.
  with amp.autocast(dtype=torch.float32):
[generate] model denoise per step: 0.5062124729156494s
/workspace/SoulX-FlashHead/flash_head/src/modules/flash_head_model.py:640: FutureWarning: `torch.cuda.amp.autocast(args...)` is deprecated. Please use `torch.amp.autocast('cuda', args...)` instead.
  with amp.autocast(dtype=torch.float32):
[generate] model denoise per step: 0.5062675476074219s
[generate] decode video frames: 1.660527229309082s
[generate] color correction: 0.009447336196899414s
[generate] encode motion frames: 0.15227293968200684s
/workspace/SoulX-FlashHead/flash_head/src/modules/flash_head_model.py:640: FutureWarning: `torch.cuda.amp.autocast(args...)` is deprecated. Please use `torch.amp.autocast('cuda', args...)` instead.
  with amp.autocast(dtype=torch.float32):
[generate] model denoise per step: 0.5039865970611572s
/workspace/SoulX-FlashHead/flash_head/src/modules/flash_head_model.py:640: FutureWarning: `torch.cuda.amp.autocast(args...)` is deprecated. Please use `torch.amp.autocast('cuda', args...)` instead.
  with amp.autocast(dtype=torch.float32):
[generate] model denoise per step: 0.506610631942749s
/workspace/SoulX-FlashHead/flash_head/src/modules/flash_head_model.py:640: FutureWarning: `torch.cuda.amp.autocast(args...)` is deprecated. Please use `torch.amp.autocast('cuda', args...)` instead.
  with amp.autocast(dtype=torch.float32):
[generate] model denoise per step: 0.5066351890563965s
/workspace/SoulX-FlashHead/flash_head/src/modules/flash_head_model.py:640: FutureWarning: `torch.cuda.amp.autocast(args...)` is deprecated. Please use `torch.amp.autocast('cuda', args...)` instead.
  with amp.autocast(dtype=torch.float32):
[generate] model denoise per step: 0.5063650608062744s
[generate] decode video frames: 1.6623709201812744s
[generate] color correction: 0.009527444839477539s
[generate] encode motion frames: 0.1522994041442871s
/workspace/SoulX-FlashHead/flash_head/src/modules/flash_head_model.py:640: FutureWarning: `torch.cuda.amp.autocast(args...)` is deprecated. Please use `torch.amp.autocast('cuda', args...)` instead.
  with amp.autocast(dtype=torch.float32):
[generate] model denoise per step: 0.5042295455932617s
/workspace/SoulX-FlashHead/flash_head/src/modules/flash_head_model.py:640: FutureWarning: `torch.cuda.amp.autocast(args...)` is deprecated. Please use `torch.amp.autocast('cuda', args...)` instead.
  with amp.autocast(dtype=torch.float32):
[generate] model denoise per step: 0.5068690776824951s
/workspace/SoulX-FlashHead/flash_head/src/modules/flash_head_model.py:640: FutureWarning: `torch.cuda.amp.autocast(args...)` is deprecated. Please use `torch.amp.autocast('cuda', args...)` instead.
  with amp.autocast(dtype=torch.float32):
[generate] model denoise per step: 0.5057187080383301s
/workspace/SoulX-FlashHead/flash_head/src/modules/flash_head_model.py:640: FutureWarning: `torch.cuda.amp.autocast(args...)` is deprecated. Please use `torch.amp.autocast('cuda', args...)` instead.
  with amp.autocast(dtype=torch.float32):
[generate] model denoise per step: 0.5067954063415527s
[generate] decode video frames: 1.6622083187103271s
[generate] color correction: 0.009497404098510742s
[generate] encode motion frames: 0.15275835990905762s
/workspace/SoulX-FlashHead/flash_head/src/modules/flash_head_model.py:640: FutureWarning: `torch.cuda.amp.autocast(args...)` is deprecated. Please use `torch.amp.autocast('cuda', args...)` instead.
  with amp.autocast(dtype=torch.float32):
[generate] model denoise per step: 0.5039341449737549s
[generate] model denoise per step: 0.5077347755432129s
/workspace/SoulX-FlashHead/flash_head/src/modules/flash_head_model.py:640: FutureWarning: `torch.cuda.amp.autocast(args...)` is deprecated. Please use `torch.amp.autocast('cuda', args...)` instead.
  with amp.autocast(dtype=torch.float32):
[generate] model denoise per step: 0.5069530010223389s
/workspace/SoulX-FlashHead/flash_head/src/modules/flash_head_model.py:640: FutureWarning: `torch.cuda.amp.autocast(args...)` is deprecated. Please use `torch.amp.autocast('cuda', args...)` instead.
  with amp.autocast(dtype=torch.float32):
[generate] model denoise per step: 0.5082440376281738s
[generate] decode video frames: 1.664177417755127s
[generate] color correction: 0.009497880935668945s
[generate] encode motion frames: 0.15315461158752441s
/workspace/SoulX-FlashHead/flash_head/src/modules/flash_head_model.py:640: FutureWarning: `torch.cuda.amp.autocast(args...)` is deprecated. Please use `torch.amp.autocast('cuda', args...)` instead.
  with amp.autocast(dtype=torch.float32):
[generate] model denoise per step: 0.5033936500549316s
[generate] model denoise per step: 0.5070154666900635s
/workspace/SoulX-FlashHead/flash_head/src/modules/flash_head_model.py:640: FutureWarning: `torch.cuda.amp.autocast(args...)` is deprecated. Please use `torch.amp.autocast('cuda', args...)` instead.
  with amp.autocast(dtype=torch.float32):
[generate] model denoise per step: 0.5069119930267334s
/workspace/SoulX-FlashHead/flash_head/src/modules/flash_head_model.py:640: FutureWarning: `torch.cuda.amp.autocast(args...)` is deprecated. Please use `torch.amp.autocast('cuda', args...)` instead.
  with amp.autocast(dtype=torch.float32):
[generate] model denoise per step: 0.5067822933197021s
[generate] decode video frames: 1.663677453994751s
[generate] color correction: 0.009434223175048828s
[generate] encode motion frames: 0.15229296684265137s
/workspace/SoulX-FlashHead/flash_head/src/modules/flash_head_model.py:640: FutureWarning: `torch.cuda.amp.autocast(args...)` is deprecated. Please use `torch.amp.autocast('cuda', args...)` instead.
  with amp.autocast(dtype=torch.float32):
[generate] model denoise per step: 0.5055568218231201s
/workspace/SoulX-FlashHead/flash_head/src/modules/flash_head_model.py:640: FutureWarning: `torch.cuda.amp.autocast(args...)` is deprecated. Please use `torch.amp.autocast('cuda', args...)` instead.
  with amp.autocast(dtype=torch.float32):
[generate] model denoise per step: 0.5083153247833252s
/workspace/SoulX-FlashHead/flash_head/src/modules/flash_head_model.py:640: FutureWarning: `torch.cuda.amp.autocast(args...)` is deprecated. Please use `torch.amp.autocast('cuda', args...)` instead.
  with amp.autocast(dtype=torch.float32):
[generate] model denoise per step: 0.5070524215698242s
/workspace/SoulX-FlashHead/flash_head/src/modules/flash_head_model.py:640: FutureWarning: `torch.cuda.amp.autocast(args...)` is deprecated. Please use `torch.amp.autocast('cuda', args...)` instead.
  with amp.autocast(dtype=torch.float32):
[generate] model denoise per step: 0.508171796798706s
[generate] decode video frames: 1.6636707782745361s
[generate] color correction: 0.009464263916015625s
[generate] encode motion frames: 0.1531984806060791s
/workspace/SoulX-FlashHead/flash_head/src/modules/flash_head_model.py:640: FutureWarning: `torch.cuda.amp.autocast(args...)` is deprecated. Please use `torch.amp.autocast('cuda', args...)` instead.
  with amp.autocast(dtype=torch.float32):
[generate] model denoise per step: 0.505925178527832s
/workspace/SoulX-FlashHead/flash_head/src/modules/flash_head_model.py:640: FutureWarning: `torch.cuda.amp.autocast(args...)` is deprecated. Please use `torch.amp.autocast('cuda', args...)` instead.
  with amp.autocast(dtype=torch.float32):
[generate] model denoise per step: 0.5085272789001465s
/workspace/SoulX-FlashHead/flash_head/src/modules/flash_head_model.py:640: FutureWarning: `torch.cuda.amp.autocast(args...)` is deprecated. Please use `torch.amp.autocast('cuda', args...)` instead.
  with amp.autocast(dtype=torch.float32):
[generate] model denoise per step: 0.5067601203918457s
/workspace/SoulX-FlashHead/flash_head/src/modules/flash_head_model.py:640: FutureWarning: `torch.cuda.amp.autocast(args...)` is deprecated. Please use `torch.amp.autocast('cuda', args...)` instead.
  with amp.autocast(dtype=torch.float32):
[generate] model denoise per step: 0.5085642337799072s
[generate] decode video frames: 1.6650402545928955s
[generate] color correction: 0.009565591812133789s
[generate] encode motion frames: 0.15283608436584473s
/workspace/SoulX-FlashHead/flash_head/src/modules/flash_head_model.py:640: FutureWarning: `torch.cuda.amp.autocast(args...)` is deprecated. Please use `torch.amp.autocast('cuda', args...)` instead.
  with amp.autocast(dtype=torch.float32):
[generate] model denoise per step: 0.5067102909088135s
/workspace/SoulX-FlashHead/flash_head/src/modules/flash_head_model.py:640: FutureWarning: `torch.cuda.amp.autocast(args...)` is deprecated. Please use `torch.amp.autocast('cuda', args...)` instead.
  with amp.autocast(dtype=torch.float32):
[generate] model denoise per step: 0.5084996223449707s
/workspace/SoulX-FlashHead/flash_head/src/modules/flash_head_model.py:640: FutureWarning: `torch.cuda.amp.autocast(args...)` is deprecated. Please use `torch.amp.autocast('cuda', args...)` instead.
  with amp.autocast(dtype=torch.float32):
[generate] model denoise per step: 0.5075867176055908s
/workspace/SoulX-FlashHead/flash_head/src/modules/flash_head_model.py:640: FutureWarning: `torch.cuda.amp.autocast(args...)` is deprecated. Please use `torch.amp.autocast('cuda', args...)` instead.
  with amp.autocast(dtype=torch.float32):
[generate] model denoise per step: 0.507664680480957s
[generate] decode video frames: 1.6658680438995361s
[generate] color correction: 0.00950312614440918s
[generate] encode motion frames: 0.15267157554626465s
/workspace/SoulX-FlashHead/flash_head/src/modules/flash_head_model.py:640: FutureWarning: `torch.cuda.amp.autocast(args...)` is deprecated. Please use `torch.amp.autocast('cuda', args...)` instead.
  with amp.autocast(dtype=torch.float32):
[generate] model denoise per step: 0.5067183971405029s
/workspace/SoulX-FlashHead/flash_head/src/modules/flash_head_model.py:640: FutureWarning: `torch.cuda.amp.autocast(args...)` is deprecated. Please use `torch.amp.autocast('cuda', args...)` instead.
  with amp.autocast(dtype=torch.float32):
[generate] model denoise per step: 0.5088422298431396s
/workspace/SoulX-FlashHead/flash_head/src/modules/flash_head_model.py:640: FutureWarning: `torch.cuda.amp.autocast(args...)` is deprecated. Please use `torch.amp.autocast('cuda', args...)` instead.
  with amp.autocast(dtype=torch.float32):
[generate] model denoise per step: 0.506965160369873s
/workspace/SoulX-FlashHead/flash_head/src/modules/flash_head_model.py:640: FutureWarning: `torch.cuda.amp.autocast(args...)` is deprecated. Please use `torch.amp.autocast('cuda', args...)` instead.
  with amp.autocast(dtype=torch.float32):
[generate] model denoise per step: 0.5086143016815186s
[generate] decode video frames: 1.6646358966827393s
[generate] color correction: 0.009578943252563477s
[generate] encode motion frames: 0.15417814254760742s
/workspace/SoulX-FlashHead/flash_head/src/modules/flash_head_model.py:640: FutureWarning: `torch.cuda.amp.autocast(args...)` is deprecated. Please use `torch.amp.autocast('cuda', args...)` instead.
  with amp.autocast(dtype=torch.float32):
[generate] model denoise per step: 0.506054162979126s
/workspace/SoulX-FlashHead/flash_head/src/modules/flash_head_model.py:640: FutureWarning: `torch.cuda.amp.autocast(args...)` is deprecated. Please use `torch.amp.autocast('cuda', args...)` instead.
  with amp.autocast(dtype=torch.float32):
[generate] model denoise per step: 0.5089750289916992s
/workspace/SoulX-FlashHead/flash_head/src/modules/flash_head_model.py:640: FutureWarning: `torch.cuda.amp.autocast(args...)` is deprecated. Please use `torch.amp.autocast('cuda', args...)` instead.
  with amp.autocast(dtype=torch.float32):
[generate] model denoise per step: 0.5079827308654785s
/workspace/SoulX-FlashHead/flash_head/src/modules/flash_head_model.py:640: FutureWarning: `torch.cuda.amp.autocast(args...)` is deprecated. Please use `torch.amp.autocast('cuda', args...)` instead.
  with amp.autocast(dtype=torch.float32):
[generate] model denoise per step: 0.5081148147583008s
[generate] decode video frames: 1.6639399528503418s
[generate] color correction: 0.009521961212158203s
[generate] encode motion frames: 0.15299677848815918s
/workspace/SoulX-FlashHead/flash_head/src/modules/flash_head_model.py:640: FutureWarning: `torch.cuda.amp.autocast(args...)` is deprecated. Please use `torch.amp.autocast('cuda', args...)` instead.
  with amp.autocast(dtype=torch.float32):
[generate] model denoise per step: 0.5067987442016602s
/workspace/SoulX-FlashHead/flash_head/src/modules/flash_head_model.py:640: FutureWarning: `torch.cuda.amp.autocast(args...)` is deprecated. Please use `torch.amp.autocast('cuda', args...)` instead.
  with amp.autocast(dtype=torch.float32):
[generate] model denoise per step: 0.5087699890136719s
/workspace/SoulX-FlashHead/flash_head/src/modules/flash_head_model.py:640: FutureWarning: `torch.cuda.amp.autocast(args...)` is deprecated. Please use `torch.amp.autocast('cuda', args...)` instead.
  with amp.autocast(dtype=torch.float32):
[generate] model denoise per step: 0.5082902908325195s
/workspace/SoulX-FlashHead/flash_head/src/modules/flash_head_model.py:640: FutureWarning: `torch.cuda.amp.autocast(args...)` is deprecated. Please use `torch.amp.autocast('cuda', args...)` instead.
  with amp.autocast(dtype=torch.float32):
[generate] model denoise per step: 0.5085728168487549s
[generate] decode video frames: 1.664015293121338s
[generate] color correction: 0.009493589401245117s
[generate] encode motion frames: 0.15299224853515625s
/workspace/SoulX-FlashHead/flash_head/src/modules/flash_head_model.py:640: FutureWarning: `torch.cuda.amp.autocast(args...)` is deprecated. Please use `torch.amp.autocast('cuda', args...)` instead.
  with amp.autocast(dtype=torch.float32):
[generate] model denoise per step: 0.5064101219177246s
/workspace/SoulX-FlashHead/flash_head/src/modules/flash_head_model.py:640: FutureWarning: `torch.cuda.amp.autocast(args...)` is deprecated. Please use `torch.amp.autocast('cuda', args...)` instead.
  with amp.autocast(dtype=torch.float32):
[generate] model denoise per step: 0.5085761547088623s
/workspace/SoulX-FlashHead/flash_head/src/modules/flash_head_model.py:640: FutureWarning: `torch.cuda.amp.autocast(args...)` is deprecated. Please use `torch.amp.autocast('cuda', args...)` instead.
  with amp.autocast(dtype=torch.float32):
[generate] model denoise per step: 0.5083668231964111s
/workspace/SoulX-FlashHead/flash_head/src/modules/flash_head_model.py:640: FutureWarning: `torch.cuda.amp.autocast(args...)` is deprecated. Please use `torch.amp.autocast('cuda', args...)` instead.
  with amp.autocast(dtype=torch.float32):
[generate] model denoise per step: 0.5085203647613525s
[generate] decode video frames: 1.664759635925293s
[generate] color correction: 0.009570121765136719s
[generate] encode motion frames: 0.15320777893066406s
/workspace/SoulX-FlashHead/flash_head/src/modules/flash_head_model.py:640: FutureWarning: `torch.cuda.amp.autocast(args...)` is deprecated. Please use `torch.amp.autocast('cuda', args...)` instead.
  with amp.autocast(dtype=torch.float32):
[generate] model denoise per step: 0.5065097808837891s
/workspace/SoulX-FlashHead/flash_head/src/modules/flash_head_model.py:640: FutureWarning: `torch.cuda.amp.autocast(args...)` is deprecated. Please use `torch.amp.autocast('cuda', args...)` instead.
  with amp.autocast(dtype=torch.float32):
[generate] model denoise per step: 0.5091304779052734s
/workspace/SoulX-FlashHead/flash_head/src/modules/flash_head_model.py:640: FutureWarning: `torch.cuda.amp.autocast(args...)` is deprecated. Please use `torch.amp.autocast('cuda', args...)` instead.
  with amp.autocast(dtype=torch.float32):
[generate] model denoise per step: 0.5080537796020508s
/workspace/SoulX-FlashHead/flash_head/src/modules/flash_head_model.py:640: FutureWarning: `torch.cuda.amp.autocast(args...)` is deprecated. Please use `torch.amp.autocast('cuda', args...)` instead.
  with amp.autocast(dtype=torch.float32):
[generate] model denoise per step: 0.5092442035675049s
[generate] decode video frames: 1.6651906967163086s
[generate] color correction: 0.00962209701538086s
[generate] encode motion frames: 0.15330958366394043s
/workspace/SoulX-FlashHead/flash_head/src/modules/flash_head_model.py:640: FutureWarning: `torch.cuda.amp.autocast(args...)` is deprecated. Please use `torch.amp.autocast('cuda', args...)` instead.
  with amp.autocast(dtype=torch.float32):
[generate] model denoise per step: 0.5061728954315186s
[generate] model denoise per step: 0.509066104888916s
/workspace/SoulX-FlashHead/flash_head/src/modules/flash_head_model.py:640: FutureWarning: `torch.cuda.amp.autocast(args...)` is deprecated. Please use `torch.amp.autocast('cuda', args...)` instead.
  with amp.autocast(dtype=torch.float32):
[generate] model denoise per step: 0.508124828338623s
/workspace/SoulX-FlashHead/flash_head/src/modules/flash_head_model.py:640: FutureWarning: `torch.cuda.amp.autocast(args...)` is deprecated. Please use `torch.amp.autocast('cuda', args...)` instead.
  with amp.autocast(dtype=torch.float32):
[generate] model denoise per step: 0.5086925029754639s
[generate] decode video frames: 1.6667566299438477s
[generate] color correction: 0.00955963134765625s
[generate] encode motion frames: 0.1531360149383545s
/workspace/SoulX-FlashHead/flash_head/src/modules/flash_head_model.py:640: FutureWarning: `torch.cuda.amp.autocast(args...)` is deprecated. Please use `torch.amp.autocast('cuda', args...)` instead.
  with amp.autocast(dtype=torch.float32):
[generate] model denoise per step: 0.5071532726287842s
/workspace/SoulX-FlashHead/flash_head/src/modules/flash_head_model.py:640: FutureWarning: `torch.cuda.amp.autocast(args...)` is deprecated. Please use `torch.amp.autocast('cuda', args...)` instead.
  with amp.autocast(dtype=torch.float32):
[generate] model denoise per step: 0.50942063331604s
/workspace/SoulX-FlashHead/flash_head/src/modules/flash_head_model.py:640: FutureWarning: `torch.cuda.amp.autocast(args...)` is deprecated. Please use `torch.amp.autocast('cuda', args...)` instead.
  with amp.autocast(dtype=torch.float32):
[generate] model denoise per step: 0.507920503616333s
/workspace/SoulX-FlashHead/flash_head/src/modules/flash_head_model.py:640: FutureWarning: `torch.cuda.amp.autocast(args...)` is deprecated. Please use `torch.amp.autocast('cuda', args...)` instead.
  with amp.autocast(dtype=torch.float32):
[generate] model denoise per step: 0.5093059539794922s
[generate] decode video frames: 1.6664748191833496s
[generate] color correction: 0.009464263916015625s
[generate] encode motion frames: 0.15282821655273438s
/workspace/SoulX-FlashHead/flash_head/src/modules/flash_head_model.py:640: FutureWarning: `torch.cuda.amp.autocast(args...)` is deprecated. Please use `torch.amp.autocast('cuda', args...)` instead.
  with amp.autocast(dtype=torch.float32):
[generate] model denoise per step: 0.5071141719818115s
/workspace/SoulX-FlashHead/flash_head/src/modules/flash_head_model.py:640: FutureWarning: `torch.cuda.amp.autocast(args...)` is deprecated. Please use `torch.amp.autocast('cuda', args...)` instead.
  with amp.autocast(dtype=torch.float32):
[generate] model denoise per step: 0.5091063976287842s
/workspace/SoulX-FlashHead/flash_head/src/modules/flash_head_model.py:640: FutureWarning: `torch.cuda.amp.autocast(args...)` is deprecated. Please use `torch.amp.autocast('cuda', args...)` instead.
  with amp.autocast(dtype=torch.float32):
[generate] model denoise per step: 0.5086064338684082s
/workspace/SoulX-FlashHead/flash_head/src/modules/flash_head_model.py:640: FutureWarning: `torch.cuda.amp.autocast(args...)` is deprecated. Please use `torch.amp.autocast('cuda', args...)` instead.
  with amp.autocast(dtype=torch.float32):
[generate] model denoise per step: 0.5086228847503662s
[generate] decode video frames: 1.6669752597808838s
[generate] color correction: 0.009538888931274414s
[generate] encode motion frames: 0.15320038795471191s
/workspace/SoulX-FlashHead/flash_head/src/modules/flash_head_model.py:640: FutureWarning: `torch.cuda.amp.autocast(args...)` is deprecated. Please use `torch.amp.autocast('cuda', args...)` instead.
  with amp.autocast(dtype=torch.float32):
[generate] model denoise per step: 0.5078544616699219s
/workspace/SoulX-FlashHead/flash_head/src/modules/flash_head_model.py:640: FutureWarning: `torch.cuda.amp.autocast(args...)` is deprecated. Please use `torch.amp.autocast('cuda', args...)` instead.
  with amp.autocast(dtype=torch.float32):
[generate] model denoise per step: 0.5095701217651367s
/workspace/SoulX-FlashHead/flash_head/src/modules/flash_head_model.py:640: FutureWarning: `torch.cuda.amp.autocast(args...)` is deprecated. Please use `torch.amp.autocast('cuda', args...)` instead.
  with amp.autocast(dtype=torch.float32):
[generate] model denoise per step: 0.5092124938964844s
/workspace/SoulX-FlashHead/flash_head/src/modules/flash_head_model.py:640: FutureWarning: `torch.cuda.amp.autocast(args...)` is deprecated. Please use `torch.amp.autocast('cuda', args...)` instead.
  with amp.autocast(dtype=torch.float32):
[generate] model denoise per step: 0.5088446140289307s
[generate] decode video frames: 1.6668050289154053s
[generate] color correction: 0.009543180465698242s
[generate] encode motion frames: 0.1530148983001709s
/workspace/SoulX-FlashHead/flash_head/src/modules/flash_head_model.py:640: FutureWarning: `torch.cuda.amp.autocast(args...)` is deprecated. Please use `torch.amp.autocast('cuda', args...)` instead.
  with amp.autocast(dtype=torch.float32):
[generate] model denoise per step: 0.5066149234771729s
/workspace/SoulX-FlashHead/flash_head/src/modules/flash_head_model.py:640: FutureWarning: `torch.cuda.amp.autocast(args...)` is deprecated. Please use `torch.amp.autocast('cuda', args...)` instead.
  with amp.autocast(dtype=torch.float32):
[generate] model denoise per step: 0.5091245174407959s
/workspace/SoulX-FlashHead/flash_head/src/modules/flash_head_model.py:640: FutureWarning: `torch.cuda.amp.autocast(args...)` is deprecated. Please use `torch.amp.autocast('cuda', args...)` instead.
  with amp.autocast(dtype=torch.float32):
[generate] model denoise per step: 0.5079684257507324s
[generate] model denoise per step: 0.5086402893066406s
[generate] decode video frames: 1.6658427715301514s
[generate] color correction: 0.009522199630737305s
[generate] encode motion frames: 0.1530754566192627s
/workspace/SoulX-FlashHead/flash_head/src/modules/flash_head_model.py:640: FutureWarning: `torch.cuda.amp.autocast(args...)` is deprecated. Please use `torch.amp.autocast('cuda', args...)` instead.
  with amp.autocast(dtype=torch.float32):
[generate] model denoise per step: 0.5069198608398438s
/workspace/SoulX-FlashHead/flash_head/src/modules/flash_head_model.py:640: FutureWarning: `torch.cuda.amp.autocast(args...)` is deprecated. Please use `torch.amp.autocast('cuda', args...)` instead.
  with amp.autocast(dtype=torch.float32):
[generate] model denoise per step: 0.5092957019805908s
/workspace/SoulX-FlashHead/flash_head/src/modules/flash_head_model.py:640: FutureWarning: `torch.cuda.amp.autocast(args...)` is deprecated. Please use `torch.amp.autocast('cuda', args...)` instead.
  with amp.autocast(dtype=torch.float32):
[generate] model denoise per step: 0.508272647857666s
/workspace/SoulX-FlashHead/flash_head/src/modules/flash_head_model.py:640: FutureWarning: `torch.cuda.amp.autocast(args...)` is deprecated. Please use `torch.amp.autocast('cuda', args...)` instead.
  with amp.autocast(dtype=torch.float32):
[generate] model denoise per step: 0.5088324546813965s
[generate] decode video frames: 1.6665828227996826s
[generate] color correction: 0.009552955627441406s
[generate] encode motion frames: 0.15295886993408203s
/workspace/SoulX-FlashHead/flash_head/src/modules/flash_head_model.py:640: FutureWarning: `torch.cuda.amp.autocast(args...)` is deprecated. Please use `torch.amp.autocast('cuda', args...)` instead.
  with amp.autocast(dtype=torch.float32):
[generate] model denoise per step: 0.5072755813598633s
/workspace/SoulX-FlashHead/flash_head/src/modules/flash_head_model.py:640: FutureWarning: `torch.cuda.amp.autocast(args...)` is deprecated. Please use `torch.amp.autocast('cuda', args...)` instead.
  with amp.autocast(dtype=torch.float32):
[generate] model denoise per step: 0.509636640548706s
/workspace/SoulX-FlashHead/flash_head/src/modules/flash_head_model.py:640: FutureWarning: `torch.cuda.amp.autocast(args...)` is deprecated. Please use `torch.amp.autocast('cuda', args...)` instead.
  with amp.autocast(dtype=torch.float32):
[generate] model denoise per step: 0.5084574222564697s
/workspace/SoulX-FlashHead/flash_head/src/modules/flash_head_model.py:640: FutureWarning: `torch.cuda.amp.autocast(args...)` is deprecated. Please use `torch.amp.autocast('cuda', args...)` instead.
  with amp.autocast(dtype=torch.float32):
[generate] model denoise per step: 0.5089190006256104s
[generate] decode video frames: 1.6663358211517334s
[generate] color correction: 0.00950002670288086s
[generate] encode motion frames: 0.15286803245544434s
/workspace/SoulX-FlashHead/flash_head/src/modules/flash_head_model.py:640: FutureWarning: `torch.cuda.amp.autocast(args...)` is deprecated. Please use `torch.amp.autocast('cuda', args...)` instead.
  with amp.autocast(dtype=torch.float32):
[generate] model denoise per step: 0.5072228908538818s
/workspace/SoulX-FlashHead/flash_head/src/modules/flash_head_model.py:640: FutureWarning: `torch.cuda.amp.autocast(args...)` is deprecated. Please use `torch.amp.autocast('cuda', args...)` instead.
  with amp.autocast(dtype=torch.float32):
[generate] model denoise per step: 0.5099186897277832s
/workspace/SoulX-FlashHead/flash_head/src/modules/flash_head_model.py:640: FutureWarning: `torch.cuda.amp.autocast(args...)` is deprecated. Please use `torch.amp.autocast('cuda', args...)` instead.
  with amp.autocast(dtype=torch.float32):
[generate] model denoise per step: 0.5081965923309326s
/workspace/SoulX-FlashHead/flash_head/src/modules/flash_head_model.py:640: FutureWarning: `torch.cuda.amp.autocast(args...)` is deprecated. Please use `torch.amp.autocast('cuda', args...)` instead.
  with amp.autocast(dtype=torch.float32):
[generate] model denoise per step: 0.5092735290527344s
[generate] decode video frames: 1.6675143241882324s
[generate] color correction: 0.009469032287597656s
[generate] encode motion frames: 0.1535501480102539s
/workspace/SoulX-FlashHead/flash_head/src/modules/flash_head_model.py:640: FutureWarning: `torch.cuda.amp.autocast(args...)` is deprecated. Please use `torch.amp.autocast('cuda', args...)` instead.
  with amp.autocast(dtype=torch.float32):
[generate] model denoise per step: 0.5072596073150635s
/workspace/SoulX-FlashHead/flash_head/src/modules/flash_head_model.py:640: FutureWarning: `torch.cuda.amp.autocast(args...)` is deprecated. Please use `torch.amp.autocast('cuda', args...)` instead.
  with amp.autocast(dtype=torch.float32):
[generate] model denoise per step: 0.509002685546875s
/workspace/SoulX-FlashHead/flash_head/src/modules/flash_head_model.py:640: FutureWarning: `torch.cuda.amp.autocast(args...)` is deprecated. Please use `torch.amp.autocast('cuda', args...)` instead.
  with amp.autocast(dtype=torch.float32):
[generate] model denoise per step: 0.5085017681121826s
/workspace/SoulX-FlashHead/flash_head/src/modules/flash_head_model.py:640: FutureWarning: `torch.cuda.amp.autocast(args...)` is deprecated. Please use `torch.amp.autocast('cuda', args...)` instead.
  with amp.autocast(dtype=torch.float32):
[generate] model denoise per step: 0.5084505081176758s
[generate] decode video frames: 1.6678345203399658s
[generate] color correction: 0.009527206420898438s
[generate] encode motion frames: 0.15256595611572266s
{"output": "benchmarks/pro_quantization_20260918/stock-seed50", "runs": [{"repeat": 0, "generation_s": 35.38973856699886, "useful_fps": 7.064194597728012, "chunk_times_s": [3.887311086989939, 3.886054052039981, 3.9275928679853678, 3.9594616619870067, 3.9314709519967437, 3.9279697189922445, 3.9831249300041236, 3.9526900830096565, 3.9334871570463292], "stage_seconds": {"audio": 0.07167145681381226, "dit": 18.2004514465332, "vae_decode": 14.947578491210937, "motion_encode": 1.3712457580566406}, "peak_allocated_mib": 5397.4921875, "peak_reserved_mib": 6620.0, "resource_summary": {"sample_count": 67, "gpu_utilization_percent": {"mean": 98.29850746268657, "min": 54.0, "max": 100.0}, "gpu_vram_used_mib": {"mean": 9582.0, "min": 9582.0, "max": 9582.0}, "system_cpu_percent": {"mean": 3.5701492537313437, "min": 0.0, "max": 6.5}, "process_cpu_percent": {"mean": 98.60746268656716, "min": 0.0, "max": 102.9}, "system_ram_used_mib": {"mean": 9663.747784514926, "min": 9602.078125, "max": 9745.02734375}, "system_ram_percent": {"mean": 31.22537313432838, "min": 31.0, "max": 31.5}, "process_rss_mib": {"mean": 2967.1795125932836, "min": 2906.22265625, "max": 3028.2265625}, "torch_allocated_mib": {"mean": 3866.3923084771454, "min": 3508.1728515625, "max": 4747.2236328125}, "torch_reserved_mib": {"mean": 6620.0, "min": 6620.0, "max": 6620.0}}}, {"repeat": 1, "generation_s": 34.887417471036315, "useful_fps": 7.165907313361647, "chunk_times_s": [3.8704608969856054, 3.8750831719953567, 3.875476303976029, 3.876636850007344, 3.87786192499334, 3.8758163579623215, 3.8775535610038787, 3.877940588979982, 3.8800921280053444], "stage_seconds": {"audio": 0.07134761667251587, "dit": 18.26949209594726, "vae_decode": 14.980344360351562, "motion_encode": 1.3774239959716796}, "peak_allocated_mib": 5397.4921875, "peak_reserved_mib": 6620.0, "resource_summary": {"sample_count": 66, "gpu_utilization_percent": {"mean": 98.21212121212122, "min": 0.0, "max": 100.0}, "gpu_vram_used_mib": {"mean": 9582.0, "min": 9582.0, "max": 9582.0}, "system_cpu_percent": {"mean": 3.5242424242424235, "min": 0.0, "max": 6.3}, "process_cpu_percent": {"mean": 98.6, "min": 0.0, "max": 102.4}, "system_ram_used_mib": {"mean": 9738.502130681818, "min": 9704.796875, "max": 9761.0390625}, "system_ram_percent": {"mean": 31.471212121212126, "min": 31.4, "max": 31.5}, "process_rss_mib": {"mean": 3007.8677201704545, "min": 2989.48046875, "max": 3048.4140625}, "torch_allocated_mib": {"mean": 3861.647468335701, "min": 3510.05859375, "max": 4731.3486328125}, "torch_reserved_mib": {"mean": 6620.0, "min": 6620.0, "max": 6620.0}}}, {"repeat": 2, "generation_s": 34.934263647999614, "useful_fps": 7.156297969209246, "chunk_times_s": [3.880383196985349, 3.881166871986352, 3.8816352599533275, 3.8833556399913505, 3.879276469000615, 3.8809869699762203, 3.881416904972866, 3.8837217210093513, 3.8818555679754354], "stage_seconds": {"audio": 0.07275923252105714, "dit": 18.29883157348633, "vae_decode": 15.000686401367187, "motion_encode": 1.37694792175293}, "peak_allocated_mib": 5397.4921875, "peak_reserved_mib": 6620.0, "resource_summary": {"sample_count": 66, "gpu_utilization_percent": {"mean": 99.66666666666667, "min": 93.0, "max": 100.0}, "gpu_vram_used_mib": {"mean": 9582.0, "min": 9582.0, "max": 9582.0}, "system_cpu_percent": {"mean": 3.7015151515151516, "min": 0.0, "max": 7.1}, "process_cpu_percent": {"mean": 136.71969696969694, "min": 98.0, "max": 2517.4}, "system_ram_used_mib": {"mean": 9789.744673295454, "min": 9749.6171875, "max": 9806.5546875}, "system_ram_percent": {"mean": 31.618181818181807, "min": 31.5, "max": 31.7}, "process_rss_mib": {"mean": 3004.08203125, "min": 3004.0546875, "max": 3004.3125}, "torch_allocated_mib": {"mean": 3877.175381747159, "min": 3508.0849609375, "max": 4887.87744140625}, "torch_reserved_mib": {"mean": 6620.0, "min": 6620.0, "max": 6620.0}}}]}
