{"execution": "fresh GPU Wan decode; identical captured latents", "gpu": "NVIDIA GeForce RTX 4070 SUPER, 12282 MiB, 2727 MiB, 595.84, 0 %", "physical_vram_class": "12 GB", "co_residents": ["157695, .venv/bin/python, 2478 MiB", "246436, /workspace/experiments/ltx23-soulx-transfer/.venv/bin/python, 234 MiB"], "torch": "2.7.1+cu128", "cuda": "12.8", "mode": "channels_last", "baseline_seconds": [1.659629397036042, 1.660442130989395, 1.6606036860030144], "policy": {"mode": "channels_last", "compiled_modules": [], "precision_changed": false}, "candidate_seconds": [1.5031726130400784, 1.507234887976665, 1.505061066010967], "candidate_warmup_and_measure_s": 6.0185210859635845, "status": "complete", "shape": [1, 3, 33, 576, 320], "finite": true, "mean_abs": 0.0005587531486526132, "max_abs": 0.033203125, "relative_l2": 0.0023132837377488613, "peak_allocated_mib": 2174.05712890625, "peak_reserved_mib": 3198.0}
{'mode': 'channels_last', 'exit_code': 0}
Traceback (most recent call last):
  File "/workspace/SoulX-FlashHead/benchmarks/pro_quantization_20260918/vae_trial.py", line 61, in <module>
    main()
  File "/workspace/SoulX-FlashHead/benchmarks/pro_quantization_20260918/vae_trial.py", line 46, in main
    actual, result["candidate_seconds"] = measure()
  File "/workspace/SoulX-FlashHead/benchmarks/pro_quantization_20260918/vae_trial.py", line 34, in measure
    vae.decode(x)
  File "/workspace/SoulX-FlashHead/flash_head/wan/modules/vae.py", line 1571, in decode
    images = decode_func(zs.unsqueeze(0), self.scale).clamp_(-1, 1)
  File "/workspace/SoulX-FlashHead/flash_head/wan/modules/vae.py", line 819, in decode
    out = self.decoder(
  File "/workspace/SoulX-FlashHead/.venv/lib/python3.10/site-packages/torch/nn/modules/module.py", line 1751, in _wrapped_call_impl
    return self._call_impl(*args, **kwargs)
  File "/workspace/SoulX-FlashHead/.venv/lib/python3.10/site-packages/torch/nn/modules/module.py", line 1762, in _call_impl
    return forward_call(*args, **kwargs)
  File "/workspace/SoulX-FlashHead/flash_head/wan/modules/vae.py", line 500, in forward
    x = layer(x, feat_cache, feat_idx)
  File "/workspace/SoulX-FlashHead/.venv/lib/python3.10/site-packages/torch/nn/modules/module.py", line 1751, in _wrapped_call_impl
    return self._call_impl(*args, **kwargs)
  File "/workspace/SoulX-FlashHead/.venv/lib/python3.10/site-packages/torch/nn/modules/module.py", line 1762, in _call_impl
    return forward_call(*args, **kwargs)
  File "/workspace/SoulX-FlashHead/flash_head/wan/modules/vae.py", line 247, in forward
    x = layer(x)
  File "/workspace/SoulX-FlashHead/.venv/lib/python3.10/site-packages/torch/nn/modules/module.py", line 1751, in _wrapped_call_impl
    return self._call_impl(*args, **kwargs)
  File "/workspace/SoulX-FlashHead/.venv/lib/python3.10/site-packages/torch/nn/modules/module.py", line 1762, in _call_impl
    return forward_call(*args, **kwargs)
  File "/workspace/SoulX-FlashHead/.venv/lib/python3.10/site-packages/torch/_dynamo/eval_frame.py", line 659, in _fn
    raise e.with_traceback(None) from None
torch._dynamo.exc.Unsupported: Data dependent operator
  Explanation: Operator `aten._local_scalar_dense.default` has a non-Tensor output whose value is dependent on the data of Tensor inputs.
  Hint: Enable tracing of data-dependent output operators with `torch._dynamo.config.capture_scalar_outputs = True`

  Developer debug context: aten._local_scalar_dense.default


from user code:
   File "/workspace/SoulX-FlashHead/flash_head/wan/modules/vae.py", line 58, in forward
    F.normalize(x, dim=(1 if self.channel_first else -1))

Set TORCHDYNAMO_VERBOSE=1 for the internal stack trace (please do this especially if you're reporting a bug to PyTorch). For even more developer context, set TORCH_LOGS="+dynamo"

{'mode': 'pointwise', 'exit_code': 1}
W0918 00:35:18.620000 333931 .venv/lib/python3.10/site-packages/torch/_inductor/utils.py:1250] [0/0] Not enough SMs to use max_autotune_gemm mode
{"execution": "fresh GPU Wan decode; identical captured latents", "gpu": "NVIDIA GeForce RTX 4070 SUPER, 12282 MiB, 2727 MiB, 595.84, 0 %", "physical_vram_class": "12 GB", "co_residents": ["157695, .venv/bin/python, 2478 MiB", "246436, /workspace/experiments/ltx23-soulx-transfer/.venv/bin/python, 234 MiB"], "torch": "2.7.1+cu128", "cuda": "12.8", "mode": "compiled", "baseline_seconds": [1.6617835909710266, 1.6628986629657447, 1.6638793340534903], "policy": {"mode": "compiled", "compiled_modules": ["vae.decode"], "precision_changed": false}, "candidate_seconds": [1.4470892659737729, 1.4506927520269528, 1.4515282040229067], "candidate_warmup_and_measure_s": 53.90342503396096, "status": "complete", "shape": [1, 3, 33, 576, 320], "finite": true, "mean_abs": 0.001170776435174048, "max_abs": 0.0625, "relative_l2": 0.0035173711366951466, "peak_allocated_mib": 4334.04345703125, "peak_reserved_mib": 5256.0}
{'mode': 'compiled', 'exit_code': 0}
