{
  "output": "benchmarks/pro_30fps_20260920/matrix/stackedA__tts-plosives",
  "runs": [
    {
      "repeat": 0,
      "generation_s": 16.231481285998598,
      "useful_fps": 15.402167897987963,
      "first_window_latency_s": 1.7930072599556297,
      "chunk_times_s": [
        1.7930072599556297,
        1.7801867839880288,
        1.8026275780284777,
        1.7904673999873921,
        1.788626138935797,
        1.7886414650129154,
        1.7956805429421365,
        1.7831734860083088,
        1.793179158004932
      ],
      "chunk_distribution_s": {
        "count": 9,
        "min": 1.7801867839880288,
        "p50": 1.7904673999873921,
        "p95": 1.7998487639939413,
        "p99": 1.8020718152215704,
        "max": 1.8026275780284777
      },
      "stage_seconds": {
        "audio": 0.07471756839752197,
        "dit": 3.8221130828857426,
        "vae_decode": 10.939912475585938,
        "motion_encode": 1.0826572723388672
      },
      "peak_allocated_mib": 4904.08251953125,
      "peak_reserved_mib": 8234.0,
      "resource_summary": {
        "sample_count": 23,
        "gpu_utilization_percent": {
          "mean": 97.8695652173913,
          "min": 82.0,
          "max": 100.0
        },
        "gpu_vram_used_mib": {
          "mean": 11330.869565217392,
          "min": 10654.0,
          "max": 11810.0
        },
        "system_cpu_percent": {
          "mean": 4.6173913043478265,
          "min": 0.0,
          "max": 7.5
        },
        "process_cpu_percent": {
          "mean": 96.55217391304348,
          "min": 0.0,
          "max": 111.6
        },
        "system_ram_used_mib": {
          "mean": 22806.684103260868,
          "min": 22762.33203125,
          "max": 22830.453125
        },
        "system_ram_percent": {
          "mean": 73.6826086956522,
          "min": 73.5,
          "max": 73.8
        },
        "process_rss_mib": {
          "mean": 5033.190557065217,
          "min": 4996.60546875,
          "max": 5043.8203125
        },
        "torch_allocated_mib": {
          "mean": 3746.2409986413045,
          "min": 3031.40625,
          "max": 4882.4619140625
        },
        "torch_reserved_mib": {
          "mean": 7474.695652173913,
          "min": 6802.0,
          "max": 7910.0
        }
      }
    }
  ]
}
