{
  "output": "benchmarks/pro_30fps_20260921/probe-frames2",
  "runs": [
    {
      "repeat": 0,
      "generation_s": 4.605843015015125,
      "useful_fps": 18.237703657323664,
      "first_window_latency_s": 1.5088570510270074,
      "chunk_times_s": [
        1.5088570510270074,
        1.5123116089962423,
        1.5199978509917855
      ],
      "chunk_distribution_s": {
        "count": 3,
        "min": 1.5088570510270074,
        "p50": 1.5123116089962423,
        "p95": 1.5192292267922312,
        "p99": 1.5198441261518747,
        "max": 1.5199978509917855
      },
      "stage_seconds": {
        "audio": 0.023909727573394778,
        "dit": 1.2807701721191407,
        "vae_decode": 2.6382448120117186,
        "motion_encode": 0.47247637939453124
      },
      "peak_allocated_mib": 6049.95947265625,
      "peak_reserved_mib": 11152.0,
      "resource_summary": {
        "sample_count": 6,
        "gpu_utilization_percent": {
          "mean": 100.0,
          "min": 100.0,
          "max": 100.0
        },
        "gpu_vram_used_mib": {
          "mean": 8905.0,
          "min": 8691.0,
          "max": 9269.0
        },
        "system_cpu_percent": {
          "mean": 4.45,
          "min": 0.0,
          "max": 7.6
        },
        "process_cpu_percent": {
          "mean": 87.2,
          "min": 0.0,
          "max": 111.4
        },
        "system_ram_used_mib": {
          "mean": 20973.153645833332,
          "min": 20943.7265625,
          "max": 20999.734375
        },
        "system_ram_percent": {
          "mean": 67.75,
          "min": 67.7,
          "max": 67.8
        },
        "process_rss_mib": {
          "mean": 3252.9296875,
          "min": 3217.80078125,
          "max": 3278.328125
        },
        "torch_allocated_mib": {
          "mean": 4660.352620442708,
          "min": 4635.099609375,
          "max": 4679.767578125
        },
        "torch_reserved_mib": {
          "mean": 7369.333333333333,
          "min": 6346.0,
          "max": 8376.0
        }
      }
    }
  ]
}
