{
  "output": "benchmarks/pro_30fps_20260921/adv-roundup4-r01",
  "runs": [
    {
      "repeat": 0,
      "generation_s": 14.429059657966718,
      "useful_fps": 17.326146396654995,
      "first_window_latency_s": 1.609123419970274,
      "chunk_times_s": [
        1.609123419970274,
        1.4730742879910395,
        1.5400227979989722,
        1.5517967969644815,
        1.5688984870212153,
        1.5667102560400963,
        1.6143354759551585,
        1.5667783869430423,
        1.6550787719897926
      ],
      "chunk_distribution_s": {
        "count": 9,
        "min": 1.4730742879910395,
        "p50": 1.5667783869430423,
        "p95": 1.6387814535759389,
        "p99": 1.6518193083070218,
        "max": 1.6550787719897926
      },
      "stage_seconds": {
        "audio": 0.0746976318359375,
        "dit": 3.768962875366211,
        "vae_decode": 8.297232360839844,
        "motion_encode": 1.4899271087646486
      },
      "peak_allocated_mib": 6748.4013671875,
      "peak_reserved_mib": 11044.0,
      "resource_summary": {
        "sample_count": 21,
        "gpu_utilization_percent": {
          "mean": 98.95238095238095,
          "min": 79.0,
          "max": 100.0
        },
        "gpu_vram_used_mib": {
          "mean": 11314.619047619048,
          "min": 9269.0,
          "max": 11870.0
        },
        "system_cpu_percent": {
          "mean": 7.619047619047619,
          "min": 0.0,
          "max": 13.9
        },
        "process_cpu_percent": {
          "mean": 100.21904761904764,
          "min": 0.0,
          "max": 121.9
        },
        "system_ram_used_mib": {
          "mean": 19190.025297619046,
          "min": 17941.0546875,
          "max": 20455.79296875
        },
        "system_ram_percent": {
          "mean": 61.995238095238086,
          "min": 58.0,
          "max": 66.1
        },
        "process_rss_mib": {
          "mean": 3280.7684151785716,
          "min": 3192.234375,
          "max": 3347.78515625
        },
        "torch_allocated_mib": {
          "mean": 5407.967819940476,
          "min": 5121.7138671875,
          "max": 6264.4638671875
        },
        "torch_reserved_mib": {
          "mean": 9754.095238095239,
          "min": 7232.0,
          "max": 10720.0
        }
      }
    }
  ]
}
