{
  "output": "benchmarks/pro_30fps_20260921/p2-f0fix-clean",
  "runs": [
    {
      "repeat": 0,
      "generation_s": 13.223789209965616,
      "useful_fps": 18.90532252371331,
      "first_window_latency_s": 1.5789751489646733,
      "chunk_times_s": [
        1.5789751489646733,
        1.417588475975208,
        1.4421925189672038,
        1.4408339490182698,
        1.4568878510035574,
        1.4420399239752442,
        1.4400363370077685,
        1.4456805770751089,
        1.438196265953593
      ],
      "chunk_distribution_s": {
        "count": 9,
        "min": 1.417588475975208,
        "p50": 1.4420399239752442,
        "p95": 1.530140229780227,
        "p99": 1.569208165127784,
        "max": 1.5789751489646733
      },
      "stage_seconds": {
        "audio": 0.07223798370361327,
        "dit": 3.565537490844727,
        "vae_decode": 8.139979064941405,
        "motion_encode": 1.122291877746582
      },
      "peak_allocated_mib": 6010.2265625,
      "peak_reserved_mib": 11136.0,
      "resource_summary": {
        "sample_count": 18,
        "gpu_utilization_percent": {
          "mean": 98.11111111111111,
          "min": 83.0,
          "max": 100.0
        },
        "gpu_vram_used_mib": {
          "mean": 8786.666666666666,
          "min": 7583.0,
          "max": 9731.0
        },
        "system_cpu_percent": {
          "mean": 4.9222222222222225,
          "min": 0.0,
          "max": 8.6
        },
        "process_cpu_percent": {
          "mean": 293.09999999999997,
          "min": 98.6,
          "max": 3520.1
        },
        "system_ram_used_mib": {
          "mean": 20211.260416666668,
          "min": 20151.83984375,
          "max": 20387.19921875
        },
        "system_ram_percent": {
          "mean": 65.31111111111115,
          "min": 65.1,
          "max": 65.9
        },
        "process_rss_mib": {
          "mean": 5075.822916666667,
          "min": 5005.76953125,
          "max": 5130.21484375
        },
        "torch_allocated_mib": {
          "mean": 4738.046278211806,
          "min": 4576.66015625,
          "max": 5608.6884765625
        },
        "torch_reserved_mib": {
          "mean": 7250.444444444444,
          "min": 5852.0,
          "max": 9022.0
        }
      }
    }
  ]
}
