[generate] model denoise per step: 42.68632984161377s
[generate] model denoise per step: 0.28816962242126465s
[generate] model denoise per step: 0.2912254333496094s
[generate] model denoise per step: 0.2928578853607178s
[generate] decode video frames: 6.009755849838257s
[generate] color correction: 0.011934518814086914s
[generate] encode motion frames: 0.15251708030700684s
[generate] model denoise per step: 0.29160332679748535s
[generate] model denoise per step: 0.2946798801422119s
[generate] model denoise per step: 0.29523706436157227s
[generate] model denoise per step: 0.29212379455566406s
[generate] decode video frames: 1.4471538066864014s
[generate] color correction: 0.009769439697265625s
[generate] encode motion frames: 0.15337347984313965s
[generate] model denoise per step: 0.29048848152160645s
[generate] model denoise per step: 0.29256463050842285s
[generate] model denoise per step: 0.2952587604522705s
[generate] model denoise per step: 0.2928476333618164s
[generate] decode video frames: 1.447845458984375s
[generate] color correction: 0.009794950485229492s
[generate] encode motion frames: 0.15299296379089355s
[generate] model denoise per step: 0.2909519672393799s
[generate] model denoise per step: 0.29498863220214844s
[generate] model denoise per step: 0.29522085189819336s
[generate] model denoise per step: 0.2960362434387207s
[generate] decode video frames: 1.4510836601257324s
[generate] color correction: 0.009729146957397461s
[generate] encode motion frames: 0.15344977378845215s
[generate] model denoise per step: 0.29108309745788574s
[generate] model denoise per step: 0.2918968200683594s
[generate] model denoise per step: 0.2942502498626709s
[generate] model denoise per step: 0.2963237762451172s
[generate] decode video frames: 1.449575662612915s
[generate] color correction: 0.009791374206542969s
[generate] encode motion frames: 0.15290045738220215s
[generate] model denoise per step: 0.29139113426208496s
[generate] model denoise per step: 0.29270195960998535s
[generate] model denoise per step: 0.29584527015686035s
[generate] model denoise per step: 0.2954273223876953s
[generate] decode video frames: 1.4513635635375977s
[generate] color correction: 0.009704828262329102s
[generate] encode motion frames: 0.15356159210205078s
[generate] model denoise per step: 0.2914857864379883s
[generate] model denoise per step: 0.2928633689880371s
[generate] model denoise per step: 0.29378509521484375s
[generate] model denoise per step: 0.29552721977233887s
[generate] decode video frames: 1.4516875743865967s
[generate] color correction: 0.009810686111450195s
[generate] encode motion frames: 0.15354299545288086s
[generate] model denoise per step: 0.2915346622467041s
[generate] model denoise per step: 0.29259467124938965s
[generate] model denoise per step: 0.2946622371673584s
[generate] model denoise per step: 0.2943437099456787s
[generate] decode video frames: 1.453101634979248s
[generate] color correction: 0.009677648544311523s
[generate] encode motion frames: 0.15323305130004883s
[generate] model denoise per step: 0.29048728942871094s
[generate] model denoise per step: 0.29555201530456543s
[generate] model denoise per step: 0.29698967933654785s
[generate] model denoise per step: 0.2936718463897705s
[generate] decode video frames: 1.4528255462646484s
[generate] color correction: 0.009872913360595703s
[generate] encode motion frames: 0.1538095474243164s
[generate] model denoise per step: 0.291351318359375s
[generate] model denoise per step: 0.29247260093688965s
[generate] model denoise per step: 0.29430460929870605s
[generate] model denoise per step: 0.295452356338501s
[generate] decode video frames: 1.451653242111206s
[generate] color correction: 0.009771108627319336s
[generate] encode motion frames: 0.15357756614685059s
[generate] model denoise per step: 0.2912931442260742s
[generate] model denoise per step: 0.2925686836242676s
[generate] model denoise per step: 0.29453301429748535s
[generate] model denoise per step: 0.29605770111083984s
[generate] decode video frames: 1.4502997398376465s
[generate] color correction: 0.00974273681640625s
[generate] encode motion frames: 0.1531846523284912s
{
  "output": "benchmarks/pro_quantization_v2_20260918/runs/fixed-self-all-fp8-seed50-r01",
  "runs": [
    {
      "repeat": 0,
      "generation_s": 25.400343641988,
      "useful_fps": 9.842386525304242,
      "first_window_latency_s": 2.8027286430005915,
      "chunk_times_s": [
        2.8027286430005915,
        2.811269513971638,
        2.806151227967348,
        2.8098328879568726,
        2.8087637450080365,
        2.8097065160400234,
        2.813772104040254,
        2.808900645992253,
        2.8076341039850377
      ],
      "chunk_distribution_s": {
        "count": 9,
        "min": 2.8027286430005915,
        "p50": 2.808900645992253,
        "p95": 2.8127710680128075,
        "p99": 2.8135718968347647,
        "max": 2.813772104040254
      },
      "stage_seconds": {
        "audio": 0.07280758380889892,
        "dit": 10.563753173828125,
        "vae_decode": 13.058838745117187,
        "motion_encode": 1.3798880767822268
      },
      "peak_allocated_mib": 6582.63330078125,
      "peak_reserved_mib": 7706.0,
      "resource_summary": {
        "sample_count": 47,
        "gpu_utilization_percent": {
          "mean": 99.44680851063829,
          "min": 85.0,
          "max": 100.0
        },
        "gpu_vram_used_mib": {
          "mean": 10670.0,
          "min": 10670.0,
          "max": 10670.0
        },
        "system_cpu_percent": {
          "mean": 6.278723404255321,
          "min": 0.0,
          "max": 11.3
        },
        "process_cpu_percent": {
          "mean": 156.8744680851064,
          "min": 98.6,
          "max": 2697.8
        },
        "system_ram_used_mib": {
          "mean": 15710.22307180851,
          "min": 15582.95703125,
          "max": 15787.6953125
        },
        "system_ram_percent": {
          "mean": 50.75531914893619,
          "min": 50.3,
          "max": 51.0
        },
        "process_rss_mib": {
          "mean": 5109.274019281915,
          "min": 5031.21875,
          "max": 5128.4609375
        },
        "torch_allocated_mib": {
          "mean": 3334.330026180186,
          "min": 2515.0908203125,
          "max": 6430.30322265625
        },
        "torch_reserved_mib": {
          "mean": 7706.0,
          "min": 7706.0,
          "max": 7706.0
        }
      }
    }
  ]
}
