{
  "output": "benchmarks/pro_30fps_20260922/skip-tail1213-r01",
  "runs": [
    {
      "repeat": 0,
      "generation_s": 11.638846636051312,
      "useful_fps": 21.479791582236793,
      "first_window_latency_s": 1.3855192830087617,
      "chunk_times_s": [
        1.3855192830087617,
        1.2675619669025764,
        1.2621037350036204,
        1.2636999390088022,
        1.2676834759768099,
        1.265902240993455,
        1.2689929510233924,
        1.269702838966623,
        1.2710087039740756
      ],
      "chunk_distribution_s": {
        "count": 9,
        "min": 1.2621037350036204,
        "p50": 1.2676834759768099,
        "p95": 1.3397150513948872,
        "p99": 1.376358436685987,
        "max": 1.3855192830087617
      },
      "stage_seconds": {
        "audio": 0.07314499235153199,
        "dit": 3.56047119140625,
        "vae_decode": 6.5818447265625,
        "motion_encode": 1.1106742706298827
      },
      "peak_allocated_mib": 8281.30029296875,
      "peak_reserved_mib": 9740.0,
      "resource_summary": {
        "sample_count": 22,
        "gpu_utilization_percent": {
          "mean": 98.95454545454545,
          "min": 84.0,
          "max": 100.0
        },
        "gpu_vram_used_mib": {
          "mean": 10211.0,
          "min": 10211.0,
          "max": 10211.0
        },
        "system_cpu_percent": {
          "mean": 9.75909090909091,
          "min": 3.3,
          "max": 100.0
        },
        "process_cpu_percent": {
          "mean": 98.5590909090909,
          "min": 0.0,
          "max": 110.1
        },
        "system_ram_used_mib": {
          "mean": 17786.625,
          "min": 17706.30859375,
          "max": 17929.74609375
        },
        "system_ram_percent": {
          "mean": 57.463636363636375,
          "min": 57.2,
          "max": 57.9
        },
        "process_rss_mib": {
          "mean": 5149.894176136364,
          "min": 5093.890625,
          "max": 5160.43359375
        },
        "torch_allocated_mib": {
          "mean": 6983.989524147727,
          "min": 6850.24609375,
          "max": 7015.62548828125
        },
        "torch_reserved_mib": {
          "mean": 9740.0,
          "min": 9740.0,
          "max": 9740.0
        }
      }
    }
  ]
}
