{
  "output": "benchmarks/pro_30fps_20260921/s30-ctl2",
  "runs": [
    {
      "repeat": 0,
      "generation_s": 13.225874305004254,
      "useful_fps": 18.90234204822345,
      "first_window_latency_s": 1.597222000011243,
      "chunk_times_s": [
        1.597222000011243,
        1.4392522618873045,
        1.434585435083136,
        1.4227353689493611,
        1.4526958250207826,
        1.4362193250562996,
        1.445747851044871,
        1.448405668954365,
        1.4389756370801479
      ],
      "chunk_distribution_s": {
        "count": 9,
        "min": 1.4227353689493611,
        "p50": 1.4392522618873045,
        "p95": 1.5394115300150588,
        "p99": 1.585659906012006,
        "max": 1.597222000011243
      },
      "stage_seconds": {
        "audio": 0.07153724813461304,
        "dit": 3.5779213409423827,
        "vae_decode": 8.134485229492187,
        "motion_encode": 1.1173179244995117
      },
      "peak_allocated_mib": 6007.1953125,
      "peak_reserved_mib": 11136.0,
      "resource_summary": {
        "sample_count": 18,
        "gpu_utilization_percent": {
          "mean": 97.88888888888889,
          "min": 83.0,
          "max": 100.0
        },
        "gpu_vram_used_mib": {
          "mean": 8917.444444444445,
          "min": 8605.0,
          "max": 9391.0
        },
        "system_cpu_percent": {
          "mean": 4.777777777777779,
          "min": 0.0,
          "max": 7.5
        },
        "process_cpu_percent": {
          "mean": 250.45555555555555,
          "min": 97.9,
          "max": 2750.0
        },
        "system_ram_used_mib": {
          "mean": 20107.278428819445,
          "min": 20019.1953125,
          "max": 20130.42578125
        },
        "system_ram_percent": {
          "mean": 64.96111111111111,
          "min": 64.7,
          "max": 65.0
        },
        "process_rss_mib": {
          "mean": 5128.493055555556,
          "min": 5040.0703125,
          "max": 5140.99609375
        },
        "torch_allocated_mib": {
          "mean": 4669.496120876736,
          "min": 4634.6142578125,
          "max": 4932.7880859375
        },
        "torch_reserved_mib": {
          "mean": 7295.888888888889,
          "min": 5988.0,
          "max": 8682.0
        }
      }
    }
  ]
}
