{
  "output": "benchmarks/pro_30fps_20260922/dit-mid9-r01",
  "runs": [
    {
      "repeat": 0,
      "generation_s": 11.60900452604983,
      "useful_fps": 21.535007539967506,
      "first_window_latency_s": 1.418293657945469,
      "chunk_times_s": [
        1.418293657945469,
        1.2597661040490493,
        1.264756396994926,
        1.2497164539527148,
        1.260324651026167,
        1.259679512004368,
        1.2620827730279416,
        1.2626581019721925,
        1.254453976987861
      ],
      "chunk_distribution_s": {
        "count": 9,
        "min": 1.2497164539527148,
        "p50": 1.260324651026167,
        "p95": 1.3568787535652518,
        "p99": 1.4060106770694256,
        "max": 1.418293657945469
      },
      "stage_seconds": {
        "audio": 0.0721690878868103,
        "dit": 2.487744857788086,
        "vae_decode": 7.602837097167968,
        "motion_encode": 1.1163787841796875
      },
      "peak_allocated_mib": 8946.11279296875,
      "peak_reserved_mib": 10402.0,
      "resource_summary": {
        "sample_count": 22,
        "gpu_utilization_percent": {
          "mean": 98.18181818181819,
          "min": 83.0,
          "max": 100.0
        },
        "gpu_vram_used_mib": {
          "mean": 10877.0,
          "min": 10877.0,
          "max": 10877.0
        },
        "system_cpu_percent": {
          "mean": 3.590909090909091,
          "min": 0.0,
          "max": 6.4
        },
        "process_cpu_percent": {
          "mean": 98.65,
          "min": 0.0,
          "max": 112.8
        },
        "system_ram_used_mib": {
          "mean": 17792.485795454544,
          "min": 17648.6015625,
          "max": 17850.140625
        },
        "system_ram_percent": {
          "mean": 57.48181818181818,
          "min": 57.0,
          "max": 57.7
        },
        "process_rss_mib": {
          "mean": 5182.053267045455,
          "min": 5039.515625,
          "max": 5221.7578125
        },
        "torch_allocated_mib": {
          "mean": 7655.912375710227,
          "min": 7530.734375,
          "max": 7725.7119140625
        },
        "torch_reserved_mib": {
          "mean": 10402.0,
          "min": 10402.0,
          "max": 10402.0
        }
      }
    }
  ]
}
