{
  "output": "benchmarks/pro_30fps_20260921/latency-p2fixed",
  "runs": [
    {
      "repeat": 0,
      "generation_s": 13.329776655999012,
      "useful_fps": 18.755002912032175,
      "first_window_latency_s": 1.4595358410151675,
      "chunk_times_s": [
        1.4595358410151675,
        1.4629440809367225,
        1.4485135560389608,
        1.475872142938897,
        1.4697120600612834,
        1.4525903490139171,
        1.465527339023538,
        1.4625986939063296,
        1.4790430800057948
      ],
      "chunk_distribution_s": {
        "count": 9,
        "min": 1.4485135560389608,
        "p50": 1.4629440809367225,
        "p95": 1.4777747051790358,
        "p99": 1.4787894050404429,
        "max": 1.4790430800057948
      },
      "stage_seconds": {
        "audio": 0.07303411197662353,
        "dit": 3.542912826538086,
        "vae_decode": 7.902341186523437,
        "motion_encode": 1.41188134765625
      },
      "peak_allocated_mib": 6050.57568359375,
      "peak_reserved_mib": 11122.0,
      "resource_summary": {
        "sample_count": 18,
        "gpu_utilization_percent": {
          "mean": 100.0,
          "min": 100.0,
          "max": 100.0
        },
        "gpu_vram_used_mib": {
          "mean": 8792.666666666666,
          "min": 8285.0,
          "max": 9041.0
        },
        "system_cpu_percent": {
          "mean": 5.005555555555556,
          "min": 0.0,
          "max": 10.3
        },
        "process_cpu_percent": {
          "mean": 99.05000000000001,
          "min": 0.0,
          "max": 113.2
        },
        "system_ram_used_mib": {
          "mean": 17991.649522569445,
          "min": 17928.29296875,
          "max": 18040.9921875
        },
        "system_ram_percent": {
          "mean": 58.12777777777779,
          "min": 57.9,
          "max": 58.3
        },
        "process_rss_mib": {
          "mean": 3417.7775607638887,
          "min": 3359.484375,
          "max": 3467.99609375
        },
        "torch_allocated_mib": {
          "mean": 4650.927951388889,
          "min": 4632.796875,
          "max": 4679.5322265625
        },
        "torch_reserved_mib": {
          "mean": 7413.111111111111,
          "min": 6284.0,
          "max": 8332.0
        }
      }
    }
  ]
}
