{
  "output": "benchmarks/pro_30fps_20260921/s30-hist1",
  "runs": [
    {
      "repeat": 0,
      "generation_s": 11.823985897004604,
      "useful_fps": 21.143462295851776,
      "first_window_latency_s": 1.3314288719557226,
      "chunk_times_s": [
        1.3314288719557226,
        1.290267321979627,
        1.2987378310645,
        1.2953321139793843,
        1.2944370409240946,
        1.3040017919847742,
        1.293630943982862,
        1.3059242290910333,
        1.2896233960054815
      ],
      "chunk_distribution_s": {
        "count": 9,
        "min": 1.2896233960054815,
        "p50": 1.2953321139793843,
        "p95": 1.3212270148098468,
        "p99": 1.3293885005265473,
        "max": 1.3314288719557226
      },
      "stage_seconds": {
        "audio": 0.07489119911193848,
        "dit": 3.0642151794433596,
        "vae_decode": 8.012017028808593,
        "motion_encode": 0.34732470321655273
      },
      "peak_allocated_mib": 5613.9990234375,
      "peak_reserved_mib": 11136.0,
      "resource_summary": {
        "sample_count": 18,
        "gpu_utilization_percent": {
          "mean": 97.16666666666667,
          "min": 67.0,
          "max": 100.0
        },
        "gpu_vram_used_mib": {
          "mean": 8607.888888888889,
          "min": 8231.0,
          "max": 8679.0
        },
        "system_cpu_percent": {
          "mean": 4.633333333333333,
          "min": 0.0,
          "max": 7.3
        },
        "process_cpu_percent": {
          "mean": 97.94444444444444,
          "min": 0.0,
          "max": 109.5
        },
        "system_ram_used_mib": {
          "mean": 19967.988715277777,
          "min": 19822.88671875,
          "max": 20020.921875
        },
        "system_ram_percent": {
          "mean": 64.50555555555557,
          "min": 64.0,
          "max": 64.7
        },
        "process_rss_mib": {
          "mean": 5153.316189236111,
          "min": 5010.2421875,
          "max": 5195.14453125
        },
        "torch_allocated_mib": {
          "mean": 4664.579671223958,
          "min": 4629.8935546875,
          "max": 4930.5107421875
        },
        "torch_reserved_mib": {
          "mean": 6976.888888888889,
          "min": 5956.0,
          "max": 7970.0
        }
      }
    }
  ]
}
