{
  "output": "benchmarks/pro_30fps_20260920/matrix/baseline__tts-conversational",
  "runs": [
    {
      "repeat": 0,
      "generation_s": 16.908051925944164,
      "useful_fps": 14.785854756951235,
      "first_window_latency_s": 1.8728357260115445,
      "chunk_times_s": [
        1.8728357260115445,
        1.8697507450124249,
        1.8677735719829798,
        1.8661449900828302,
        1.8610705439932644,
        1.8727949620224535,
        1.8630421460838988,
        1.8523880830034614,
        1.8573391259415075
      ],
      "chunk_distribution_s": {
        "count": 9,
        "min": 1.8523880830034614,
        "p50": 1.8661449900828302,
        "p95": 1.872819420415908,
        "p99": 1.8728324648924173,
        "max": 1.8728357260115445
      },
      "stage_seconds": {
        "audio": 0.07173343992233276,
        "dit": 4.17573924255371,
        "vae_decode": 10.959252807617188,
        "motion_encode": 1.37960009765625
      },
      "peak_allocated_mib": 5041.28955078125,
      "peak_reserved_mib": 8262.0,
      "resource_summary": {
        "sample_count": 22,
        "gpu_utilization_percent": {
          "mean": 98.22727272727273,
          "min": 83.0,
          "max": 100.0
        },
        "gpu_vram_used_mib": {
          "mean": 11187.09090909091,
          "min": 10472.0,
          "max": 11840.0
        },
        "system_cpu_percent": {
          "mean": 5.3999999999999995,
          "min": 0.0,
          "max": 11.5
        },
        "process_cpu_percent": {
          "mean": 96.11363636363635,
          "min": 0.0,
          "max": 111.9
        },
        "system_ram_used_mib": {
          "mean": 22776.25763494318,
          "min": 22623.53125,
          "max": 23163.21484375
        },
        "system_ram_percent": {
          "mean": 73.60000000000001,
          "min": 73.1,
          "max": 74.8
        },
        "process_rss_mib": {
          "mean": 5027.611505681818,
          "min": 4937.0546875,
          "max": 5062.1015625
        },
        "torch_allocated_mib": {
          "mean": 3863.5937278053975,
          "min": 3219.7314453125,
          "max": 5019.2998046875
        },
        "torch_reserved_mib": {
          "mean": 7281.454545454545,
          "min": 6830.0,
          "max": 7992.0
        }
      }
    }
  ]
}
