{
  "output": "benchmarks/pro_30fps_20260921/adv-roundup8-r01",
  "runs": [
    {
      "repeat": 0,
      "generation_s": 13.450696212006733,
      "useful_fps": 18.586398507523953,
      "first_window_latency_s": 1.6197827709838748,
      "chunk_times_s": [
        1.6197827709838748,
        1.4733564810594544,
        1.45903363393154,
        1.467703593079932,
        1.4641049290075898,
        1.472158950055018,
        1.4543536850251257,
        1.4620629970449954,
        1.4603987550362945
      ],
      "chunk_distribution_s": {
        "count": 9,
        "min": 1.4543536850251257,
        "p50": 1.4641049290075898,
        "p95": 1.5612122550141065,
        "p99": 1.6080686677899212,
        "max": 1.6197827709838748
      },
      "stage_seconds": {
        "audio": 0.0713312954902649,
        "dit": 3.559214569091797,
        "vae_decode": 8.059735290527344,
        "motion_encode": 1.419330596923828
      },
      "peak_allocated_mib": 6349.6103515625,
      "peak_reserved_mib": 11130.0,
      "resource_summary": {
        "sample_count": 18,
        "gpu_utilization_percent": {
          "mean": 96.55555555555556,
          "min": 80.0,
          "max": 100.0
        },
        "gpu_vram_used_mib": {
          "mean": 9958.0,
          "min": 9105.0,
          "max": 11291.0
        },
        "system_cpu_percent": {
          "mean": 4.5166666666666675,
          "min": 0.0,
          "max": 7.2
        },
        "process_cpu_percent": {
          "mean": 96.53333333333336,
          "min": 0.0,
          "max": 107.9
        },
        "system_ram_used_mib": {
          "mean": 19872.615234375,
          "min": 19765.0234375,
          "max": 19950.17578125
        },
        "system_ram_percent": {
          "mean": 64.22222222222223,
          "min": 63.9,
          "max": 64.5
        },
        "process_rss_mib": {
          "mean": 5097.487413194444,
          "min": 4986.20703125,
          "max": 5172.19140625
        },
        "torch_allocated_mib": {
          "mean": 5149.763075086806,
          "min": 4869.1728515625,
          "max": 5756.9228515625
        },
        "torch_reserved_mib": {
          "mean": 8173.666666666667,
          "min": 6432.0,
          "max": 10582.0
        }
      }
    }
  ]
}
