{
  "output": "benchmarks/pro_30fps_20260920/quality-steps2-seed50",
  "runs": [
    {
      "repeat": 0,
      "generation_s": 17.158953240024857,
      "useful_fps": 14.569653317595836,
      "first_window_latency_s": 1.8804213859839365,
      "chunk_times_s": [
        1.8804213859839365,
        1.8771959649166092,
        1.878444944974035,
        1.8972643120214343,
        1.8915441390126944,
        1.8718676780117676,
        1.8903459960129112,
        1.8805745980935171,
        1.888397124945186
      ],
      "chunk_distribution_s": {
        "count": 9,
        "min": 1.8718676780117676,
        "p50": 1.8805745980935171,
        "p95": 1.8949762428179384,
        "p99": 1.8968066981807352,
        "max": 1.8972643120214343
      },
      "stage_seconds": {
        "audio": 0.07182070350646974,
        "dit": 4.174886108398437,
        "vae_decode": 10.961208374023437,
        "motion_encode": 1.3775563354492188
      },
      "peak_allocated_mib": 5041.28955078125,
      "peak_reserved_mib": 8262.0,
      "resource_summary": {
        "sample_count": 21,
        "gpu_utilization_percent": {
          "mean": 96.85714285714286,
          "min": 53.0,
          "max": 100.0
        },
        "gpu_vram_used_mib": {
          "mean": 11362.380952380952,
          "min": 10678.0,
          "max": 11840.0
        },
        "system_cpu_percent": {
          "mean": 5.128571428571429,
          "min": 0.0,
          "max": 14.6
        },
        "process_cpu_percent": {
          "mean": 97.2190476190476,
          "min": 0.0,
          "max": 115.2
        },
        "system_ram_used_mib": {
          "mean": 20740.77380952381,
          "min": 20650.2265625,
          "max": 20951.87109375
        },
        "system_ram_percent": {
          "mean": 67.0047619047619,
          "min": 66.7,
          "max": 67.7
        },
        "process_rss_mib": {
          "mean": 3310.9019717261904,
          "min": 3228.63671875,
          "max": 3380.2109375
        },
        "torch_allocated_mib": {
          "mean": 3939.8225911458335,
          "min": 3216.287109375,
          "max": 5019.3876953125
        },
        "torch_reserved_mib": {
          "mean": 7541.333333333333,
          "min": 6830.0,
          "max": 8124.0
        }
      }
    }
  ]
}
