{
  "output": "benchmarks/pro_30fps_20260921/p1-ctl-raw",
  "runs": [
    {
      "repeat": 0,
      "generation_s": 14.658890943042934,
      "useful_fps": 17.054496207890082,
      "first_window_latency_s": 1.6215915839420632,
      "chunk_times_s": [
        1.6215915839420632,
        1.619054693961516,
        1.6124570410465822,
        1.6157437190413475,
        1.6141855060122907,
        1.6157698319293559,
        1.6101665729656816,
        1.6170329789165407,
        1.6162773430114612
      ],
      "chunk_distribution_s": {
        "count": 9,
        "min": 1.6101665729656816,
        "p50": 1.6157698319293559,
        "p95": 1.6205768279498443,
        "p99": 1.6213886327436193,
        "max": 1.6215915839420632
      },
      "stage_seconds": {
        "audio": 0.07218969678878784,
        "dit": 3.8353154907226563,
        "vae_decode": 9.297485351562502,
        "motion_encode": 1.1206937866210938
      },
      "peak_allocated_mib": 5618.462890625,
      "peak_reserved_mib": 11142.0,
      "resource_summary": {
        "sample_count": 18,
        "gpu_utilization_percent": {
          "mean": 98.05555555555556,
          "min": 83.0,
          "max": 100.0
        },
        "gpu_vram_used_mib": {
          "mean": 9416.0,
          "min": 8305.0,
          "max": 9737.0
        },
        "system_cpu_percent": {
          "mean": 4.472222222222222,
          "min": 0.0,
          "max": 7.0
        },
        "process_cpu_percent": {
          "mean": 215.2166666666666,
          "min": 98.5,
          "max": 2147.2
        },
        "system_ram_used_mib": {
          "mean": 22377.084852430555,
          "min": 22267.7734375,
          "max": 22419.234375
        },
        "system_ram_percent": {
          "mean": 72.28888888888888,
          "min": 71.9,
          "max": 72.4
        },
        "process_rss_mib": {
          "mean": 5067.823350694444,
          "min": 4977.24609375,
          "max": 5080.6796875
        },
        "torch_allocated_mib": {
          "mean": 4362.148166232639,
          "min": 3767.0498046875,
          "max": 4933.7734375
        },
        "torch_reserved_mib": {
          "mean": 7537.888888888889,
          "min": 5992.0,
          "max": 9028.0
        }
      }
    }
  ]
}
