{
  "output": "benchmarks/pro_30fps_20260921/s30-hist1b",
  "runs": [
    {
      "repeat": 0,
      "generation_s": 11.781336852000095,
      "useful_fps": 21.22000271620771,
      "first_window_latency_s": 1.3245780979050323,
      "chunk_times_s": [
        1.3245780979050323,
        1.2935577270109206,
        1.2897254730341956,
        1.2951867680530995,
        1.2898458950221539,
        1.2868142019724473,
        1.296500938013196,
        1.2971134389517829,
        1.2901023640297353
      ],
      "chunk_distribution_s": {
        "count": 9,
        "min": 1.2868142019724473,
        "p50": 1.2935577270109206,
        "p95": 1.3135922343237325,
        "p99": 1.3223809251887724,
        "max": 1.3245780979050323
      },
      "stage_seconds": {
        "audio": 0.0752369270324707,
        "dit": 3.057833129882812,
        "vae_decode": 8.02847186279297,
        "motion_encode": 0.30288249588012695
      },
      "peak_allocated_mib": 5614.2919921875,
      "peak_reserved_mib": 11134.0,
      "resource_summary": {
        "sample_count": 18,
        "gpu_utilization_percent": {
          "mean": 98.27777777777777,
          "min": 83.0,
          "max": 100.0
        },
        "gpu_vram_used_mib": {
          "mean": 8626.222222222223,
          "min": 8263.0,
          "max": 8677.0
        },
        "system_cpu_percent": {
          "mean": 4.944444444444444,
          "min": 0.0,
          "max": 9.4
        },
        "process_cpu_percent": {
          "mean": 97.84444444444445,
          "min": 0.0,
          "max": 109.6
        },
        "system_ram_used_mib": {
          "mean": 20155.948133680555,
          "min": 20038.80859375,
          "max": 20195.59375
        },
        "system_ram_percent": {
          "mean": 65.10000000000002,
          "min": 64.7,
          "max": 65.2
        },
        "process_rss_mib": {
          "mean": 5129.795572916667,
          "min": 4999.0859375,
          "max": 5162.37109375
        },
        "torch_allocated_mib": {
          "mean": 4658.162841796875,
          "min": 4576.970703125,
          "max": 4930.5107421875
        },
        "torch_reserved_mib": {
          "mean": 6972.666666666667,
          "min": 5748.0,
          "max": 7968.0
        }
      }
    }
  ]
}
