{
  "output": "benchmarks/pro_30fps_20260920/matrix/stackedA__tts-sibilants",
  "runs": [
    {
      "repeat": 0,
      "generation_s": 16.321810547960922,
      "useful_fps": 15.316928184246839,
      "first_window_latency_s": 1.8114429010311142,
      "chunk_times_s": [
        1.8114429010311142,
        1.7944801580160856,
        1.8026812929892913,
        1.8120790949324146,
        1.782349921995774,
        1.7913825439754874,
        1.7950339911039919,
        1.800396115053445,
        1.8010534670902416
      ],
      "chunk_distribution_s": {
        "count": 9,
        "min": 1.782349921995774,
        "p50": 1.800396115053445,
        "p95": 1.8118246173718944,
        "p99": 1.8120281994203105,
        "max": 1.8120790949324146
      },
      "stage_seconds": {
        "audio": 0.07249702453613281,
        "dit": 3.8303212890625002,
        "vae_decode": 10.997558227539063,
        "motion_encode": 1.0817784576416014
      },
      "peak_allocated_mib": 4904.0556640625,
      "peak_reserved_mib": 8298.0,
      "resource_summary": {
        "sample_count": 23,
        "gpu_utilization_percent": {
          "mean": 98.30434782608695,
          "min": 71.0,
          "max": 100.0
        },
        "gpu_vram_used_mib": {
          "mean": 11305.130434782608,
          "min": 10654.0,
          "max": 11876.0
        },
        "system_cpu_percent": {
          "mean": 4.782608695652173,
          "min": 0.0,
          "max": 8.0
        },
        "process_cpu_percent": {
          "mean": 96.34347826086957,
          "min": 0.0,
          "max": 111.5
        },
        "system_ram_used_mib": {
          "mean": 22945.85258152174,
          "min": 22785.1875,
          "max": 23004.53125
        },
        "system_ram_percent": {
          "mean": 74.12608695652175,
          "min": 73.6,
          "max": 74.3
        },
        "process_rss_mib": {
          "mean": 5097.537533967391,
          "min": 5011.6875,
          "max": 5164.08203125
        },
        "torch_allocated_mib": {
          "mean": 3799.9204738451085,
          "min": 3031.89453125,
          "max": 4882.4619140625
        },
        "torch_reserved_mib": {
          "mean": 7357.391304347826,
          "min": 6602.0,
          "max": 7756.0
        }
      }
    }
  ]
}
