{
  "output": "benchmarks/pro_30fps_20260921/p2-encfix",
  "runs": [
    {
      "repeat": 0,
      "generation_s": 13.052994497935288,
      "useful_fps": 19.152693279656617,
      "first_window_latency_s": 1.4439624160295352,
      "chunk_times_s": [
        1.4439624160295352,
        1.433213449898176,
        1.4292217679321766,
        1.4395120720146224,
        1.45249866892118,
        1.4386526900343597,
        1.4334891809849069,
        1.432143613928929,
        1.4369990400737152
      ],
      "chunk_distribution_s": {
        "count": 9,
        "min": 1.4292217679321766,
        "p50": 1.4369990400737152,
        "p95": 1.449084167764522,
        "p99": 1.4518157686898485,
        "max": 1.45249866892118
      },
      "stage_seconds": {
        "audio": 0.0723118405342102,
        "dit": 3.5444784698486322,
        "vae_decode": 7.9914511108398445,
        "motion_encode": 1.1163060836791991
      },
      "peak_allocated_mib": 6007.23974609375,
      "peak_reserved_mib": 11136.0,
      "resource_summary": {
        "sample_count": 18,
        "gpu_utilization_percent": {
          "mean": 97.77777777777777,
          "min": 81.0,
          "max": 100.0
        },
        "gpu_vram_used_mib": {
          "mean": 8774.111111111111,
          "min": 8059.0,
          "max": 9051.0
        },
        "system_cpu_percent": {
          "mean": 4.916666666666667,
          "min": 0.0,
          "max": 7.8
        },
        "process_cpu_percent": {
          "mean": 98.11111111111113,
          "min": 0.0,
          "max": 109.5
        },
        "system_ram_used_mib": {
          "mean": 22212.599175347223,
          "min": 22173.44921875,
          "max": 22356.67578125
        },
        "system_ram_percent": {
          "mean": 71.76666666666668,
          "min": 71.6,
          "max": 72.2
        },
        "process_rss_mib": {
          "mean": 5091.379774305556,
          "min": 5003.11328125,
          "max": 5103.86328125
        },
        "torch_allocated_mib": {
          "mean": 4649.995469835069,
          "min": 4582.421875,
          "max": 4679.7822265625
        },
        "torch_reserved_mib": {
          "mean": 7190.666666666667,
          "min": 5852.0,
          "max": 8342.0
        }
      }
    }
  ]
}
