{
  "output": "benchmarks/pro_30fps_20260921/adv-roundup8-r02",
  "runs": [
    {
      "repeat": 0,
      "generation_s": 13.469022421049885,
      "useful_fps": 18.561109498881727,
      "first_window_latency_s": 1.6217208920279518,
      "chunk_times_s": [
        1.6217208920279518,
        1.455924759968184,
        1.4655549050075933,
        1.4639168210560456,
        1.4633654650533572,
        1.4688808659557253,
        1.470150182954967,
        1.4861186849884689,
        1.4633663579588756
      ],
      "chunk_distribution_s": {
        "count": 9,
        "min": 1.455924759968184,
        "p50": 1.4655549050075933,
        "p95": 1.5674800092121586,
        "p99": 1.610872715464793,
        "max": 1.6217208920279518
      },
      "stage_seconds": {
        "audio": 0.07160630226135253,
        "dit": 3.563088424682617,
        "vae_decode": 8.07728564453125,
        "motion_encode": 1.42594970703125
      },
      "peak_allocated_mib": 6349.6103515625,
      "peak_reserved_mib": 11130.0,
      "resource_summary": {
        "sample_count": 18,
        "gpu_utilization_percent": {
          "mean": 96.27777777777777,
          "min": 83.0,
          "max": 100.0
        },
        "gpu_vram_used_mib": {
          "mean": 9989.666666666666,
          "min": 9673.0,
          "max": 11291.0
        },
        "system_cpu_percent": {
          "mean": 4.438888888888888,
          "min": 0.0,
          "max": 7.2
        },
        "process_cpu_percent": {
          "mean": 96.75555555555556,
          "min": 0.0,
          "max": 105.8
        },
        "system_ram_used_mib": {
          "mean": 19830.72265625,
          "min": 19728.73828125,
          "max": 19866.39453125
        },
        "system_ram_percent": {
          "mean": 64.06111111111113,
          "min": 63.7,
          "max": 64.2
        },
        "process_rss_mib": {
          "mean": 5072.495008680556,
          "min": 4970.34375,
          "max": 5094.33984375
        },
        "torch_allocated_mib": {
          "mean": 5148.318630642361,
          "min": 4869.1728515625,
          "max": 5756.9228515625
        },
        "torch_reserved_mib": {
          "mean": 8177.666666666667,
          "min": 6432.0,
          "max": 10582.0
        }
      }
    }
  ]
}
