{
  "output": "benchmarks/pro_30fps_20260921/p2-f0fix",
  "runs": [
    {
      "repeat": 0,
      "generation_s": 17.21113671292551,
      "useful_fps": 14.52547871589741,
      "first_window_latency_s": 2.1555461920797825,
      "chunk_times_s": [
        2.1555461920797825,
        1.9213673969497904,
        1.8845707229338586,
        1.963341944036074,
        1.640098173986189,
        1.8616072610020638,
        1.8642875120276585,
        1.8127256479347125,
        1.843308256007731
      ],
      "chunk_distribution_s": {
        "count": 9,
        "min": 1.640098173986189,
        "p50": 1.8642875120276585,
        "p95": 2.078664492862299,
        "p99": 2.1401698522362858,
        "max": 2.1555461920797825
      },
      "stage_seconds": {
        "audio": 0.10323958492279053,
        "dit": 5.026576141357422,
        "vae_decode": 9.963595092773438,
        "motion_encode": 1.4091287002563477
      },
      "peak_allocated_mib": 6009.20849609375,
      "peak_reserved_mib": 8872.0,
      "resource_summary": {
        "sample_count": 25,
        "gpu_utilization_percent": {
          "mean": 97.92,
          "min": 68.0,
          "max": 100.0
        },
        "gpu_vram_used_mib": {
          "mean": 10749.84,
          "min": 9904.0,
          "max": 11812.0
        },
        "system_cpu_percent": {
          "mean": 8.283999999999999,
          "min": 0.0,
          "max": 12.8
        },
        "process_cpu_percent": {
          "mean": 99.34000000000002,
          "min": 0.0,
          "max": 116.3
        },
        "system_ram_used_mib": {
          "mean": 24532.27328125,
          "min": 24388.015625,
          "max": 24713.48828125
        },
        "system_ram_percent": {
          "mean": 79.264,
          "min": 78.8,
          "max": 79.8
        },
        "process_rss_mib": {
          "mean": 3053.04203125,
          "min": 2953.48828125,
          "max": 3120.4375
        },
        "torch_allocated_mib": {
          "mean": 4869.456328125,
          "min": 4632.7529296875,
          "max": 5602.5634765625
        },
        "torch_reserved_mib": {
          "mean": 6996.08,
          "min": 5852.0,
          "max": 7886.0
        }
      }
    }
  ]
}
