{
  "output": "benchmarks/pro_30fps_20260920/threeway/sib-3-stackedB",
  "runs": [
    {
      "repeat": 0,
      "generation_s": 15.562118254019879,
      "useful_fps": 16.064651091789646,
      "first_window_latency_s": 1.7370068080490455,
      "chunk_times_s": [
        1.7370068080490455,
        1.7140015990007669,
        1.713758600060828,
        1.71498667600099,
        1.712770992075093,
        1.7119517939863726,
        1.6984236900461838,
        1.7255990359699354,
        1.719137342995964
      ],
      "chunk_distribution_s": {
        "count": 9,
        "min": 1.6984236900461838,
        "p50": 1.7140015990007669,
        "p95": 1.7324436992174015,
        "p99": 1.7360941862827166,
        "max": 1.7370068080490455
      },
      "stage_seconds": {
        "audio": 0.07172348785400391,
        "dit": 3.844210586547852,
        "vae_decode": 10.202486450195313,
        "motion_encode": 1.108490982055664
      },
      "peak_allocated_mib": 6430.9619140625,
      "peak_reserved_mib": 11164.0,
      "resource_summary": {
        "sample_count": 27,
        "gpu_utilization_percent": {
          "mean": 99.48148148148148,
          "min": 89.0,
          "max": 100.0
        },
        "gpu_vram_used_mib": {
          "mean": 10902.481481481482,
          "min": 8529.0,
          "max": 11873.0
        },
        "system_cpu_percent": {
          "mean": 4.696296296296295,
          "min": 0.0,
          "max": 7.3
        },
        "process_cpu_percent": {
          "mean": 98.19999999999999,
          "min": 0.0,
          "max": 110.2
        },
        "system_ram_used_mib": {
          "mean": 20596.370515046296,
          "min": 20472.94921875,
          "max": 20663.484375
        },
        "system_ram_percent": {
          "mean": 66.54444444444445,
          "min": 66.1,
          "max": 66.8
        },
        "process_rss_mib": {
          "mean": 5112.184895833333,
          "min": 4988.203125,
          "max": 5173.5
        },
        "torch_allocated_mib": {
          "mean": 4594.302915219908,
          "min": 3793.7431640625,
          "max": 6200.8994140625
        },
        "torch_reserved_mib": {
          "mean": 9199.851851851852,
          "min": 7004.0,
          "max": 10432.0
        }
      }
    }
  ]
}
