{
  "output": "benchmarks/pro_30fps_20260921/p2-final",
  "runs": [
    {
      "repeat": 0,
      "generation_s": 13.567750989925116,
      "useful_fps": 18.426045715729916,
      "first_window_latency_s": 1.6507603710051626,
      "chunk_times_s": [
        1.6507603710051626,
        1.4638314309995621,
        1.4597196590621024,
        1.4721901019802317,
        1.4870406069094315,
        1.4762707579648122,
        1.4752485629869625,
        1.466680696932599,
        1.4737882419722155
      ],
      "chunk_distribution_s": {
        "count": 9,
        "min": 1.4597196590621024,
        "p50": 1.4737882419722155,
        "p95": 1.5852724653668702,
        "p99": 1.637662789877504,
        "max": 1.6507603710051626
      },
      "stage_seconds": {
        "audio": 0.07265376043319703,
        "dit": 3.5769156951904293,
        "vae_decode": 8.162651062011719,
        "motion_encode": 1.4077391052246095
      },
      "peak_allocated_mib": 6057.35498046875,
      "peak_reserved_mib": 11136.0,
      "resource_summary": {
        "sample_count": 18,
        "gpu_utilization_percent": {
          "mean": 95.11111111111111,
          "min": 80.0,
          "max": 100.0
        },
        "gpu_vram_used_mib": {
          "mean": 8889.888888888889,
          "min": 7689.0,
          "max": 10105.0
        },
        "system_cpu_percent": {
          "mean": 4.699999999999999,
          "min": 0.0,
          "max": 7.8
        },
        "process_cpu_percent": {
          "mean": 97.85555555555554,
          "min": 0.0,
          "max": 109.4
        },
        "system_ram_used_mib": {
          "mean": 22116.957682291668,
          "min": 22035.69140625,
          "max": 22203.82421875
        },
        "system_ram_percent": {
          "mean": 71.46111111111111,
          "min": 71.2,
          "max": 71.7
        },
        "process_rss_mib": {
          "mean": 5032.662977430556,
          "min": 4966.6015625,
          "max": 5042.84375
        },
        "torch_allocated_mib": {
          "mean": 4646.137396918402,
          "min": 4581.93359375,
          "max": 4680.7822265625
        },
        "torch_reserved_mib": {
          "mean": 7302.333333333333,
          "min": 6060.0,
          "max": 9396.0
        }
      }
    }
  ]
}
