{
  "output": "benchmarks/pro_30fps_20260921/p3-maxsplit512",
  "runs": [
    {
      "repeat": 0,
      "generation_s": 13.575311290100217,
      "useful_fps": 18.415783966759737,
      "first_window_latency_s": 1.67068425193429,
      "chunk_times_s": [
        1.67068425193429,
        1.4706981499912217,
        1.4662434658966959,
        1.4731671820627525,
        1.4716264179442078,
        1.4759626819286495,
        1.474007050972432,
        1.4709562730276957,
        1.479799262015149
      ],
      "chunk_distribution_s": {
        "count": 9,
        "min": 1.4662434658966959,
        "p50": 1.4731671820627525,
        "p95": 1.5943302559666335,
        "p99": 1.6554134527407587,
        "max": 1.67068425193429
      },
      "stage_seconds": {
        "audio": 0.07293030309677125,
        "dit": 3.571620468139649,
        "vae_decode": 8.164447631835937,
        "motion_encode": 1.409352340698242
      },
      "peak_allocated_mib": 6058.94873046875,
      "peak_reserved_mib": 11136.0,
      "resource_summary": {
        "sample_count": 18,
        "gpu_utilization_percent": {
          "mean": 100.0,
          "min": 100.0,
          "max": 100.0
        },
        "gpu_vram_used_mib": {
          "mean": 8929.444444444445,
          "min": 8609.0,
          "max": 10105.0
        },
        "system_cpu_percent": {
          "mean": 5.566666666666666,
          "min": 0.0,
          "max": 10.8
        },
        "process_cpu_percent": {
          "mean": 287.27222222222224,
          "min": 98.4,
          "max": 3412.4
        },
        "system_ram_used_mib": {
          "mean": 22754.592230902777,
          "min": 22635.51171875,
          "max": 22809.08203125
        },
        "system_ram_percent": {
          "mean": 73.52222222222225,
          "min": 73.1,
          "max": 73.7
        },
        "process_rss_mib": {
          "mean": 5114.510850694444,
          "min": 4996.3984375,
          "max": 5138.02734375
        },
        "torch_allocated_mib": {
          "mean": 4654.626980251736,
          "min": 4583.52734375,
          "max": 4681.4638671875
        },
        "torch_reserved_mib": {
          "mean": 7281.444444444444,
          "min": 6056.0,
          "max": 9396.0
        }
      }
    }
  ]
}
