{
  "output": "benchmarks/pro_30fps_20260922/latfb-last2-r01",
  "runs": [
    {
      "repeat": 0,
      "generation_s": 11.591921094921418,
      "useful_fps": 21.566744455285196,
      "first_window_latency_s": 1.398662094026804,
      "chunk_times_s": [
        1.398662094026804,
        1.2656715540215373,
        1.2610760980751365,
        1.246966763981618,
        1.256185444071889,
        1.2650173159781843,
        1.2663453510031104,
        1.2534147610422224,
        1.2637776790652424
      ],
      "chunk_distribution_s": {
        "count": 9,
        "min": 1.246966763981618,
        "p50": 1.2637776790652424,
        "p95": 1.3457353968173265,
        "p99": 1.3880767545849084,
        "max": 1.398662094026804
      },
      "stage_seconds": {
        "audio": 0.0803417272567749,
        "dit": 3.5831851043701177,
        "vae_decode": 7.613368164062499
      },
      "peak_allocated_mib": 8009.99072265625,
      "peak_reserved_mib": 10300.0,
      "resource_summary": {
        "sample_count": 22,
        "gpu_utilization_percent": {
          "mean": 99.68181818181819,
          "min": 93.0,
          "max": 100.0
        },
        "gpu_vram_used_mib": {
          "mean": 10775.0,
          "min": 10775.0,
          "max": 10775.0
        },
        "system_cpu_percent": {
          "mean": 3.3818181818181814,
          "min": 0.0,
          "max": 4.1
        },
        "process_cpu_percent": {
          "mean": 98.50454545454545,
          "min": 0.0,
          "max": 110.3
        },
        "system_ram_used_mib": {
          "mean": 17639.68536931818,
          "min": 17582.33203125,
          "max": 17709.046875
        },
        "system_ram_percent": {
          "mean": 56.9909090909091,
          "min": 56.8,
          "max": 57.2
        },
        "process_rss_mib": {
          "mean": 5149.130859375,
          "min": 5087.64453125,
          "max": 5213.13671875
        },
        "torch_allocated_mib": {
          "mean": 7642.548117897727,
          "min": 7535.396484375,
          "max": 7698.68701171875
        },
        "torch_reserved_mib": {
          "mean": 10300.0,
          "min": 10300.0,
          "max": 10300.0
        }
      }
    }
  ]
}
