{
  "output": "benchmarks/pro_30fps_20260922/tae-enc-r01",
  "runs": [
    {
      "repeat": 0,
      "generation_s": 8.326546266907826,
      "useful_fps": 30.024453355117288,
      "first_window_latency_s": 0.9900647150352597,
      "chunk_times_s": [
        0.9900647150352597,
        0.914192883996293,
        0.9140356369316578,
        0.9154873229563236,
        0.9191848009359092,
        0.9171955490019172,
        0.9182766079902649,
        0.9193299128673971,
        0.9182410500943661
      ],
      "chunk_distribution_s": {
        "count": 9,
        "min": 0.9140356369316578,
        "p50": 0.9182410500943661,
        "p95": 0.9617707941681146,
        "p99": 0.9844059308618307,
        "max": 0.9900647150352597
      },
      "stage_seconds": {
        "audio": 0.07111129665374756,
        "dit": 4.100869400024414,
        "vae_decode": 3.887874053955078,
        "motion_encode": 0.0588155837059021
      },
      "peak_allocated_mib": 6476.46826171875,
      "peak_reserved_mib": 8016.0,
      "resource_summary": {
        "sample_count": 16,
        "gpu_utilization_percent": {
          "mean": 98.8125,
          "min": 89.0,
          "max": 100.0
        },
        "gpu_vram_used_mib": {
          "mean": 8487.5,
          "min": 8285.0,
          "max": 8501.0
        },
        "system_cpu_percent": {
          "mean": 5.03125,
          "min": 0.0,
          "max": 9.0
        },
        "process_cpu_percent": {
          "mean": 93.86874999999999,
          "min": 0.0,
          "max": 101.9
        },
        "system_ram_used_mib": {
          "mean": 20161.84228515625,
          "min": 20112.05859375,
          "max": 20222.62890625
        },
        "system_ram_percent": {
          "mean": 65.14375000000001,
          "min": 65.0,
          "max": 65.3
        },
        "process_rss_mib": {
          "mean": 3677.09521484375,
          "min": 3617.20703125,
          "max": 3737.25
        },
        "torch_allocated_mib": {
          "mean": 5933.184631347656,
          "min": 5835.322265625,
          "max": 6231.67333984375
        },
        "torch_reserved_mib": {
          "mean": 8002.5,
          "min": 7800.0,
          "max": 8016.0
        }
      }
    }
  ]
}
