{
  "output": "benchmarks/pro_30fps_20260920/matrix/baseline__tts-sibilants",
  "runs": [
    {
      "repeat": 0,
      "generation_s": 16.926571391988546,
      "useful_fps": 14.769677462166177,
      "first_window_latency_s": 1.8725061069708318,
      "chunk_times_s": [
        1.8725061069708318,
        1.8719023989979178,
        1.862946833949536,
        1.8729887279914692,
        1.8642953430535272,
        1.8537135530496016,
        1.8593595329439268,
        1.8695082849590108,
        1.8587072460213676
      ],
      "chunk_distribution_s": {
        "count": 9,
        "min": 1.8537135530496016,
        "p50": 1.8642953430535272,
        "p95": 1.8727956795832141,
        "p99": 1.8729501183098183,
        "max": 1.8729887279914692
      },
      "stage_seconds": {
        "audio": 0.07193216037750245,
        "dit": 4.160582962036133,
        "vae_decode": 10.979739135742186,
        "motion_encode": 1.3774629058837888
      },
      "peak_allocated_mib": 5041.81640625,
      "peak_reserved_mib": 8272.0,
      "resource_summary": {
        "sample_count": 21,
        "gpu_utilization_percent": {
          "mean": 98.38095238095238,
          "min": 78.0,
          "max": 100.0
        },
        "gpu_vram_used_mib": {
          "mean": 11460.857142857143,
          "min": 10882.0,
          "max": 11848.0
        },
        "system_cpu_percent": {
          "mean": 4.890476190476191,
          "min": 0.0,
          "max": 7.4
        },
        "process_cpu_percent": {
          "mean": 95.67619047619048,
          "min": 0.0,
          "max": 111.9
        },
        "system_ram_used_mib": {
          "mean": 22842.922805059523,
          "min": 22742.51171875,
          "max": 22971.23828125
        },
        "system_ram_percent": {
          "mean": 73.78571428571433,
          "min": 73.5,
          "max": 74.2
        },
        "process_rss_mib": {
          "mean": 5025.595610119048,
          "min": 4930.8515625,
          "max": 5089.01953125
        },
        "torch_allocated_mib": {
          "mean": 3877.6506231398807,
          "min": 3219.7314453125,
          "max": 5019.91455078125
        },
        "torch_reserved_mib": {
          "mean": 7493.619047619048,
          "min": 6838.0,
          "max": 8064.0
        }
      }
    }
  ]
}
