{
  "output": "benchmarks/pro_30fps_20260921/adv-gc08-r01",
  "runs": [
    {
      "repeat": 0,
      "generation_s": 13.514766623964533,
      "useful_fps": 18.498284650857176,
      "first_window_latency_s": 1.6411790740676224,
      "chunk_times_s": [
        1.6411790740676224,
        1.470261165057309,
        1.4654233140172437,
        1.4773016029503196,
        1.4815191579982638,
        1.4641704419627786,
        1.4664368170779198,
        1.463094639009796,
        1.4694235179340467
      ],
      "chunk_distribution_s": {
        "count": 9,
        "min": 1.463094639009796,
        "p50": 1.4694235179340467,
        "p95": 1.577315107639879,
        "p99": 1.6284062807820736,
        "max": 1.6411790740676224
      },
      "stage_seconds": {
        "audio": 0.07160140800476075,
        "dit": 3.5827302093505864,
        "vae_decode": 8.103544372558595,
        "motion_encode": 1.4157247009277343
      },
      "peak_allocated_mib": 6050.72412109375,
      "peak_reserved_mib": 11136.0,
      "resource_summary": {
        "sample_count": 18,
        "gpu_utilization_percent": {
          "mean": 98.05555555555556,
          "min": 83.0,
          "max": 100.0
        },
        "gpu_vram_used_mib": {
          "mean": 8915.888888888889,
          "min": 8231.0,
          "max": 9731.0
        },
        "system_cpu_percent": {
          "mean": 4.6722222222222225,
          "min": 0.0,
          "max": 10.3
        },
        "process_cpu_percent": {
          "mean": 97.58333333333334,
          "min": 0.0,
          "max": 110.1
        },
        "system_ram_used_mib": {
          "mean": 19883.688368055555,
          "min": 19736.51953125,
          "max": 19935.12109375
        },
        "system_ram_percent": {
          "mean": 64.25555555555555,
          "min": 63.8,
          "max": 64.4
        },
        "process_rss_mib": {
          "mean": 5121.192708333333,
          "min": 4979.28515625,
          "max": 5162.8203125
        },
        "torch_allocated_mib": {
          "mean": 4726.458848741319,
          "min": 4635.1142578125,
          "max": 5608.6884765625
        },
        "torch_reserved_mib": {
          "mean": 7377.444444444444,
          "min": 5924.0,
          "max": 9020.0
        }
      }
    }
  ]
}
