{
  "output": "benchmarks/pro_30fps_20260920/threeway/sib-1-baseline",
  "runs": [
    {
      "repeat": 0,
      "generation_s": 16.487565521965735,
      "useful_fps": 15.162942016329508,
      "first_window_latency_s": 1.8250563000328839,
      "chunk_times_s": [
        1.8250563000328839,
        1.8077787560177967,
        1.8177464489126578,
        1.8378572940127924,
        1.8247285980032757,
        1.806929346988909,
        1.806974926032126,
        1.8109821639955044,
        1.8252217250410467
      ],
      "chunk_distribution_s": {
        "count": 9,
        "min": 1.806929346988909,
        "p50": 1.8177464489126578,
        "p95": 1.8328030664240942,
        "p99": 1.8368464484950529,
        "max": 1.8378572940127924
      },
      "stage_seconds": {
        "audio": 0.07178876876831054,
        "dit": 4.160357482910156,
        "vae_decode": 10.559567626953124,
        "motion_encode": 1.3757029724121095
      },
      "peak_allocated_mib": 5041.28955078125,
      "peak_reserved_mib": 9982.0,
      "resource_summary": {
        "sample_count": 31,
        "gpu_utilization_percent": {
          "mean": 99.19354838709677,
          "min": 79.0,
          "max": 100.0
        },
        "gpu_vram_used_mib": {
          "mean": 10679.0,
          "min": 10679.0,
          "max": 10679.0
        },
        "system_cpu_percent": {
          "mean": 6.345161290322579,
          "min": 0.0,
          "max": 35.3
        },
        "process_cpu_percent": {
          "mean": 99.09677419354841,
          "min": 0.0,
          "max": 112.2
        },
        "system_ram_used_mib": {
          "mean": 20456.80745967742,
          "min": 20333.80859375,
          "max": 20705.76171875
        },
        "system_ram_percent": {
          "mean": 66.08387096774192,
          "min": 65.7,
          "max": 66.9
        },
        "process_rss_mib": {
          "mean": 5015.691784274193,
          "min": 4917.95703125,
          "max": 5037.58203125
        },
        "torch_allocated_mib": {
          "mean": 3440.454542590726,
          "min": 3219.7314453125,
          "max": 4120.0126953125
        },
        "torch_reserved_mib": {
          "mean": 9982.0,
          "min": 9982.0,
          "max": 9982.0
        }
      }
    }
  ]
}
