{
  "output": "benchmarks/pro_30fps_20260920/matrix/baseline__tts-rounded",
  "runs": [
    {
      "repeat": 0,
      "generation_s": 16.925394524936564,
      "useful_fps": 14.770704436559477,
      "first_window_latency_s": 1.8866844460135326,
      "chunk_times_s": [
        1.8866844460135326,
        1.869315000018105,
        1.8471414059167728,
        1.8776487390277907,
        1.876218574005179,
        1.8621208439581096,
        1.8589844309026375,
        1.8686523149954155,
        1.8553084440063685
      ],
      "chunk_distribution_s": {
        "count": 9,
        "min": 1.8471414059167728,
        "p50": 1.8686523149954155,
        "p95": 1.883070163219236,
        "p99": 1.8859615894546733,
        "max": 1.8866844460135326
      },
      "stage_seconds": {
        "audio": 0.07247456073760987,
        "dit": 4.175765884399414,
        "vae_decode": 10.959138427734377,
        "motion_encode": 1.3785001220703126
      },
      "peak_allocated_mib": 5041.00830078125,
      "peak_reserved_mib": 8262.0,
      "resource_summary": {
        "sample_count": 22,
        "gpu_utilization_percent": {
          "mean": 97.5,
          "min": 82.0,
          "max": 100.0
        },
        "gpu_vram_used_mib": {
          "mean": 11345.818181818182,
          "min": 10472.0,
          "max": 11840.0
        },
        "system_cpu_percent": {
          "mean": 5.695454545454546,
          "min": 0.0,
          "max": 16.2
        },
        "process_cpu_percent": {
          "mean": 96.27272727272727,
          "min": 0.0,
          "max": 112.2
        },
        "system_ram_used_mib": {
          "mean": 22782.54119318182,
          "min": 22624.5390625,
          "max": 22970.1640625
        },
        "system_ram_percent": {
          "mean": 73.61363636363635,
          "min": 73.1,
          "max": 74.2
        },
        "process_rss_mib": {
          "mean": 5057.791725852273,
          "min": 4948.3828125,
          "max": 5129.44921875
        },
        "torch_allocated_mib": {
          "mean": 3929.256036931818,
          "min": 3216.287109375,
          "max": 5019.3876953125
        },
        "torch_reserved_mib": {
          "mean": 7489.363636363636,
          "min": 6694.0,
          "max": 8126.0
        }
      }
    }
  ]
}
