[generate] model denoise per step: 2.0207626819610596s
[generate] model denoise per step: 0.2502107620239258s
[generate] model denoise per step: 0.25295519828796387s
[generate] model denoise per step: 0.25348830223083496s
[generate] decode video frames: 6.038620233535767s
[generate] color correction: 0.011894941329956055s
[generate] encode motion frames: 0.15304112434387207s
[generate] model denoise per step: 0.2504920959472656s
[generate] model denoise per step: 0.2552797794342041s
[generate] model denoise per step: 0.2572784423828125s
[generate] model denoise per step: 0.254530668258667s
[generate] decode video frames: 1.447446584701538s
[generate] color correction: 0.009766101837158203s
[generate] encode motion frames: 0.15299630165100098s
[generate] model denoise per step: 0.25199174880981445s
[generate] model denoise per step: 0.25447821617126465s
[generate] model denoise per step: 0.25681495666503906s
[generate] model denoise per step: 0.2568471431732178s
[generate] decode video frames: 1.449570894241333s
[generate] color correction: 0.009687185287475586s
[generate] encode motion frames: 0.1532304286956787s
[generate] model denoise per step: 0.2535362243652344s
[generate] model denoise per step: 0.25371479988098145s
[generate] model denoise per step: 0.25524401664733887s
[generate] model denoise per step: 0.2571420669555664s
[generate] decode video frames: 1.450453758239746s
[generate] color correction: 0.009814739227294922s
[generate] encode motion frames: 0.15327072143554688s
[generate] model denoise per step: 0.25179362297058105s
[generate] model denoise per step: 0.25455451011657715s
[generate] model denoise per step: 0.2568967342376709s
[generate] model denoise per step: 0.25807738304138184s
[generate] decode video frames: 1.448678731918335s
[generate] color correction: 0.00967264175415039s
[generate] encode motion frames: 0.15316319465637207s
[generate] model denoise per step: 0.25127220153808594s
[generate] model denoise per step: 0.25476551055908203s
[generate] model denoise per step: 0.2568950653076172s
[generate] model denoise per step: 0.2581517696380615s
[generate] decode video frames: 1.4498486518859863s
[generate] color correction: 0.009779214859008789s
[generate] encode motion frames: 0.15301275253295898s
[generate] model denoise per step: 0.25324487686157227s
[generate] model denoise per step: 0.2552194595336914s
[generate] model denoise per step: 0.25455355644226074s
[generate] model denoise per step: 0.2564694881439209s
[generate] decode video frames: 1.448683738708496s
[generate] color correction: 0.009688377380371094s
[generate] encode motion frames: 0.15340113639831543s
[generate] model denoise per step: 0.25177431106567383s
[generate] model denoise per step: 0.2569599151611328s
[generate] model denoise per step: 0.2582230567932129s
[generate] model denoise per step: 0.2569897174835205s
[generate] decode video frames: 1.4532086849212646s
[generate] color correction: 0.009768247604370117s
[generate] encode motion frames: 0.15324711799621582s
[generate] model denoise per step: 0.25199151039123535s
[generate] model denoise per step: 0.25397276878356934s
[generate] model denoise per step: 0.25667309761047363s
[generate] model denoise per step: 0.25835514068603516s
[generate] decode video frames: 1.452850103378296s
[generate] color correction: 0.009768009185791016s
[generate] encode motion frames: 0.1533186435699463s
[generate] model denoise per step: 0.24985480308532715s
[generate] model denoise per step: 0.2593104839324951s
[generate] model denoise per step: 0.2616763114929199s
[generate] model denoise per step: 0.25817322731018066s
[generate] decode video frames: 1.4525728225708008s
[generate] color correction: 0.009676218032836914s
[generate] encode motion frames: 0.1536087989807129s
[generate] model denoise per step: 0.25249624252319336s
[generate] model denoise per step: 0.254101037979126s
[generate] model denoise per step: 0.25826144218444824s
[generate] model denoise per step: 0.26006078720092773s
[generate] decode video frames: 1.4526634216308594s
[generate] color correction: 0.009784460067749023s
[generate] encode motion frames: 0.15346384048461914s
{
  "output": "benchmarks/pro_30fps_20260919/acceptance-r01/runs/012-reference-seed0-r01",
  "runs": [
    {
      "repeat": 0,
      "generation_s": 24.03154358395841,
      "useful_fps": 10.40299384542575,
      "first_window_latency_s": 2.6651298090000637,
      "chunk_times_s": [
        2.6651298090000637,
        2.652521618991159,
        2.6524211360374466,
        2.653562346997205,
        2.651235721015837,
        2.6605504140025005,
        2.657189110002946,
        2.664680860005319,
        2.660607550002169
      ],
      "chunk_distribution_s": {
        "count": 9,
        "min": 2.651235721015837,
        "p50": 2.657189110002946,
        "p95": 2.664950229402166,
        "p99": 2.665093893080484,
        "max": 2.6651298090000637
      },
      "stage_seconds": {
        "audio": 0.07285056018829346,
        "dit": 9.196050201416014,
        "vae_decode": 13.057997802734377,
        "motion_encode": 1.3794080352783205
      },
      "peak_allocated_mib": 6523.87353515625,
      "peak_reserved_mib": 7644.0,
      "resource_summary": {
        "sample_count": 45,
        "gpu_utilization_percent": {
          "mean": 99.22222222222223,
          "min": 83.0,
          "max": 100.0
        },
        "gpu_vram_used_mib": {
          "mean": 10608.0,
          "min": 10608.0,
          "max": 10608.0
        },
        "system_cpu_percent": {
          "mean": 5.033333333333334,
          "min": 0.0,
          "max": 9.1
        },
        "process_cpu_percent": {
          "mean": 99.35555555555555,
          "min": 0.0,
          "max": 110.5
        },
        "system_ram_used_mib": {
          "mean": 14498.374826388888,
          "min": 14369.21484375,
          "max": 14554.93359375
        },
        "system_ram_percent": {
          "mean": 46.855555555555554,
          "min": 46.4,
          "max": 47.0
        },
        "process_rss_mib": {
          "mean": 4838.835503472223,
          "min": 4719.08984375,
          "max": 4876.9453125
        },
        "torch_allocated_mib": {
          "mean": 3302.7443684895834,
          "min": 2455.8427734375,
          "max": 6257.24072265625
        },
        "torch_reserved_mib": {
          "mean": 7644.0,
          "min": 7644.0,
          "max": 7644.0
        }
      }
    }
  ]
}
