{
  "output": "benchmarks/pro_30fps_20260920/quality-steps2-seed0",
  "runs": [
    {
      "repeat": 0,
      "generation_s": 16.940504814032465,
      "useful_fps": 14.757529527273324,
      "first_window_latency_s": 1.8649337970418856,
      "chunk_times_s": [
        1.8649337970418856,
        1.8681087290169671,
        1.8724363290239125,
        1.8657949360786006,
        1.8884169510565698,
        1.8646948290988803,
        1.878456256003119,
        1.8563778060488403,
        1.8567507290281355
      ],
      "chunk_distribution_s": {
        "count": 9,
        "min": 1.8563778060488403,
        "p50": 1.8657949360786006,
        "p95": 1.8844326730351895,
        "p99": 1.8876200954522937,
        "max": 1.8884169510565698
      },
      "stage_seconds": {
        "audio": 0.07159443235397339,
        "dit": 4.170829345703125,
        "vae_decode": 11.002427978515627,
        "motion_encode": 1.3771402587890624
      },
      "peak_allocated_mib": 5041.28955078125,
      "peak_reserved_mib": 8262.0,
      "resource_summary": {
        "sample_count": 21,
        "gpu_utilization_percent": {
          "mean": 97.9047619047619,
          "min": 78.0,
          "max": 100.0
        },
        "gpu_vram_used_mib": {
          "mean": 11351.904761904761,
          "min": 10678.0,
          "max": 11768.0
        },
        "system_cpu_percent": {
          "mean": 4.5285714285714285,
          "min": 0.0,
          "max": 8.4
        },
        "process_cpu_percent": {
          "mean": 95.41904761904762,
          "min": 0.0,
          "max": 107.5
        },
        "system_ram_used_mib": {
          "mean": 22143.82254464286,
          "min": 21997.3359375,
          "max": 22287.6953125
        },
        "system_ram_percent": {
          "mean": 71.54285714285714,
          "min": 71.1,
          "max": 72.0
        },
        "process_rss_mib": {
          "mean": 5016.237723214285,
          "min": 4920.07421875,
          "max": 5043.53515625
        },
        "torch_allocated_mib": {
          "mean": 3989.9318033854165,
          "min": 3219.7314453125,
          "max": 5019.91455078125
        },
        "torch_reserved_mib": {
          "mean": 7440.0952380952385,
          "min": 6964.0,
          "max": 7814.0
        }
      }
    }
  ]
}
