{
  "output": "benchmarks/pro_30fps_20260922/final-v4-r01",
  "runs": [
    {
      "repeat": 0,
      "generation_s": 8.402370176976547,
      "useful_fps": 29.753509394888187,
      "first_window_latency_s": 0.98850712494459,
      "chunk_times_s": [
        0.98850712494459,
        0.9113191040232778,
        0.9109314540401101,
        0.9122825810918584,
        0.9113276440184563,
        0.9117675819434226,
        0.912282139994204,
        0.9123179389862344,
        0.9128372579580173
      ],
      "chunk_distribution_s": {
        "count": 9,
        "min": 0.9109314540401101,
        "p50": 0.912282139994204,
        "p95": 0.958239178149961,
        "p99": 0.9824535355856642,
        "max": 0.98850712494459
      },
      "stage_seconds": {
        "audio": 0.0712363200187683,
        "dit": 3.073104751586914,
        "vae_decode": 3.89885726928711,
        "motion_encode": 1.0493898773193358
      },
      "peak_allocated_mib": 7187.4111328125,
      "peak_reserved_mib": 8550.0,
      "resource_summary": {
        "sample_count": 16,
        "gpu_utilization_percent": {
          "mean": 98.8125,
          "min": 84.0,
          "max": 100.0
        },
        "gpu_vram_used_mib": {
          "mean": 8996.5,
          "min": 8699.0,
          "max": 9039.0
        },
        "system_cpu_percent": {
          "mean": 3.2625,
          "min": 0.0,
          "max": 4.0
        },
        "process_cpu_percent": {
          "mean": 97.79374999999999,
          "min": 0.0,
          "max": 110.0
        },
        "system_ram_used_mib": {
          "mean": 19428.998291015625,
          "min": 19370.18359375,
          "max": 19464.8984375
        },
        "system_ram_percent": {
          "mean": 62.78124999999999,
          "min": 62.6,
          "max": 62.9
        },
        "process_rss_mib": {
          "mean": 5126.405517578125,
          "min": 5055.07421875,
          "max": 5154.67578125
        },
        "torch_allocated_mib": {
          "mean": 5912.070159912109,
          "min": 5764.7783203125,
          "max": 6055.841796875
        },
        "torch_reserved_mib": {
          "mean": 8507.5,
          "min": 8210.0,
          "max": 8550.0
        }
      }
    }
  ]
}
