{
  "output": "benchmarks/pro_30fps_20260921/adv-prealloc-r02",
  "runs": [
    {
      "repeat": 0,
      "generation_s": 14.459332613041624,
      "useful_fps": 17.289871302532454,
      "first_window_latency_s": 1.7269467050209641,
      "chunk_times_s": [
        1.7269467050209641,
        1.5808696569874883,
        1.5854988410137594,
        1.5783358659828082,
        1.5718737189890817,
        1.584391855983995,
        1.5739437830634415,
        1.5692172410199419,
        1.574689612025395
      ],
      "chunk_distribution_s": {
        "count": 9,
        "min": 1.5692172410199419,
        "p50": 1.5783358659828082,
        "p95": 1.6703675594180822,
        "p99": 1.7156308759003878,
        "max": 1.7269467050209641
      },
      "stage_seconds": {
        "audio": 0.07469372653961182,
        "dit": 3.576729125976562,
        "vae_decode": 7.794870361328123,
        "motion_encode": 2.6958661804199213
      },
      "peak_allocated_mib": 9570.97412109375,
      "peak_reserved_mib": 11150.0,
      "resource_summary": {
        "sample_count": 20,
        "gpu_utilization_percent": {
          "mean": 99.1,
          "min": 83.0,
          "max": 100.0
        },
        "gpu_vram_used_mib": {
          "mean": 11355.0,
          "min": 10749.0,
          "max": 11857.0
        },
        "system_cpu_percent": {
          "mean": 7.265000000000002,
          "min": 3.3,
          "max": 50.0
        },
        "process_cpu_percent": {
          "mean": 208.74499999999998,
          "min": 98.7,
          "max": 2226.4
        },
        "system_ram_used_mib": {
          "mean": 19897.612890625,
          "min": 19845.37109375,
          "max": 19919.98046875
        },
        "system_ram_percent": {
          "mean": 64.26999999999998,
          "min": 64.1,
          "max": 64.4
        },
        "process_rss_mib": {
          "mean": 5034.183984375,
          "min": 4979.36328125,
          "max": 5045.296875
        },
        "torch_allocated_mib": {
          "mean": 8603.285888671875,
          "min": 8465.6689453125,
          "max": 8903.4306640625
        },
        "torch_reserved_mib": {
          "mean": 10535.5,
          "min": 9904.0,
          "max": 11148.0
        }
      }
    }
  ]
}
