{
  "output": "benchmarks/pro_30fps_20260921/p1-calib",
  "runs": [
    {
      "repeat": 0,
      "generation_s": 14.935390567989089,
      "useful_fps": 16.73876547532832,
      "first_window_latency_s": 1.6595424030674621,
      "chunk_times_s": [
        1.6595424030674621,
        1.6409296820638701,
        1.6297262590378523,
        1.6424133999971673,
        1.6547974050045013,
        1.6453772130189463,
        1.6435732730897143,
        1.6513201439520344,
        1.644802395021543
      ],
      "chunk_distribution_s": {
        "count": 9,
        "min": 1.6297262590378523,
        "p50": 1.644802395021543,
        "p95": 1.6576444038422777,
        "p99": 1.6591628032224253,
        "max": 1.6595424030674621
      },
      "stage_seconds": {
        "audio": 0.07169999933242797,
        "dit": 4.109712966918945,
        "vae_decode": 9.288435913085939,
        "motion_encode": 1.1244698638916015
      },
      "peak_allocated_mib": 5619.212890625,
      "peak_reserved_mib": 11142.0,
      "resource_summary": {
        "sample_count": 18,
        "gpu_utilization_percent": {
          "mean": 97.0,
          "min": 78.0,
          "max": 100.0
        },
        "gpu_vram_used_mib": {
          "mean": 9397.333333333334,
          "min": 8273.0,
          "max": 9973.0
        },
        "system_cpu_percent": {
          "mean": 4.73888888888889,
          "min": 0.0,
          "max": 7.8
        },
        "process_cpu_percent": {
          "mean": 96.14999999999999,
          "min": 0.0,
          "max": 105.9
        },
        "system_ram_used_mib": {
          "mean": 23041.258897569445,
          "min": 22952.8046875,
          "max": 23266.609375
        },
        "system_ram_percent": {
          "mean": 74.44444444444446,
          "min": 74.2,
          "max": 75.2
        },
        "process_rss_mib": {
          "mean": 5072.207899305556,
          "min": 4983.28515625,
          "max": 5084.64453125
        },
        "torch_allocated_mib": {
          "mean": 4405.047824435764,
          "min": 3842.0478515625,
          "max": 4932.861328125
        },
        "torch_reserved_mib": {
          "mean": 7593.0,
          "min": 5960.0,
          "max": 9042.0
        }
      }
    }
  ]
}
