{
  "output": "benchmarks/pro_30fps_20260920/quality-steps2-seed51",
  "runs": [
    {
      "repeat": 0,
      "generation_s": 17.212136553018354,
      "useful_fps": 14.524634941741704,
      "first_window_latency_s": 1.891412781085819,
      "chunk_times_s": [
        1.891412781085819,
        1.8792478099931031,
        1.8915662600193173,
        1.8951240230817348,
        1.8784877579892054,
        1.909139162977226,
        1.8800495939794928,
        1.8797234600642696,
        1.9003617110429332
      ],
      "chunk_distribution_s": {
        "count": 9,
        "min": 1.8784877579892054,
        "p50": 1.891412781085819,
        "p95": 1.9056281822035088,
        "p99": 1.9084369668224825,
        "max": 1.909139162977226
      },
      "stage_seconds": {
        "audio": 0.0715360641479492,
        "dit": 4.175503311157226,
        "vae_decode": 11.007880249023438,
        "motion_encode": 1.3773384399414064
      },
      "peak_allocated_mib": 5041.28955078125,
      "peak_reserved_mib": 8262.0,
      "resource_summary": {
        "sample_count": 20,
        "gpu_utilization_percent": {
          "mean": 97.3,
          "min": 49.0,
          "max": 100.0
        },
        "gpu_vram_used_mib": {
          "mean": 11301.1,
          "min": 10004.0,
          "max": 11776.0
        },
        "system_cpu_percent": {
          "mean": 5.644999999999999,
          "min": 0.0,
          "max": 14.2
        },
        "process_cpu_percent": {
          "mean": 96.555,
          "min": 0.0,
          "max": 115.4
        },
        "system_ram_used_mib": {
          "mean": 20687.208203125,
          "min": 20582.2734375,
          "max": 20753.328125
        },
        "system_ram_percent": {
          "mean": 66.83,
          "min": 66.5,
          "max": 67.0
        },
        "process_rss_mib": {
          "mean": 3306.9234375,
          "min": 3219.02734375,
          "max": 3371.79296875
        },
        "torch_allocated_mib": {
          "mean": 3966.8533203125,
          "min": 3216.287109375,
          "max": 5019.91455078125
        },
        "torch_reserved_mib": {
          "mean": 7300.9,
          "min": 6426.0,
          "max": 7814.0
        }
      }
    }
  ]
}
