{
  "output": "benchmarks/pro_30fps_20260922/skip-mid8-tail12-r01",
  "runs": [
    {
      "repeat": 0,
      "generation_s": 9.131410964066163,
      "useful_fps": 27.378025256315535,
      "first_window_latency_s": 1.1006124099949375,
      "chunk_times_s": [
        1.1006124099949375,
        0.9845401330385357,
        0.9858804190298542,
        0.9878577120834962,
        0.9887833090033382,
        0.9892345769330859,
        0.990823143045418,
        0.98856888897717,
        0.9921191380126402
      ],
      "chunk_distribution_s": {
        "count": 9,
        "min": 0.9845401330385357,
        "p50": 0.9887833090033382,
        "p95": 1.0572151012020186,
        "p99": 1.0919329482363538,
        "max": 1.1006124099949375
      },
      "stage_seconds": {
        "audio": 0.07594873666763305,
        "dit": 3.565484375,
        "vae_decode": 4.052533569335937,
        "motion_encode": 1.0903603210449218
      },
      "peak_allocated_mib": 6887.68505859375,
      "peak_reserved_mib": 8380.0,
      "resource_summary": {
        "sample_count": 17,
        "gpu_utilization_percent": {
          "mean": 98.11764705882354,
          "min": 77.0,
          "max": 100.0
        },
        "gpu_vram_used_mib": {
          "mean": 8823.0,
          "min": 8823.0,
          "max": 8823.0
        },
        "system_cpu_percent": {
          "mean": 6.723529411764706,
          "min": 0.0,
          "max": 11.5
        },
        "process_cpu_percent": {
          "mean": 98.11764705882354,
          "min": 0.0,
          "max": 111.2
        },
        "system_ram_used_mib": {
          "mean": 18005.68979779412,
          "min": 17904.27734375,
          "max": 18351.7421875
        },
        "system_ram_percent": {
          "mean": 58.17058823529413,
          "min": 57.8,
          "max": 59.3
        },
        "process_rss_mib": {
          "mean": 5283.973805147059,
          "min": 5142.3125,
          "max": 5325.2109375
        },
        "torch_allocated_mib": {
          "mean": 5589.44132008272,
          "min": 5457.44140625,
          "max": 5658.68701171875
        },
        "torch_reserved_mib": {
          "mean": 8380.0,
          "min": 8380.0,
          "max": 8380.0
        }
      }
    }
  ]
}
