{
  "output": "benchmarks/pro_30fps_20260922/ft-mid8-tail12-v2-r01",
  "runs": [
    {
      "repeat": 0,
      "generation_s": 9.009645445039496,
      "useful_fps": 27.748039756397326,
      "first_window_latency_s": 1.044017810956575,
      "chunk_times_s": [
        1.044017810956575,
        0.9671922809211537,
        0.9675949789816514,
        0.9681645079981536,
        0.9679974269820377,
        0.9686555749503896,
        0.9681459439452738,
        0.9713076869957149,
        0.9680936320219189
      ],
      "chunk_distribution_s": {
        "count": 9,
        "min": 0.9671922809211537,
        "p50": 0.9681459439452738,
        "p95": 1.014933761372231,
        "p99": 1.0382010010397063,
        "max": 1.044017810956575
      },
      "stage_seconds": {
        "audio": 0.07134956836700439,
        "dit": 3.3838910675048828,
        "vae_decode": 3.8998834838867187,
        "motion_encode": 1.047453628540039
      },
      "peak_allocated_mib": 6887.68505859375,
      "peak_reserved_mib": 8380.0,
      "resource_summary": {
        "sample_count": 17,
        "gpu_utilization_percent": {
          "mean": 95.76470588235294,
          "min": 62.0,
          "max": 100.0
        },
        "gpu_vram_used_mib": {
          "mean": 8823.0,
          "min": 8823.0,
          "max": 8823.0
        },
        "system_cpu_percent": {
          "mean": 5.129411764705882,
          "min": 0.0,
          "max": 7.6
        },
        "process_cpu_percent": {
          "mean": 100.12352941176471,
          "min": 0.0,
          "max": 113.5
        },
        "system_ram_used_mib": {
          "mean": 16503.736902573528,
          "min": 16412.55078125,
          "max": 16577.10546875
        },
        "system_ram_percent": {
          "mean": 53.311764705882354,
          "min": 53.0,
          "max": 53.6
        },
        "process_rss_mib": {
          "mean": 3692.0013786764707,
          "min": 3604.51171875,
          "max": 3756.65625
        },
        "torch_allocated_mib": {
          "mean": 5613.22616038603,
          "min": 5514.1806640625,
          "max": 5859.6962890625
        },
        "torch_reserved_mib": {
          "mean": 8380.0,
          "min": 8380.0,
          "max": 8380.0
        }
      }
    }
  ]
}
