{
  "output": "benchmarks/pro_30fps_20260921/s30-reuse",
  "runs": [
    {
      "repeat": 0,
      "generation_s": 12.74296518904157,
      "useful_fps": 19.618667734805538,
      "first_window_latency_s": 1.5544576389947906,
      "chunk_times_s": [
        1.5544576389947906,
        1.3814715900225565,
        1.38629925402347,
        1.382949094986543,
        1.378066009026952,
        1.3838814700720832,
        1.3892908230191097,
        1.3905152479419485,
        1.3843014279846102
      ],
      "chunk_distribution_s": {
        "count": 9,
        "min": 1.378066009026952,
        "p50": 1.3843014279846102,
        "p95": 1.4888806825736538,
        "p99": 1.5413422477105632,
        "max": 1.5544576389947906
      },
      "stage_seconds": {
        "audio": 0.07262950325012207,
        "dit": 3.5435700073242193,
        "vae_decode": 7.68450244140625,
        "motion_encode": 1.1150700836181642
      },
      "peak_allocated_mib": 9834.73095703125,
      "peak_reserved_mib": 11160.0,
      "resource_summary": {
        "sample_count": 23,
        "gpu_utilization_percent": {
          "mean": 98.3913043478261,
          "min": 83.0,
          "max": 100.0
        },
        "gpu_vram_used_mib": {
          "mean": 11770.478260869566,
          "min": 10841.0,
          "max": 11869.0
        },
        "system_cpu_percent": {
          "mean": 4.895652173913043,
          "min": 0.0,
          "max": 8.4
        },
        "process_cpu_percent": {
          "mean": 98.49565217391304,
          "min": 0.0,
          "max": 108.3
        },
        "system_ram_used_mib": {
          "mean": 21695.242866847828,
          "min": 21580.234375,
          "max": 21848.9609375
        },
        "system_ram_percent": {
          "mean": 70.08695652173913,
          "min": 69.7,
          "max": 70.6
        },
        "process_rss_mib": {
          "mean": 5035.496773097826,
          "min": 4942.84375,
          "max": 5045.87109375
        },
        "torch_allocated_mib": {
          "mean": 8492.806046195652,
          "min": 8406.4873046875,
          "max": 8579.2568359375
        },
        "torch_reserved_mib": {
          "mean": 11061.478260869566,
          "min": 10132.0,
          "max": 11160.0
        }
      }
    }
  ]
}
