{
  "output": "benchmarks/pro_30fps_20260922/tae-ctl-tts-open-vowels-r01",
  "runs": [
    {
      "repeat": 0,
      "generation_s": 9.28833955898881,
      "useful_fps": 26.915467335392794,
      "first_window_latency_s": 1.0994867801200598,
      "chunk_times_s": [
        1.0994867801200598,
        1.021532375132665,
        1.026013801107183,
        1.021798747126013,
        1.0218037778977305,
        1.0226249860133976,
        1.023982692975551,
        1.025188819039613,
        1.0253935409709811
      ],
      "chunk_distribution_s": {
        "count": 9,
        "min": 1.021532375132665,
        "p50": 1.023982692975551,
        "p95": 1.070097588514909,
        "p99": 1.0936089417990298,
        "max": 1.0994867801200598
      },
      "stage_seconds": {
        "audio": 0.07365923166275024,
        "dit": 4.111340042114258,
        "vae_decode": 3.8977868957519535,
        "motion_encode": 1.0484796676635741
      },
      "peak_allocated_mib": 7158.6748046875,
      "peak_reserved_mib": 8470.0,
      "resource_summary": {
        "sample_count": 18,
        "gpu_utilization_percent": {
          "mean": 99.61111111111111,
          "min": 94.0,
          "max": 100.0
        },
        "gpu_vram_used_mib": {
          "mean": 8911.222222222223,
          "min": 8609.0,
          "max": 8949.0
        },
        "system_cpu_percent": {
          "mean": 5.01111111111111,
          "min": 0.0,
          "max": 10.1
        },
        "process_cpu_percent": {
          "mean": 242.7277777777778,
          "min": 98.3,
          "max": 2666.0
        },
        "system_ram_used_mib": {
          "mean": 21790.873046875,
          "min": 21771.91015625,
          "max": 21804.58984375
        },
        "system_ram_percent": {
          "mean": 70.38888888888889,
          "min": 70.3,
          "max": 70.4
        },
        "process_rss_mib": {
          "mean": 5058.37109375,
          "min": 5056.09375,
          "max": 5060.21875
        },
        "torch_allocated_mib": {
          "mean": 5872.142985026042,
          "min": 5735.5732421875,
          "max": 6030.935546875
        },
        "torch_reserved_mib": {
          "mean": 8432.222222222223,
          "min": 8130.0,
          "max": 8470.0
        }
      }
    }
  ]
}
