{
  "output": "benchmarks/pro_30fps_20260920/quality-steps4-seed50",
  "runs": [
    {
      "repeat": 0,
      "generation_s": 21.186446848907508,
      "useful_fps": 11.799996563033476,
      "first_window_latency_s": 2.3302918770350516,
      "chunk_times_s": [
        2.3302918770350516,
        2.319424549001269,
        2.352856611018069,
        2.3403875500662252,
        2.351180688943714,
        2.3736073930049315,
        2.3343635740457103,
        2.3399591631023213,
        2.3236069950507954
      ],
      "chunk_distribution_s": {
        "count": 9,
        "min": 2.319424549001269,
        "p50": 2.3399591631023213,
        "p95": 2.3653070802101865,
        "p99": 2.3719473304459826,
        "max": 2.3736073930049315
      },
      "stage_seconds": {
        "audio": 0.07242067241668701,
        "dit": 8.444152709960935,
        "vae_decode": 10.97604345703125,
        "motion_encode": 1.3773888854980467
      },
      "peak_allocated_mib": 5041.33154296875,
      "peak_reserved_mib": 8262.0,
      "resource_summary": {
        "sample_count": 29,
        "gpu_utilization_percent": {
          "mean": 98.89655172413794,
          "min": 86.0,
          "max": 100.0
        },
        "gpu_vram_used_mib": {
          "mean": 11154.551724137931,
          "min": 10004.0,
          "max": 11776.0
        },
        "system_cpu_percent": {
          "mean": 4.896551724137932,
          "min": 0.0,
          "max": 8.0
        },
        "process_cpu_percent": {
          "mean": 96.76206896551726,
          "min": 0.0,
          "max": 108.3
        },
        "system_ram_used_mib": {
          "mean": 22089.201912715518,
          "min": 22030.66796875,
          "max": 22113.828125
        },
        "system_ram_percent": {
          "mean": 71.36206896551727,
          "min": 71.2,
          "max": 71.4
        },
        "process_rss_mib": {
          "mean": 5007.815059267241,
          "min": 4972.59375,
          "max": 5013.59765625
        },
        "torch_allocated_mib": {
          "mean": 3743.813375538793,
          "min": 3166.3310546875,
          "max": 5019.95654296875
        },
        "torch_reserved_mib": {
          "mean": 7292.3448275862065,
          "min": 6426.0,
          "max": 7814.0
        }
      }
    }
  ]
}
