{
  "output": "benchmarks/pro_30fps_20260922/lean-sched-r01",
  "runs": [
    {
      "repeat": 0,
      "generation_s": 12.815420944010839,
      "sessions": 1,
      "frames_per_session": 250,
      "frames_total": 250,
      "useful_fps": 19.507747821333567,
      "useful_fps_per_session": 19.507747821333567,
      "first_window_latency_s": 1.5506094610318542,
      "chunk_times_s": [
        [
          1.5506094610318542,
          1.4016676490427926,
          1.387291774037294,
          1.4277547339443117,
          1.404749608016573,
          1.3908645410556346,
          1.4231784970033914,
          1.3901367241051048,
          1.4207208849256858
        ]
      ],
      "chunk_distribution_s": {
        "count": 9,
        "min": 1.387291774037294,
        "p50": 1.404749608016573,
        "p95": 1.5014675701968372,
        "p99": 1.5407810828648507,
        "max": 1.5506094610318542
      },
      "stage_seconds": {
        "audio": 0.07107276868820189,
        "dit": 3.563788009643555,
        "vae_decode": 7.749243774414063,
        "motion_encode": 1.2553931808471679
      },
      "stage_seconds_per_session": [
        {
          "audio": 0.07107276868820189,
          "dit": 3.563788009643555,
          "vae_decode": 7.749243774414063,
          "motion_encode": 1.2553931808471679
        }
      ],
      "stage_seconds_note": "per-session CUDA event spans; DiT/audio/encode on the session's stream, vae_decode on the shared decode stream; sessions overlap, so the sums exceed wall time by design",
      "host_decode_wait_s": 3.565975930541754e-05,
      "peak_allocated_mib": 8919.9609375,
      "peak_reserved_mib": 11352.0,
      "resource_summary": {
        "sample_count": 19,
        "gpu_utilization_percent": {
          "mean": 99.6842105263158,
          "min": 94.0,
          "max": 100.0
        },
        "gpu_vram_used_mib": {
          "mean": 10712.157894736842,
          "min": 9957.0,
          "max": 11825.0
        },
        "system_cpu_percent": {
          "mean": 3.1105263157894734,
          "min": 0.0,
          "max": 3.8
        },
        "process_cpu_percent": {
          "mean": 94.30526315789473,
          "min": 0.0,
          "max": 101.3
        },
        "system_ram_used_mib": {
          "mean": 16305.108552631578,
          "min": 16263.453125,
          "max": 16373.07421875
        },
        "system_ram_percent": {
          "mean": 52.689473684210526,
          "min": 52.5,
          "max": 52.9
        },
        "process_rss_mib": {
          "mean": 3530.8291529605262,
          "min": 3494.0234375,
          "max": 3585.27734375
        },
        "torch_allocated_mib": {
          "mean": 7747.194490131579,
          "min": 7579.6787109375,
          "max": 7984.1455078125
        },
        "torch_reserved_mib": {
          "mean": 9930.105263157895,
          "min": 9018.0,
          "max": 11348.0
        }
      }
    }
  ]
}
