{
  "output": "benchmarks/pro_30fps_20260920/matrix/stackedA__tts-open-vowels",
  "runs": [
    {
      "repeat": 0,
      "generation_s": 16.297173463972285,
      "useful_fps": 15.340083392538476,
      "first_window_latency_s": 1.8052046109223738,
      "chunk_times_s": [
        1.8052046109223738,
        1.8101811349624768,
        1.7834148950641975,
        1.7956296309130266,
        1.7974227529484779,
        1.7825628949794918,
        1.807051511015743,
        1.7845071710180491,
        1.8008222579956055
      ],
      "chunk_distribution_s": {
        "count": 9,
        "min": 1.7825628949794918,
        "p50": 1.7974227529484779,
        "p95": 1.8089292853837833,
        "p99": 1.809930765046738,
        "max": 1.8101811349624768
      },
      "stage_seconds": {
        "audio": 0.07201049613952637,
        "dit": 3.8443162689208985,
        "vae_decode": 10.949456298828125,
        "motion_encode": 1.083805595397949
      },
      "peak_allocated_mib": 4904.08251953125,
      "peak_reserved_mib": 8242.0,
      "resource_summary": {
        "sample_count": 25,
        "gpu_utilization_percent": {
          "mean": 98.68,
          "min": 83.0,
          "max": 100.0
        },
        "gpu_vram_used_mib": {
          "mean": 11283.68,
          "min": 10388.0,
          "max": 11774.0
        },
        "system_cpu_percent": {
          "mean": 4.9719999999999995,
          "min": 0.0,
          "max": 8.9
        },
        "process_cpu_percent": {
          "mean": 97.04399999999998,
          "min": 0.0,
          "max": 114.0
        },
        "system_ram_used_mib": {
          "mean": 23015.02734375,
          "min": 22740.3125,
          "max": 23153.39453125
        },
        "system_ram_percent": {
          "mean": 74.34800000000004,
          "min": 73.5,
          "max": 74.8
        },
        "process_rss_mib": {
          "mean": 5138.07203125,
          "min": 5006.57421875,
          "max": 5189.640625
        },
        "torch_allocated_mib": {
          "mean": 3925.78513671875,
          "min": 3085.3369140625,
          "max": 4882.4619140625
        },
        "torch_reserved_mib": {
          "mean": 7400.72,
          "min": 6810.0,
          "max": 7756.0
        }
      }
    }
  ]
}
