{
  "output": "benchmarks/pro_30fps_20260922/graph-r01",
  "runs": [
    {
      "repeat": 0,
      "generation_s": 11.832815757021308,
      "useful_fps": 21.127684663868447,
      "first_window_latency_s": 1.415125900064595,
      "chunk_times_s": [
        1.415125900064595,
        1.286753466934897,
        1.2845522140851244,
        1.2845552529906854,
        1.2851607810007408,
        1.2886429800419137,
        1.289483517059125,
        1.2890526689589024,
        1.290189506020397
      ],
      "chunk_distribution_s": {
        "count": 9,
        "min": 1.2845522140851244,
        "p50": 1.2886429800419137,
        "p95": 1.3651513424469157,
        "p99": 1.4051309885410592,
        "max": 1.415125900064595
      },
      "stage_seconds": {
        "audio": 0.07247907161712645,
        "dit": 3.3810325012207025,
        "vae_decode": 7.015230407714844,
        "motion_encode": 1.052179458618164
      },
      "peak_allocated_mib": 9079.01904296875,
      "peak_reserved_mib": 10992.0,
      "resource_summary": {
        "sample_count": 22,
        "gpu_utilization_percent": {
          "mean": 98.22727272727273,
          "min": 79.0,
          "max": 100.0
        },
        "gpu_vram_used_mib": {
          "mean": 11485.0,
          "min": 11485.0,
          "max": 11485.0
        },
        "system_cpu_percent": {
          "mean": 5.2727272727272725,
          "min": 0.0,
          "max": 7.7
        },
        "process_cpu_percent": {
          "mean": 98.49090909090908,
          "min": 0.0,
          "max": 112.4
        },
        "system_ram_used_mib": {
          "mean": 18133.741832386364,
          "min": 18074.046875,
          "max": 18184.91796875
        },
        "system_ram_percent": {
          "mean": 58.58636363636364,
          "min": 58.4,
          "max": 58.8
        },
        "process_rss_mib": {
          "mean": 5189.937677556818,
          "min": 5125.609375,
          "max": 5254.2734375
        },
        "torch_allocated_mib": {
          "mean": 7799.298473011364,
          "min": 7649.04296875,
          "max": 7871.3349609375
        },
        "torch_reserved_mib": {
          "mean": 10992.0,
          "min": 10992.0,
          "max": 10992.0
        }
      }
    }
  ]
}
