{
  "output": "benchmarks/pro_30fps_20260920/crossqo-r01",
  "runs": [
    {
      "repeat": 0,
      "generation_s": 20.849677529069595,
      "useful_fps": 11.990593123152063,
      "first_window_latency_s": 2.2869347520172596,
      "chunk_times_s": [
        2.2869347520172596,
        2.2930484000826254,
        2.3112713070586324,
        2.2899056379683316,
        2.321735610952601,
        2.290449891006574,
        2.298259160015732,
        2.3195727670099586,
        2.310139707988128
      ],
      "chunk_distribution_s": {
        "count": 9,
        "min": 2.2869347520172596,
        "p50": 2.298259160015732,
        "p95": 2.320870473375544,
        "p99": 2.3215625834371894,
        "max": 2.321735610952601
      },
      "stage_seconds": {
        "audio": 0.07271081590652465,
        "dit": 8.10478938293457,
        "vae_decode": 10.97239453125,
        "motion_encode": 1.3750413513183595
      },
      "peak_allocated_mib": 4903.4794921875,
      "peak_reserved_mib": 8234.0,
      "resource_summary": {
        "sample_count": 34,
        "gpu_utilization_percent": {
          "mean": 98.8529411764706,
          "min": 83.0,
          "max": 100.0
        },
        "gpu_vram_used_mib": {
          "mean": 11275.470588235294,
          "min": 10450.0,
          "max": 11812.0
        },
        "system_cpu_percent": {
          "mean": 5.141176470588237,
          "min": 0.0,
          "max": 9.7
        },
        "process_cpu_percent": {
          "mean": 97.65,
          "min": 0.0,
          "max": 109.7
        },
        "system_ram_used_mib": {
          "mean": 22262.24724264706,
          "min": 22183.875,
          "max": 22336.296875
        },
        "system_ram_percent": {
          "mean": 71.91470588235292,
          "min": 71.7,
          "max": 72.2
        },
        "process_rss_mib": {
          "mean": 5010.845243566177,
          "min": 4966.40625,
          "max": 5063.58984375
        },
        "torch_allocated_mib": {
          "mean": 3687.770321116728,
          "min": 3030.2763671875,
          "max": 4881.33203125
        },
        "torch_reserved_mib": {
          "mean": 7475.294117647059,
          "min": 6872.0,
          "max": 7892.0
        }
      }
    }
  ]
}
