{
  "output": "benchmarks/pro_30fps_20260921/s30-final-fast",
  "runs": [
    {
      "repeat": 0,
      "generation_s": 12.76331771502737,
      "useful_fps": 19.58738359272003,
      "first_window_latency_s": 1.5386882810853422,
      "chunk_times_s": [
        1.5386882810853422,
        1.389005204080604,
        1.396411149064079,
        1.3888659130316228,
        1.3856711930129677,
        1.3896462899865583,
        1.3874696569982916,
        1.387702006031759,
        1.3871548280585557
      ],
      "chunk_distribution_s": {
        "count": 9,
        "min": 1.3856711930129677,
        "p50": 1.3888659130316228,
        "p95": 1.4817774282768368,
        "p99": 1.5273061105236412,
        "max": 1.5386882810853422
      },
      "stage_seconds": {
        "audio": 0.07332864046096801,
        "dit": 3.5739275665283197,
        "vae_decode": 7.683782165527344,
        "motion_encode": 1.118455307006836
      },
      "peak_allocated_mib": 9834.71630859375,
      "peak_reserved_mib": 11160.0,
      "resource_summary": {
        "sample_count": 23,
        "gpu_utilization_percent": {
          "mean": 98.3913043478261,
          "min": 83.0,
          "max": 100.0
        },
        "gpu_vram_used_mib": {
          "mean": 11770.478260869566,
          "min": 10841.0,
          "max": 11869.0
        },
        "system_cpu_percent": {
          "mean": 4.547826086956522,
          "min": 0.0,
          "max": 6.9
        },
        "process_cpu_percent": {
          "mean": 98.4521739130435,
          "min": 0.0,
          "max": 109.8
        },
        "system_ram_used_mib": {
          "mean": 19571.126358695652,
          "min": 19527.48046875,
          "max": 19586.4609375
        },
        "system_ram_percent": {
          "mean": 63.23043478260868,
          "min": 63.1,
          "max": 63.3
        },
        "process_rss_mib": {
          "mean": 5094.032438858696,
          "min": 5060.11328125,
          "max": 5098.88671875
        },
        "torch_allocated_mib": {
          "mean": 8502.598738960598,
          "min": 8406.9609375,
          "max": 8765.4384765625
        },
        "torch_reserved_mib": {
          "mean": 11052.521739130434,
          "min": 10132.0,
          "max": 11160.0
        }
      }
    }
  ]
}
