{
  "output": "benchmarks/pro_30fps_20260920/steps2-r01",
  "runs": [
    {
      "repeat": 0,
      "generation_s": 16.88474380399566,
      "useful_fps": 14.806265520051253,
      "first_window_latency_s": 1.8683249859604985,
      "chunk_times_s": [
        1.8683249859604985,
        1.8516164149623364,
        1.8606644419487566,
        1.870570286992006,
        1.8484523029765114,
        1.8682074090465903,
        1.8638698749709874,
        1.856529347016476,
        1.8824498009635136
      ],
      "chunk_distribution_s": {
        "count": 9,
        "min": 1.8484523029765114,
        "p50": 1.8638698749709874,
        "p95": 1.8776979953749104,
        "p99": 1.881499439845793,
        "max": 1.8824498009635136
      },
      "stage_seconds": {
        "audio": 0.07316697549819946,
        "dit": 4.162301559448243,
        "vae_decode": 10.964001586914064,
        "motion_encode": 1.3760408935546875
      },
      "peak_allocated_mib": 5041.28955078125,
      "peak_reserved_mib": 8264.0,
      "resource_summary": {
        "sample_count": 21,
        "gpu_utilization_percent": {
          "mean": 98.52380952380952,
          "min": 84.0,
          "max": 100.0
        },
        "gpu_vram_used_mib": {
          "mean": 11246.666666666666,
          "min": 10472.0,
          "max": 11838.0
        },
        "system_cpu_percent": {
          "mean": 5.152380952380952,
          "min": 0.0,
          "max": 8.3
        },
        "process_cpu_percent": {
          "mean": 96.16190476190478,
          "min": 0.0,
          "max": 107.8
        },
        "system_ram_used_mib": {
          "mean": 22022.643229166668,
          "min": 21963.96875,
          "max": 22139.73046875
        },
        "system_ram_percent": {
          "mean": 71.13809523809526,
          "min": 71.0,
          "max": 71.5
        },
        "process_rss_mib": {
          "mean": 5030.808779761905,
          "min": 4972.45703125,
          "max": 5071.75
        },
        "torch_allocated_mib": {
          "mean": 3962.9758882068454,
          "min": 3165.80078125,
          "max": 5019.91455078125
        },
        "torch_reserved_mib": {
          "mean": 7383.523809523809,
          "min": 6894.0,
          "max": 7716.0
        }
      }
    }
  ]
}
