[generate] model denoise per step: 2.0375397205352783s
[generate] model denoise per step: 0.2509889602661133s
[generate] model denoise per step: 0.252744197845459s
[generate] model denoise per step: 0.2530941963195801s
[generate] decode video frames: 6.030045509338379s
[generate] color correction: 0.011138200759887695s
[generate] encode motion frames: 0.15275955200195312s
[generate] model denoise per step: 0.25240063667297363s
[generate] model denoise per step: 0.2546510696411133s
[generate] model denoise per step: 0.2564108371734619s
[generate] model denoise per step: 0.2549262046813965s
[generate] decode video frames: 1.447127342224121s
[generate] color correction: 0.00982356071472168s
[generate] encode motion frames: 0.15322589874267578s
[generate] model denoise per step: 0.2531585693359375s
[generate] model denoise per step: 0.2534961700439453s
[generate] model denoise per step: 0.2558579444885254s
[generate] model denoise per step: 0.2563936710357666s
[generate] decode video frames: 1.4484667778015137s
[generate] color correction: 0.009710311889648438s
[generate] encode motion frames: 0.15305113792419434s
[generate] model denoise per step: 0.2504446506500244s
[generate] model denoise per step: 0.2532334327697754s
[generate] model denoise per step: 0.25311923027038574s
[generate] model denoise per step: 0.259523868560791s
[generate] decode video frames: 1.4494047164916992s
[generate] color correction: 0.009764432907104492s
[generate] encode motion frames: 0.15312576293945312s
[generate] model denoise per step: 0.2536489963531494s
[generate] model denoise per step: 0.25400400161743164s
[generate] model denoise per step: 0.2534971237182617s
[generate] model denoise per step: 0.2603616714477539s
[generate] decode video frames: 1.4522192478179932s
[generate] color correction: 0.009657144546508789s
[generate] encode motion frames: 0.15305638313293457s
[generate] model denoise per step: 0.25281620025634766s
[generate] model denoise per step: 0.2543144226074219s
[generate] model denoise per step: 0.2539820671081543s
[generate] model denoise per step: 0.26096606254577637s
[generate] decode video frames: 1.451655626296997s
[generate] color correction: 0.009757757186889648s
[generate] encode motion frames: 0.15317726135253906s
[generate] model denoise per step: 0.25220274925231934s
[generate] model denoise per step: 0.25345826148986816s
[generate] model denoise per step: 0.25348901748657227s
[generate] model denoise per step: 0.2595815658569336s
[generate] decode video frames: 1.4522173404693604s
[generate] color correction: 0.009660482406616211s
[generate] encode motion frames: 0.15430641174316406s
[generate] model denoise per step: 0.2523205280303955s
[generate] model denoise per step: 0.25389862060546875s
[generate] model denoise per step: 0.2540416717529297s
[generate] model denoise per step: 0.26043128967285156s
[generate] decode video frames: 1.4490857124328613s
[generate] color correction: 0.0097503662109375s
[generate] encode motion frames: 0.15314483642578125s
[generate] model denoise per step: 0.24956941604614258s
[generate] model denoise per step: 0.2575671672821045s
[generate] model denoise per step: 0.25786638259887695s
[generate] model denoise per step: 0.25942468643188477s
[generate] decode video frames: 1.4492557048797607s
[generate] color correction: 0.009740591049194336s
[generate] encode motion frames: 0.1533498764038086s
[generate] model denoise per step: 0.25294995307922363s
[generate] model denoise per step: 0.2536473274230957s
[generate] model denoise per step: 0.2542695999145508s
[generate] model denoise per step: 0.2613990306854248s
[generate] decode video frames: 1.4517040252685547s
[generate] color correction: 0.009781837463378906s
[generate] encode motion frames: 0.15334677696228027s
[generate] model denoise per step: 0.2533719539642334s
[generate] model denoise per step: 0.254192590713501s
[generate] model denoise per step: 0.25453948974609375s
[generate] model denoise per step: 0.26146411895751953s
[generate] decode video frames: 1.4514000415802002s
[generate] color correction: 0.009757757186889648s
[generate] encode motion frames: 0.15369248390197754s
{
  "output": "benchmarks/pro_30fps_20260919/acceptance-r01/runs/004-reference-seed50-r03",
  "runs": [
    {
      "repeat": 0,
      "generation_s": 24.29026519798208,
      "useful_fps": 10.292188988565213,
      "first_window_latency_s": 2.670533124008216,
      "chunk_times_s": [
        2.670533124008216,
        2.6693946010200307,
        2.677090031967964,
        2.677370203018654,
        2.675836859969422,
        2.673719232028816,
        2.6782100449781865,
        2.6781465070089325,
        2.6799587520072237
      ],
      "chunk_distribution_s": {
        "count": 9,
        "min": 2.6693946010200307,
        "p50": 2.677090031967964,
        "p95": 2.679259269195609,
        "p99": 2.6798188554449007,
        "max": 2.6799587520072237
      },
      "stage_seconds": {
        "audio": 0.07115183925628663,
        "dit": 9.184394577026366,
        "vae_decode": 13.054894897460937,
        "motion_encode": 1.379977600097656
      },
      "peak_allocated_mib": 6523.87353515625,
      "peak_reserved_mib": 7644.0,
      "resource_summary": {
        "sample_count": 45,
        "gpu_utilization_percent": {
          "mean": 98.82222222222222,
          "min": 50.0,
          "max": 100.0
        },
        "gpu_vram_used_mib": {
          "mean": 10608.0,
          "min": 10608.0,
          "max": 10608.0
        },
        "system_cpu_percent": {
          "mean": 4.713333333333333,
          "min": 0.0,
          "max": 7.4
        },
        "process_cpu_percent": {
          "mean": 100.10000000000002,
          "min": 0.0,
          "max": 115.5
        },
        "system_ram_used_mib": {
          "mean": 12831.412586805556,
          "min": 12713.08203125,
          "max": 13075.56640625
        },
        "system_ram_percent": {
          "mean": 41.45777777777775,
          "min": 41.1,
          "max": 42.2
        },
        "process_rss_mib": {
          "mean": 3161.84375,
          "min": 3054.546875,
          "max": 3235.38671875
        },
        "torch_allocated_mib": {
          "mean": 3241.840874565972,
          "min": 2509.685546875,
          "max": 6268.91259765625
        },
        "torch_reserved_mib": {
          "mean": 7644.0,
          "min": 7644.0,
          "max": 7644.0
        }
      }
    }
  ]
}
