{
  "output": "benchmarks/pro_30fps_20260922/tae-decenc-trt-r01",
  "runs": [
    {
      "repeat": 0,
      "generation_s": 4.725667038932443,
      "useful_fps": 52.90258453259046,
      "first_window_latency_s": 0.5337787179742008,
      "chunk_times_s": [
        0.5337787179742008,
        0.5230155801400542,
        0.5239036080893129,
        0.5229337620548904,
        0.5231865220703185,
        0.5230657828506082,
        0.5262147909961641,
        0.5250459159724414,
        0.524060252122581
      ],
      "chunk_distribution_s": {
        "count": 9,
        "min": 0.5229337620548904,
        "p50": 0.5239036080893129,
        "p95": 0.5307531471829862,
        "p99": 0.5331736038159579,
        "max": 0.5337787179742008
      },
      "stage_seconds": {
        "audio": 0.07305238342285156,
        "dit": 4.102664779663086,
        "vae_decode": 0.3336123161315918,
        "motion_encode": 0.057555327892303464
      },
      "peak_allocated_mib": 4859.27685546875,
      "peak_reserved_mib": 5778.0,
      "resource_summary": {
        "sample_count": 9,
        "gpu_utilization_percent": {
          "mean": 99.55555555555556,
          "min": 96.0,
          "max": 100.0
        },
        "gpu_vram_used_mib": {
          "mean": 6105.0,
          "min": 6105.0,
          "max": 6105.0
        },
        "system_cpu_percent": {
          "mean": 4.300000000000001,
          "min": 0.0,
          "max": 7.1
        },
        "process_cpu_percent": {
          "mean": 861.0555555555554,
          "min": 98.7,
          "max": 6950.7
        },
        "system_ram_used_mib": {
          "mean": 21291.222222222223,
          "min": 21277.08203125,
          "max": 21298.828125
        },
        "system_ram_percent": {
          "mean": 68.78888888888889,
          "min": 68.7,
          "max": 68.8
        },
        "process_rss_mib": {
          "mean": 4847.8125,
          "min": 4847.8125,
          "max": 4847.8125
        },
        "torch_allocated_mib": {
          "mean": 4566.94091796875,
          "min": 4415.4384765625,
          "max": 4604.16455078125
        },
        "torch_reserved_mib": {
          "mean": 5778.0,
          "min": 5778.0,
          "max": 5778.0
        }
      }
    }
  ]
}
