{
  "output": "benchmarks/pro_30fps_20260921/p1-a-nopassthrough",
  "runs": [
    {
      "repeat": 0,
      "generation_s": 15.475587947992608,
      "useful_fps": 16.154475089421616,
      "first_window_latency_s": 1.7132140260655433,
      "chunk_times_s": [
        1.7132140260655433,
        1.687035363051109,
        1.6932669510133564,
        1.7157308110035956,
        1.7073887070873752,
        1.7093272730708122,
        1.7181605579098687,
        1.7035423609195277,
        1.7027746520470828
      ],
      "chunk_distribution_s": {
        "count": 9,
        "min": 1.687035363051109,
        "p50": 1.7073887070873752,
        "p95": 1.7171886591473595,
        "p99": 1.7179661781573667,
        "max": 1.7181605579098687
      },
      "stage_seconds": {
        "audio": 0.07167952013015746,
        "dit": 3.828171844482422,
        "vae_decode": 10.114715209960938,
        "motion_encode": 1.1121497192382814
      },
      "peak_allocated_mib": 6430.9619140625,
      "peak_reserved_mib": 11164.0,
      "resource_summary": {
        "sample_count": 27,
        "gpu_utilization_percent": {
          "mean": 98.62962962962963,
          "min": 83.0,
          "max": 100.0
        },
        "gpu_vram_used_mib": {
          "mean": 10785.074074074075,
          "min": 8871.0,
          "max": 11871.0
        },
        "system_cpu_percent": {
          "mean": 4.78888888888889,
          "min": 0.0,
          "max": 7.7
        },
        "process_cpu_percent": {
          "mean": 98.14074074074077,
          "min": 0.0,
          "max": 112.2
        },
        "system_ram_used_mib": {
          "mean": 22848.44024884259,
          "min": 22776.58203125,
          "max": 22908.2421875
        },
        "system_ram_percent": {
          "mean": 73.81481481481482,
          "min": 73.6,
          "max": 74.0
        },
        "process_rss_mib": {
          "mean": 5097.411747685185,
          "min": 4940.0390625,
          "max": 5126.0078125
        },
        "torch_allocated_mib": {
          "mean": 4597.174678096065,
          "min": 3793.7431640625,
          "max": 6201.3681640625
        },
        "torch_reserved_mib": {
          "mean": 9192.962962962964,
          "min": 7060.0,
          "max": 10398.0
        }
      }
    }
  ]
}
